../Core/Src/Utilities/my_lcd.c:8:6:fillScreenColor	16	static
../Core/Src/Utilities/my_lcd.c:13:6:clearScreenArea	24	static
../Core/Src/Utilities/my_lcd.c:19:6:setRotation	16	static
../Core/Src/Utilities/my_lcd.c:24:6:drawText	24	static
../Core/Src/Utilities/my_lcd.c:29:6:drawTextAtPoint	24	static
../Core/Src/Utilities/my_lcd.c:34:6:drawTextWithColor	24	static
../Core/Src/Utilities/my_lcd.c:40:6:drawTextWithColorAtPoint	32	static
../Core/Src/Utilities/my_lcd.c:46:6:drawPixel	16	static
../Core/Src/Utilities/my_lcd.c:51:6:drawPixelByPoint	16	static
../Core/Src/Utilities/my_lcd.c:57:6:drawHollowRectangle	32	static
../Core/Src/Utilities/my_lcd.c:62:6:drawHollowRectangleAtCoord	40	static
../Core/Src/Utilities/my_lcd.c:67:6:drawFilledRectangle	32	static
../Core/Src/Utilities/my_lcd.c:72:6:drawFilledRectangleAtCoord	40	static
../Core/Src/Utilities/my_lcd.c:77:6:drawHorizontalLine	24	static
../Core/Src/Utilities/my_lcd.c:82:6:drawHorizontalLineAtPoint	16	static
../Core/Src/Utilities/my_lcd.c:87:6:drawVerticallLine	24	static
../Core/Src/Utilities/my_lcd.c:92:6:drawVerticalLineAtPoint	16	static
../Core/Src/Utilities/my_lcd.c:97:6:drawHollowCircle	24	static
../Core/Src/Utilities/my_lcd.c:102:6:drawHollowCircleAtCoord	24	static
../Core/Src/Utilities/my_lcd.c:107:6:drawFilledCircle	24	static
../Core/Src/Utilities/my_lcd.c:112:6:drawFilledCircleAtCoord	24	static
../Core/Src/Utilities/my_lcd.c:117:6:drawImage	16	static
../Core/Src/Utilities/my_lcd.c:122:6:drawImageAtPoint	552	static
../Core/Src/Utilities/my_lcd.c:162:11:getImageArea	32	static
../Core/Src/Utilities/my_lcd.c:174:10:getCircleEdgeX	16	static
../Core/Src/Utilities/my_lcd.c:179:10:getCircleEdgeY	16	static
../Core/Src/Utilities/my_lcd.c:184:10:getCircleEdgeXNegative	16	static
../Core/Src/Utilities/my_lcd.c:189:10:getCircleEdgeYNegative	16	static
