../Core/Src/Utilities/my_lcd.c:7:6:fillScreenColor	16	static
../Core/Src/Utilities/my_lcd.c:12:6:clearScreenArea	24	static
../Core/Src/Utilities/my_lcd.c:18:6:setRotation	16	static
../Core/Src/Utilities/my_lcd.c:23:6:drawText	24	static
../Core/Src/Utilities/my_lcd.c:28:6:drawTextByPoint	24	static
../Core/Src/Utilities/my_lcd.c:33:6:drawPixel	16	static
../Core/Src/Utilities/my_lcd.c:38:6:drawPixelByPoint	16	static
../Core/Src/Utilities/my_lcd.c:44:6:drawHollowRectangle	32	static
../Core/Src/Utilities/my_lcd.c:49:6:drawHollowRectangleByCoord	40	static
../Core/Src/Utilities/my_lcd.c:54:6:drawFilledRectangle	32	static
../Core/Src/Utilities/my_lcd.c:59:6:drawFilledRectangleByCoord	40	static
../Core/Src/Utilities/my_lcd.c:64:6:drawHorizontalLine	24	static
../Core/Src/Utilities/my_lcd.c:69:6:drawHorizontalLineByPoint	16	static
../Core/Src/Utilities/my_lcd.c:74:6:drawVerticallLine	24	static
../Core/Src/Utilities/my_lcd.c:79:6:drawVerticalLineByPoint	16	static
../Core/Src/Utilities/my_lcd.c:84:6:drawHollowCircle	24	static
../Core/Src/Utilities/my_lcd.c:89:6:drawHollowCircleByCoord	24	static
../Core/Src/Utilities/my_lcd.c:94:6:drawFilledCircle	24	static
../Core/Src/Utilities/my_lcd.c:99:6:drawFilledCircleByCoord	24	static
../Core/Src/Utilities/my_lcd.c:104:6:drawImage	16	static
../Core/Src/Utilities/my_lcd.c:110:10:getCircleEdgeX	16	static
../Core/Src/Utilities/my_lcd.c:115:10:getCircleEdgeY	16	static
../Core/Src/Utilities/my_lcd.c:120:10:getCircleEdgeXNegative	16	static
../Core/Src/Utilities/my_lcd.c:126:10:getCircleEdgeYNegative	16	static
