../Core/Src/Utilities/my_lcd.c:7:6:fillScreenColor	16	static
../Core/Src/Utilities/my_lcd.c:12:6:setRotation	16	static
../Core/Src/Utilities/my_lcd.c:17:6:drawText	24	static
../Core/Src/Utilities/my_lcd.c:22:6:drawTextByPoint	24	static
../Core/Src/Utilities/my_lcd.c:27:6:drawPixel	16	static
../Core/Src/Utilities/my_lcd.c:32:6:drawPixelByPoint	16	static
../Core/Src/Utilities/my_lcd.c:38:6:drawHollowRectangle	32	static
../Core/Src/Utilities/my_lcd.c:43:6:drawHollowRectangleByCoord	40	static
../Core/Src/Utilities/my_lcd.c:48:6:drawFilledRectangle	32	static
../Core/Src/Utilities/my_lcd.c:53:6:drawFilledRectangleByCoord	40	static
../Core/Src/Utilities/my_lcd.c:58:6:drawHorizontalLine	24	static
../Core/Src/Utilities/my_lcd.c:63:6:drawHorizontalLineByPoint	16	static
../Core/Src/Utilities/my_lcd.c:68:6:drawVerticallLine	24	static
../Core/Src/Utilities/my_lcd.c:73:6:drawVerticalLineByPoint	16	static
../Core/Src/Utilities/my_lcd.c:78:6:drawHollowCircle	24	static
../Core/Src/Utilities/my_lcd.c:83:6:drawHollowCircleByCoord	24	static
../Core/Src/Utilities/my_lcd.c:88:6:drawFilledCircle	24	static
../Core/Src/Utilities/my_lcd.c:93:6:drawFilledCircleByCoord	24	static
../Core/Src/Utilities/my_lcd.c:98:6:drawImage	16	static
../Core/Src/Utilities/my_lcd.c:104:10:getCircleEdgeX	16	static
../Core/Src/Utilities/my_lcd.c:109:10:getCircleEdgeY	16	static
../Core/Src/Utilities/my_lcd.c:114:10:getCircleEdgeXNegative	16	static
../Core/Src/Utilities/my_lcd.c:120:10:getCircleEdgeYNegative	16	static
