../Core/Src/main.c:73:6:delay	16	static
../Core/Src/main.c:78:6:printOut	16	static
../Core/Src/main.c:84:6:printOutLine	16	static
../Core/Src/main.c:90:6:receiveUserInput	16	static
../Core/Src/main.c:109:6:sentMessage	16	static
../Core/Src/main.c:116:6:inputName	8	static
../Core/Src/main.c:128:6:checkCoUserIsReady	64	static
../Core/Src/main.c:136:6:checkQuitStatus	16	static
../Core/Src/main.c:146:6:userInputText	112	static
../Core/Src/main.c:154:6:showReceivedMessage	112	static
../Core/Src/main.c:161:6:HAL_UART_RxCpltCallback	16	static
../Core/Src/main.c:200:5:main	56	static
../Core/Src/main.c:271:6:SystemClock_Config	88	static
../Core/Src/main.c:310:6:blinkOn	24	static
../Core/Src/main.c:322:6:blinkOff	24	static
../Core/Src/main.c:339:6:Error_Handler	4	static,ignoring_inline_asm
