../Drivers/CMSIS/Include/core_cm7.h:2229:22:SCB_EnableICache	4	static,ignoring_inline_asm
../Drivers/CMSIS/Include/core_cm7.h:2281:22:SCB_EnableDCache	24	static,ignoring_inline_asm
../Core/Src/main.c:97:6:getTemperatureText	16	static
../Core/Src/main.c:101:6:getHumidityText	16	static
../Core/Src/main.c:105:10:convertColorToRgb565	32	static
../Core/Src/main.c:115:11:createColorBox	40	static
../Core/Src/main.c:130:11:createColorIntensityBar	32	static
../Core/Src/main.c:143:6:drawColorIntensityBar	32	static
../Core/Src/main.c:152:6:drawColorIntensityPercentageText	48	static
../Core/Src/main.c:167:6:drawHueCircle	24	static
../Core/Src/main.c:172:6:drawColorInfo	48	static
../Core/Src/main.c:180:6:drawRgbInfo	32	static
../Core/Src/main.c:188:9:isTouchWithinCircle	40	static
../Core/Src/main.c:204:9:isTouchWithinRectangle	24	static
../Core/Src/main.c:216:6:addColorIntensity	24	static
../Core/Src/main.c:229:6:drawTouchPosition	40	static
../Core/Src/main.c:236:6:checkTouchHueCircle	40	static
../Core/Src/main.c:286:6:startTimerInStudentInfoPage	8	static
../Core/Src/main.c:294:6:stopTimerInStudentInfoPage	8	static
../Core/Src/main.c:300:6:startTimerOnSensor	8	static
../Core/Src/main.c:305:6:stopTimerOnSensor	8	static
../Core/Src/main.c:310:6:drawColorInfoPage	64	static
../Core/Src/main.c:321:6:drawStudentInfoText	40	static
../Core/Src/main.c:338:6:drawStudentInfoPage	160	static
../Core/Src/main.c:396:6:drawTemperatureTextAtPoint	40	static
../Core/Src/main.c:406:6:drawHumidityTextAtPoint	40	static
../Core/Src/main.c:417:6:setLedBacklightIntensity	16	static
../Core/Src/main.c:423:6:HAL_ADC_ConvCpltCallback	16	static
../Core/Src/main.c:431:6:HAL_TIM_PeriodElapsedCallback	80	static
../Core/Src/main.c:472:5:main	296	static
../Core/Src/main.c:580:6:SystemClock_Config	88	static
../Core/Src/main.c:641:6:Error_Handler	4	static,ignoring_inline_asm
