../Drivers/CMSIS/Include/core_cm7.h:2229:22:SCB_EnableICache	4	static,ignoring_inline_asm
../Drivers/CMSIS/Include/core_cm7.h:2281:22:SCB_EnableDCache	24	static,ignoring_inline_asm
../Core/Src/main.c:85:6:getTemperature	16	static
../Core/Src/main.c:96:6:getTemperatureText	16	static
../Core/Src/main.c:100:6:getHumidity	16	static
../Core/Src/main.c:104:6:getHumidityText	16	static
../Core/Src/main.c:108:10:convertColorToRgb565	32	static
../Core/Src/main.c:118:11:createColorBox	40	static
../Core/Src/main.c:133:11:createColorIntensityBar	40	static
../Core/Src/main.c:146:6:drawColorIntensityBar	32	static
../Core/Src/main.c:155:6:drawColorIntensityPercentageText	48	static
../Core/Src/main.c:170:6:drawHueCircle	24	static
../Core/Src/main.c:175:6:drawColorInfo	48	static
../Core/Src/main.c:183:6:drawRgbInfo	32	static
../Core/Src/main.c:191:9:isTouchWithinCircle	40	static
../Core/Src/main.c:207:9:isTouchWithinRectangle	24	static
../Core/Src/main.c:219:6:addColorIntensity	24	static
../Core/Src/main.c:232:6:drawTouchPosition	40	static
../Core/Src/main.c:239:6:checkTouchHueCircle	40	static
../Core/Src/main.c:289:6:startTimerInStudentInfoPage	8	static
../Core/Src/main.c:297:6:stopTimerInStudentInfoPage	8	static
../Core/Src/main.c:303:6:startTimerOnSensor	8	static
../Core/Src/main.c:308:6:stopTimerOnSensor	8	static
../Core/Src/main.c:313:6:drawColorInfoPage	64	static
../Core/Src/main.c:324:6:drawStudentInfoText	64	static
../Core/Src/main.c:346:6:drawStudentInfoPage	80	static
../Core/Src/main.c:401:6:drawTemperatureTextAtPoint	40	static
../Core/Src/main.c:411:6:drawHumidityTextAtPoint	40	static
../Core/Src/main.c:422:6:setLedBacklightIntensity	16	static
../Core/Src/main.c:428:6:HAL_ADC_ConvCpltCallback	16	static
../Core/Src/main.c:436:6:HAL_TIM_PeriodElapsedCallback	24	static
../Core/Src/main.c:462:5:main	168	static
../Core/Src/main.c:577:6:SystemClock_Config	88	static
../Core/Src/main.c:638:6:Error_Handler	4	static,ignoring_inline_asm
