../Drivers/CMSIS/Include/core_cm7.h:2229:22:SCB_EnableICache	4	static,ignoring_inline_asm
../Drivers/CMSIS/Include/core_cm7.h:2281:22:SCB_EnableDCache	24	static,ignoring_inline_asm
../Core/Src/main.c:81:6:getTemperature	16	static
../Core/Src/main.c:85:6:getTemperatureString	16	static
../Core/Src/main.c:89:6:getHumidity	16	static
../Core/Src/main.c:93:6:getHumidityString	16	static
../Core/Src/main.c:97:6:drawHueCircle	24	static
../Core/Src/main.c:101:10:convertColorToRgb565	32	static
../Core/Src/main.c:111:11:createColorBox	40	static
../Core/Src/main.c:126:11:createColorIntensityBar	40	static
../Core/Src/main.c:139:6:drawRgbInfo	120	static
../Core/Src/main.c:188:9:isTouchWithinCircle	40	static
../Core/Src/main.c:202:6:addColorIntensity	24	static
../Core/Src/main.c:214:6:getTouchPosition	24	static
../Core/Src/main.c:232:6:checkTouchHueCircle	80	static
../Core/Src/main.c:281:6:drawColorInfoPage	4	static
../Core/Src/main.c:286:6:startTimer	8	static
../Core/Src/main.c:295:6:stopTimer	8	static
../Core/Src/main.c:301:6:drawStudentInfoPage	104	static
../Core/Src/main.c:358:6:HAL_ADC_ConvCpltCallback	16	static
../Core/Src/main.c:368:5:main	208	static
../Core/Src/main.c:470:6:SystemClock_Config	88	static
../Core/Src/main.c:531:6:Error_Handler	4	static,ignoring_inline_asm
