15:15:32 **** Incremental Build of configuration Debug for project MyExamTemplate ****
make -j8 all 
arm-none-eabi-gcc "C:/Users/sunsu/STM32Cube/Repository/STM32Cube_FW_F7_V1.17.1/Drivers/STM32F7xx_HAL_Driver/Src/stm32f7xx_hal.c" -mcpu=cortex-m7 -std=gnu11 -g3 -DDEBUG -DUSE_HAL_DRIVER -DSTM32F767xx -c -I../Core/Inc -IC:/Users/sunsu/STM32Cube/Repository/STM32Cube_FW_F7_V1.17.1/Drivers/STM32F7xx_HAL_Driver/Inc -IC:/Users/sunsu/STM32Cube/Repository/STM32Cube_FW_F7_V1.17.1/Drivers/STM32F7xx_HAL_Driver/Inc/Legacy -IC:/Users/sunsu/STM32Cube/Repository/STM32Cube_FW_F7_V1.17.1/Drivers/CMSIS/Device/ST/STM32F7xx/Include -IC:/Users/sunsu/STM32Cube/Repository/STM32Cube_FW_F7_V1.17.1/Drivers/CMSIS/Include -I"D:/A My Project/01 KMITL Project/KMITL-2023-S1-Microcontroller/MAD-LabExam/lib" -O0 -ffunction-sections -fdata-sections -Wall -fstack-usage -fcyclomatic-complexity -MMD -MP -MF"Drivers/STM32F7xx_HAL_Driver/stm32f7xx_hal.d" -MT"Drivers/STM32F7xx_HAL_Driver/stm32f7xx_hal.o" --specs=nano.specs -mfpu=fpv5-d16 -mfloat-abi=hard -mthumb -o "Drivers/STM32F7xx_HAL_Driver/stm32f7xx_hal.o"
arm-none-eabi-gcc "C:/Users/sunsu/STM32Cube/Repository/STM32Cube_FW_F7_V1.17.1/Drivers/STM32F7xx_HAL_Driver/Src/stm32f7xx_hal_cortex.c" -mcpu=cortex-m7 -std=gnu11 -g3 -DDEBUG -DUSE_HAL_DRIVER -DSTM32F767xx -c -I../Core/Inc -IC:/Users/sunsu/STM32Cube/Repository/STM32Cube_FW_F7_V1.17.1/Drivers/STM32F7xx_HAL_Driver/Inc -IC:/Users/sunsu/STM32Cube/Repository/STM32Cube_FW_F7_V1.17.1/Drivers/STM32F7xx_HAL_Driver/Inc/Legacy -IC:/Users/sunsu/STM32Cube/Repository/STM32Cube_FW_F7_V1.17.1/Drivers/CMSIS/Device/ST/STM32F7xx/Include -IC:/Users/sunsu/STM32Cube/Repository/STM32Cube_FW_F7_V1.17.1/Drivers/CMSIS/Include -I"D:/A My Project/01 KMITL Project/KMITL-2023-S1-Microcontroller/MAD-LabExam/lib" -O0 -ffunction-sections -fdata-sections -Wall -fstack-usage -fcyclomatic-complexity -MMD -MP -MF"Drivers/STM32F7xx_HAL_Driver/stm32f7xx_hal_cortex.d" -MT"Drivers/STM32F7xx_HAL_Driver/stm32f7xx_hal_cortex.o" --specs=nano.specs -mfpu=fpv5-d16 -mfloat-abi=hard -mthumb -o "Drivers/STM32F7xx_HAL_Driver/stm32f7xx_hal_cortex.o"
arm-none-eabi-gcc "C:/Users/sunsu/STM32Cube/Repository/STM32Cube_FW_F7_V1.17.1/Drivers/STM32F7xx_HAL_Driver/Src/stm32f7xx_hal_dma.c" -mcpu=cortex-m7 -std=gnu11 -g3 -DDEBUG -DUSE_HAL_DRIVER -DSTM32F767xx -c -I../Core/Inc -IC:/Users/sunsu/STM32Cube/Repository/STM32Cube_FW_F7_V1.17.1/Drivers/STM32F7xx_HAL_Driver/Inc -IC:/Users/sunsu/STM32Cube/Repository/STM32Cube_FW_F7_V1.17.1/Drivers/STM32F7xx_HAL_Driver/Inc/Legacy -IC:/Users/sunsu/STM32Cube/Repository/STM32Cube_FW_F7_V1.17.1/Drivers/CMSIS/Device/ST/STM32F7xx/Include -IC:/Users/sunsu/STM32Cube/Repository/STM32Cube_FW_F7_V1.17.1/Drivers/CMSIS/Include -I"D:/A My Project/01 KMITL Project/KMITL-2023-S1-Microcontroller/MAD-LabExam/lib" -O0 -ffunction-sections -fdata-sections -Wall -fstack-usage -fcyclomatic-complexity -MMD -MP -MF"Drivers/STM32F7xx_HAL_Driver/stm32f7xx_hal_dma.d" -MT"Drivers/STM32F7xx_HAL_Driver/stm32f7xx_hal_dma.o" --specs=nano.specs -mfpu=fpv5-d16 -mfloat-abi=hard -mthumb -o "Drivers/STM32F7xx_HAL_Driver/stm32f7xx_hal_dma.o"
arm-none-eabi-gcc "C:/Users/sunsu/STM32Cube/Repository/STM32Cube_FW_F7_V1.17.1/Drivers/STM32F7xx_HAL_Driver/Src/stm32f7xx_hal_dma_ex.c" -mcpu=cortex-m7 -std=gnu11 -g3 -DDEBUG -DUSE_HAL_DRIVER -DSTM32F767xx -c -I../Core/Inc -IC:/Users/sunsu/STM32Cube/Repository/STM32Cube_FW_F7_V1.17.1/Drivers/STM32F7xx_HAL_Driver/Inc -IC:/Users/sunsu/STM32Cube/Repository/STM32Cube_FW_F7_V1.17.1/Drivers/STM32F7xx_HAL_Driver/Inc/Legacy -IC:/Users/sunsu/STM32Cube/Repository/STM32Cube_FW_F7_V1.17.1/Drivers/CMSIS/Device/ST/STM32F7xx/Include -IC:/Users/sunsu/STM32Cube/Repository/STM32Cube_FW_F7_V1.17.1/Drivers/CMSIS/Include -I"D:/A My Project/01 KMITL Project/KMITL-2023-S1-Microcontroller/MAD-LabExam/lib" -O0 -ffunction-sections -fdata-sections -Wall -fstack-usage -fcyclomatic-complexity -MMD -MP -MF"Drivers/STM32F7xx_HAL_Driver/stm32f7xx_hal_dma_ex.d" -MT"Drivers/STM32F7xx_HAL_Driver/stm32f7xx_hal_dma_ex.o" --specs=nano.specs -mfpu=fpv5-d16 -mfloat-abi=hard -mthumb -o "Drivers/STM32F7xx_HAL_Driver/stm32f7xx_hal_dma_ex.o"
arm-none-eabi-gcc "C:/Users/sunsu/STM32Cube/Repository/STM32Cube_FW_F7_V1.17.1/Drivers/STM32F7xx_HAL_Driver/Src/stm32f7xx_hal_exti.c" -mcpu=cortex-m7 -std=gnu11 -g3 -DDEBUG -DUSE_HAL_DRIVER -DSTM32F767xx -c -I../Core/Inc -IC:/Users/sunsu/STM32Cube/Repository/STM32Cube_FW_F7_V1.17.1/Drivers/STM32F7xx_HAL_Driver/Inc -IC:/Users/sunsu/STM32Cube/Repository/STM32Cube_FW_F7_V1.17.1/Drivers/STM32F7xx_HAL_Driver/Inc/Legacy -IC:/Users/sunsu/STM32Cube/Repository/STM32Cube_FW_F7_V1.17.1/Drivers/CMSIS/Device/ST/STM32F7xx/Include -IC:/Users/sunsu/STM32Cube/Repository/STM32Cube_FW_F7_V1.17.1/Drivers/CMSIS/Include -I"D:/A My Project/01 KMITL Project/KMITL-2023-S1-Microcontroller/MAD-LabExam/lib" -O0 -ffunction-sections -fdata-sections -Wall -fstack-usage -fcyclomatic-complexity -MMD -MP -MF"Drivers/STM32F7xx_HAL_Driver/stm32f7xx_hal_exti.d" -MT"Drivers/STM32F7xx_HAL_Driver/stm32f7xx_hal_exti.o" --specs=nano.specs -mfpu=fpv5-d16 -mfloat-abi=hard -mthumb -o "Drivers/STM32F7xx_HAL_Driver/stm32f7xx_hal_exti.o"
arm-none-eabi-gcc "C:/Users/sunsu/STM32Cube/Repository/STM32Cube_FW_F7_V1.17.1/Drivers/STM32F7xx_HAL_Driver/Src/stm32f7xx_hal_flash.c" -mcpu=cortex-m7 -std=gnu11 -g3 -DDEBUG -DUSE_HAL_DRIVER -DSTM32F767xx -c -I../Core/Inc -IC:/Users/sunsu/STM32Cube/Repository/STM32Cube_FW_F7_V1.17.1/Drivers/STM32F7xx_HAL_Driver/Inc -IC:/Users/sunsu/STM32Cube/Repository/STM32Cube_FW_F7_V1.17.1/Drivers/STM32F7xx_HAL_Driver/Inc/Legacy -IC:/Users/sunsu/STM32Cube/Repository/STM32Cube_FW_F7_V1.17.1/Drivers/CMSIS/Device/ST/STM32F7xx/Include -IC:/Users/sunsu/STM32Cube/Repository/STM32Cube_FW_F7_V1.17.1/Drivers/CMSIS/Include -I"D:/A My Project/01 KMITL Project/KMITL-2023-S1-Microcontroller/MAD-LabExam/lib" -O0 -ffunction-sections -fdata-sections -Wall -fstack-usage -fcyclomatic-complexity -MMD -MP -MF"Drivers/STM32F7xx_HAL_Driver/stm32f7xx_hal_flash.d" -MT"Drivers/STM32F7xx_HAL_Driver/stm32f7xx_hal_flash.o" --specs=nano.specs -mfpu=fpv5-d16 -mfloat-abi=hard -mthumb -o "Drivers/STM32F7xx_HAL_Driver/stm32f7xx_hal_flash.o"
arm-none-eabi-gcc "C:/Users/sunsu/STM32Cube/Repository/STM32Cube_FW_F7_V1.17.1/Drivers/STM32F7xx_HAL_Driver/Src/stm32f7xx_hal_flash_ex.c" -mcpu=cortex-m7 -std=gnu11 -g3 -DDEBUG -DUSE_HAL_DRIVER -DSTM32F767xx -c -I../Core/Inc -IC:/Users/sunsu/STM32Cube/Repository/STM32Cube_FW_F7_V1.17.1/Drivers/STM32F7xx_HAL_Driver/Inc -IC:/Users/sunsu/STM32Cube/Repository/STM32Cube_FW_F7_V1.17.1/Drivers/STM32F7xx_HAL_Driver/Inc/Legacy -IC:/Users/sunsu/STM32Cube/Repository/STM32Cube_FW_F7_V1.17.1/Drivers/CMSIS/Device/ST/STM32F7xx/Include -IC:/Users/sunsu/STM32Cube/Repository/STM32Cube_FW_F7_V1.17.1/Drivers/CMSIS/Include -I"D:/A My Project/01 KMITL Project/KMITL-2023-S1-Microcontroller/MAD-LabExam/lib" -O0 -ffunction-sections -fdata-sections -Wall -fstack-usage -fcyclomatic-complexity -MMD -MP -MF"Drivers/STM32F7xx_HAL_Driver/stm32f7xx_hal_flash_ex.d" -MT"Drivers/STM32F7xx_HAL_Driver/stm32f7xx_hal_flash_ex.o" --specs=nano.specs -mfpu=fpv5-d16 -mfloat-abi=hard -mthumb -o "Drivers/STM32F7xx_HAL_Driver/stm32f7xx_hal_flash_ex.o"
arm-none-eabi-gcc "C:/Users/sunsu/STM32Cube/Repository/STM32Cube_FW_F7_V1.17.1/Drivers/STM32F7xx_HAL_Driver/Src/stm32f7xx_hal_gpio.c" -mcpu=cortex-m7 -std=gnu11 -g3 -DDEBUG -DUSE_HAL_DRIVER -DSTM32F767xx -c -I../Core/Inc -IC:/Users/sunsu/STM32Cube/Repository/STM32Cube_FW_F7_V1.17.1/Drivers/STM32F7xx_HAL_Driver/Inc -IC:/Users/sunsu/STM32Cube/Repository/STM32Cube_FW_F7_V1.17.1/Drivers/STM32F7xx_HAL_Driver/Inc/Legacy -IC:/Users/sunsu/STM32Cube/Repository/STM32Cube_FW_F7_V1.17.1/Drivers/CMSIS/Device/ST/STM32F7xx/Include -IC:/Users/sunsu/STM32Cube/Repository/STM32Cube_FW_F7_V1.17.1/Drivers/CMSIS/Include -I"D:/A My Project/01 KMITL Project/KMITL-2023-S1-Microcontroller/MAD-LabExam/lib" -O0 -ffunction-sections -fdata-sections -Wall -fstack-usage -fcyclomatic-complexity -MMD -MP -MF"Drivers/STM32F7xx_HAL_Driver/stm32f7xx_hal_gpio.d" -MT"Drivers/STM32F7xx_HAL_Driver/stm32f7xx_hal_gpio.o" --specs=nano.specs -mfpu=fpv5-d16 -mfloat-abi=hard -mthumb -o "Drivers/STM32F7xx_HAL_Driver/stm32f7xx_hal_gpio.o"
arm-none-eabi-gcc "C:/Users/sunsu/STM32Cube/Repository/STM32Cube_FW_F7_V1.17.1/Drivers/STM32F7xx_HAL_Driver/Src/stm32f7xx_hal_i2c.c" -mcpu=cortex-m7 -std=gnu11 -g3 -DDEBUG -DUSE_HAL_DRIVER -DSTM32F767xx -c -I../Core/Inc -IC:/Users/sunsu/STM32Cube/Repository/STM32Cube_FW_F7_V1.17.1/Drivers/STM32F7xx_HAL_Driver/Inc -IC:/Users/sunsu/STM32Cube/Repository/STM32Cube_FW_F7_V1.17.1/Drivers/STM32F7xx_HAL_Driver/Inc/Legacy -IC:/Users/sunsu/STM32Cube/Repository/STM32Cube_FW_F7_V1.17.1/Drivers/CMSIS/Device/ST/STM32F7xx/Include -IC:/Users/sunsu/STM32Cube/Repository/STM32Cube_FW_F7_V1.17.1/Drivers/CMSIS/Include -I"D:/A My Project/01 KMITL Project/KMITL-2023-S1-Microcontroller/MAD-LabExam/lib" -O0 -ffunction-sections -fdata-sections -Wall -fstack-usage -fcyclomatic-complexity -MMD -MP -MF"Drivers/STM32F7xx_HAL_Driver/stm32f7xx_hal_i2c.d" -MT"Drivers/STM32F7xx_HAL_Driver/stm32f7xx_hal_i2c.o" --specs=nano.specs -mfpu=fpv5-d16 -mfloat-abi=hard -mthumb -o "Drivers/STM32F7xx_HAL_Driver/stm32f7xx_hal_i2c.o"
arm-none-eabi-gcc "C:/Users/sunsu/STM32Cube/Repository/STM32Cube_FW_F7_V1.17.1/Drivers/STM32F7xx_HAL_Driver/Src/stm32f7xx_hal_i2c_ex.c" -mcpu=cortex-m7 -std=gnu11 -g3 -DDEBUG -DUSE_HAL_DRIVER -DSTM32F767xx -c -I../Core/Inc -IC:/Users/sunsu/STM32Cube/Repository/STM32Cube_FW_F7_V1.17.1/Drivers/STM32F7xx_HAL_Driver/Inc -IC:/Users/sunsu/STM32Cube/Repository/STM32Cube_FW_F7_V1.17.1/Drivers/STM32F7xx_HAL_Driver/Inc/Legacy -IC:/Users/sunsu/STM32Cube/Repository/STM32Cube_FW_F7_V1.17.1/Drivers/CMSIS/Device/ST/STM32F7xx/Include -IC:/Users/sunsu/STM32Cube/Repository/STM32Cube_FW_F7_V1.17.1/Drivers/CMSIS/Include -I"D:/A My Project/01 KMITL Project/KMITL-2023-S1-Microcontroller/MAD-LabExam/lib" -O0 -ffunction-sections -fdata-sections -Wall -fstack-usage -fcyclomatic-complexity -MMD -MP -MF"Drivers/STM32F7xx_HAL_Driver/stm32f7xx_hal_i2c_ex.d" -MT"Drivers/STM32F7xx_HAL_Driver/stm32f7xx_hal_i2c_ex.o" --specs=nano.specs -mfpu=fpv5-d16 -mfloat-abi=hard -mthumb -o "Drivers/STM32F7xx_HAL_Driver/stm32f7xx_hal_i2c_ex.o"
arm-none-eabi-gcc "C:/Users/sunsu/STM32Cube/Repository/STM32Cube_FW_F7_V1.17.1/Drivers/STM32F7xx_HAL_Driver/Src/stm32f7xx_hal_pcd.c" -mcpu=cortex-m7 -std=gnu11 -g3 -DDEBUG -DUSE_HAL_DRIVER -DSTM32F767xx -c -I../Core/Inc -IC:/Users/sunsu/STM32Cube/Repository/STM32Cube_FW_F7_V1.17.1/Drivers/STM32F7xx_HAL_Driver/Inc -IC:/Users/sunsu/STM32Cube/Repository/STM32Cube_FW_F7_V1.17.1/Drivers/STM32F7xx_HAL_Driver/Inc/Legacy -IC:/Users/sunsu/STM32Cube/Repository/STM32Cube_FW_F7_V1.17.1/Drivers/CMSIS/Device/ST/STM32F7xx/Include -IC:/Users/sunsu/STM32Cube/Repository/STM32Cube_FW_F7_V1.17.1/Drivers/CMSIS/Include -I"D:/A My Project/01 KMITL Project/KMITL-2023-S1-Microcontroller/MAD-LabExam/lib" -O0 -ffunction-sections -fdata-sections -Wall -fstack-usage -fcyclomatic-complexity -MMD -MP -MF"Drivers/STM32F7xx_HAL_Driver/stm32f7xx_hal_pcd.d" -MT"Drivers/STM32F7xx_HAL_Driver/stm32f7xx_hal_pcd.o" --specs=nano.specs -mfpu=fpv5-d16 -mfloat-abi=hard -mthumb -o "Drivers/STM32F7xx_HAL_Driver/stm32f7xx_hal_pcd.o"
arm-none-eabi-gcc "C:/Users/sunsu/STM32Cube/Repository/STM32Cube_FW_F7_V1.17.1/Drivers/STM32F7xx_HAL_Driver/Src/stm32f7xx_hal_pcd_ex.c" -mcpu=cortex-m7 -std=gnu11 -g3 -DDEBUG -DUSE_HAL_DRIVER -DSTM32F767xx -c -I../Core/Inc -IC:/Users/sunsu/STM32Cube/Repository/STM32Cube_FW_F7_V1.17.1/Drivers/STM32F7xx_HAL_Driver/Inc -IC:/Users/sunsu/STM32Cube/Repository/STM32Cube_FW_F7_V1.17.1/Drivers/STM32F7xx_HAL_Driver/Inc/Legacy -IC:/Users/sunsu/STM32Cube/Repository/STM32Cube_FW_F7_V1.17.1/Drivers/CMSIS/Device/ST/STM32F7xx/Include -IC:/Users/sunsu/STM32Cube/Repository/STM32Cube_FW_F7_V1.17.1/Drivers/CMSIS/Include -I"D:/A My Project/01 KMITL Project/KMITL-2023-S1-Microcontroller/MAD-LabExam/lib" -O0 -ffunction-sections -fdata-sections -Wall -fstack-usage -fcyclomatic-complexity -MMD -MP -MF"Drivers/STM32F7xx_HAL_Driver/stm32f7xx_hal_pcd_ex.d" -MT"Drivers/STM32F7xx_HAL_Driver/stm32f7xx_hal_pcd_ex.o" --specs=nano.specs -mfpu=fpv5-d16 -mfloat-abi=hard -mthumb -o "Drivers/STM32F7xx_HAL_Driver/stm32f7xx_hal_pcd_ex.o"
arm-none-eabi-gcc "C:/Users/sunsu/STM32Cube/Repository/STM32Cube_FW_F7_V1.17.1/Drivers/STM32F7xx_HAL_Driver/Src/stm32f7xx_hal_pwr.c" -mcpu=cortex-m7 -std=gnu11 -g3 -DDEBUG -DUSE_HAL_DRIVER -DSTM32F767xx -c -I../Core/Inc -IC:/Users/sunsu/STM32Cube/Repository/STM32Cube_FW_F7_V1.17.1/Drivers/STM32F7xx_HAL_Driver/Inc -IC:/Users/sunsu/STM32Cube/Repository/STM32Cube_FW_F7_V1.17.1/Drivers/STM32F7xx_HAL_Driver/Inc/Legacy -IC:/Users/sunsu/STM32Cube/Repository/STM32Cube_FW_F7_V1.17.1/Drivers/CMSIS/Device/ST/STM32F7xx/Include -IC:/Users/sunsu/STM32Cube/Repository/STM32Cube_FW_F7_V1.17.1/Drivers/CMSIS/Include -I"D:/A My Project/01 KMITL Project/KMITL-2023-S1-Microcontroller/MAD-LabExam/lib" -O0 -ffunction-sections -fdata-sections -Wall -fstack-usage -fcyclomatic-complexity -MMD -MP -MF"Drivers/STM32F7xx_HAL_Driver/stm32f7xx_hal_pwr.d" -MT"Drivers/STM32F7xx_HAL_Driver/stm32f7xx_hal_pwr.o" --specs=nano.specs -mfpu=fpv5-d16 -mfloat-abi=hard -mthumb -o "Drivers/STM32F7xx_HAL_Driver/stm32f7xx_hal_pwr.o"
arm-none-eabi-gcc "C:/Users/sunsu/STM32Cube/Repository/STM32Cube_FW_F7_V1.17.1/Drivers/STM32F7xx_HAL_Driver/Src/stm32f7xx_hal_pwr_ex.c" -mcpu=cortex-m7 -std=gnu11 -g3 -DDEBUG -DUSE_HAL_DRIVER -DSTM32F767xx -c -I../Core/Inc -IC:/Users/sunsu/STM32Cube/Repository/STM32Cube_FW_F7_V1.17.1/Drivers/STM32F7xx_HAL_Driver/Inc -IC:/Users/sunsu/STM32Cube/Repository/STM32Cube_FW_F7_V1.17.1/Drivers/STM32F7xx_HAL_Driver/Inc/Legacy -IC:/Users/sunsu/STM32Cube/Repository/STM32Cube_FW_F7_V1.17.1/Drivers/CMSIS/Device/ST/STM32F7xx/Include -IC:/Users/sunsu/STM32Cube/Repository/STM32Cube_FW_F7_V1.17.1/Drivers/CMSIS/Include -I"D:/A My Project/01 KMITL Project/KMITL-2023-S1-Microcontroller/MAD-LabExam/lib" -O0 -ffunction-sections -fdata-sections -Wall -fstack-usage -fcyclomatic-complexity -MMD -MP -MF"Drivers/STM32F7xx_HAL_Driver/stm32f7xx_hal_pwr_ex.d" -MT"Drivers/STM32F7xx_HAL_Driver/stm32f7xx_hal_pwr_ex.o" --specs=nano.specs -mfpu=fpv5-d16 -mfloat-abi=hard -mthumb -o "Drivers/STM32F7xx_HAL_Driver/stm32f7xx_hal_pwr_ex.o"
arm-none-eabi-gcc "C:/Users/sunsu/STM32Cube/Repository/STM32Cube_FW_F7_V1.17.1/Drivers/STM32F7xx_HAL_Driver/Src/stm32f7xx_hal_rcc.c" -mcpu=cortex-m7 -std=gnu11 -g3 -DDEBUG -DUSE_HAL_DRIVER -DSTM32F767xx -c -I../Core/Inc -IC:/Users/sunsu/STM32Cube/Repository/STM32Cube_FW_F7_V1.17.1/Drivers/STM32F7xx_HAL_Driver/Inc -IC:/Users/sunsu/STM32Cube/Repository/STM32Cube_FW_F7_V1.17.1/Drivers/STM32F7xx_HAL_Driver/Inc/Legacy -IC:/Users/sunsu/STM32Cube/Repository/STM32Cube_FW_F7_V1.17.1/Drivers/CMSIS/Device/ST/STM32F7xx/Include -IC:/Users/sunsu/STM32Cube/Repository/STM32Cube_FW_F7_V1.17.1/Drivers/CMSIS/Include -I"D:/A My Project/01 KMITL Project/KMITL-2023-S1-Microcontroller/MAD-LabExam/lib" -O0 -ffunction-sections -fdata-sections -Wall -fstack-usage -fcyclomatic-complexity -MMD -MP -MF"Drivers/STM32F7xx_HAL_Driver/stm32f7xx_hal_rcc.d" -MT"Drivers/STM32F7xx_HAL_Driver/stm32f7xx_hal_rcc.o" --specs=nano.specs -mfpu=fpv5-d16 -mfloat-abi=hard -mthumb -o "Drivers/STM32F7xx_HAL_Driver/stm32f7xx_hal_rcc.o"
arm-none-eabi-gcc "C:/Users/sunsu/STM32Cube/Repository/STM32Cube_FW_F7_V1.17.1/Drivers/STM32F7xx_HAL_Driver/Src/stm32f7xx_hal_rcc_ex.c" -mcpu=cortex-m7 -std=gnu11 -g3 -DDEBUG -DUSE_HAL_DRIVER -DSTM32F767xx -c -I../Core/Inc -IC:/Users/sunsu/STM32Cube/Repository/STM32Cube_FW_F7_V1.17.1/Drivers/STM32F7xx_HAL_Driver/Inc -IC:/Users/sunsu/STM32Cube/Repository/STM32Cube_FW_F7_V1.17.1/Drivers/STM32F7xx_HAL_Driver/Inc/Legacy -IC:/Users/sunsu/STM32Cube/Repository/STM32Cube_FW_F7_V1.17.1/Drivers/CMSIS/Device/ST/STM32F7xx/Include -IC:/Users/sunsu/STM32Cube/Repository/STM32Cube_FW_F7_V1.17.1/Drivers/CMSIS/Include -I"D:/A My Project/01 KMITL Project/KMITL-2023-S1-Microcontroller/MAD-LabExam/lib" -O0 -ffunction-sections -fdata-sections -Wall -fstack-usage -fcyclomatic-complexity -MMD -MP -MF"Drivers/STM32F7xx_HAL_Driver/stm32f7xx_hal_rcc_ex.d" -MT"Drivers/STM32F7xx_HAL_Driver/stm32f7xx_hal_rcc_ex.o" --specs=nano.specs -mfpu=fpv5-d16 -mfloat-abi=hard -mthumb -o "Drivers/STM32F7xx_HAL_Driver/stm32f7xx_hal_rcc_ex.o"
arm-none-eabi-gcc "C:/Users/sunsu/STM32Cube/Repository/STM32Cube_FW_F7_V1.17.1/Drivers/STM32F7xx_HAL_Driver/Src/stm32f7xx_hal_tim.c" -mcpu=cortex-m7 -std=gnu11 -g3 -DDEBUG -DUSE_HAL_DRIVER -DSTM32F767xx -c -I../Core/Inc -IC:/Users/sunsu/STM32Cube/Repository/STM32Cube_FW_F7_V1.17.1/Drivers/STM32F7xx_HAL_Driver/Inc -IC:/Users/sunsu/STM32Cube/Repository/STM32Cube_FW_F7_V1.17.1/Drivers/STM32F7xx_HAL_Driver/Inc/Legacy -IC:/Users/sunsu/STM32Cube/Repository/STM32Cube_FW_F7_V1.17.1/Drivers/CMSIS/Device/ST/STM32F7xx/Include -IC:/Users/sunsu/STM32Cube/Repository/STM32Cube_FW_F7_V1.17.1/Drivers/CMSIS/Include -I"D:/A My Project/01 KMITL Project/KMITL-2023-S1-Microcontroller/MAD-LabExam/lib" -O0 -ffunction-sections -fdata-sections -Wall -fstack-usage -fcyclomatic-complexity -MMD -MP -MF"Drivers/STM32F7xx_HAL_Driver/stm32f7xx_hal_tim.d" -MT"Drivers/STM32F7xx_HAL_Driver/stm32f7xx_hal_tim.o" --specs=nano.specs -mfpu=fpv5-d16 -mfloat-abi=hard -mthumb -o "Drivers/STM32F7xx_HAL_Driver/stm32f7xx_hal_tim.o"
arm-none-eabi-gcc "C:/Users/sunsu/STM32Cube/Repository/STM32Cube_FW_F7_V1.17.1/Drivers/STM32F7xx_HAL_Driver/Src/stm32f7xx_hal_tim_ex.c" -mcpu=cortex-m7 -std=gnu11 -g3 -DDEBUG -DUSE_HAL_DRIVER -DSTM32F767xx -c -I../Core/Inc -IC:/Users/sunsu/STM32Cube/Repository/STM32Cube_FW_F7_V1.17.1/Drivers/STM32F7xx_HAL_Driver/Inc -IC:/Users/sunsu/STM32Cube/Repository/STM32Cube_FW_F7_V1.17.1/Drivers/STM32F7xx_HAL_Driver/Inc/Legacy -IC:/Users/sunsu/STM32Cube/Repository/STM32Cube_FW_F7_V1.17.1/Drivers/CMSIS/Device/ST/STM32F7xx/Include -IC:/Users/sunsu/STM32Cube/Repository/STM32Cube_FW_F7_V1.17.1/Drivers/CMSIS/Include -I"D:/A My Project/01 KMITL Project/KMITL-2023-S1-Microcontroller/MAD-LabExam/lib" -O0 -ffunction-sections -fdata-sections -Wall -fstack-usage -fcyclomatic-complexity -MMD -MP -MF"Drivers/STM32F7xx_HAL_Driver/stm32f7xx_hal_tim_ex.d" -MT"Drivers/STM32F7xx_HAL_Driver/stm32f7xx_hal_tim_ex.o" --specs=nano.specs -mfpu=fpv5-d16 -mfloat-abi=hard -mthumb -o "Drivers/STM32F7xx_HAL_Driver/stm32f7xx_hal_tim_ex.o"
arm-none-eabi-gcc "C:/Users/sunsu/STM32Cube/Repository/STM32Cube_FW_F7_V1.17.1/Drivers/STM32F7xx_HAL_Driver/Src/stm32f7xx_hal_uart.c" -mcpu=cortex-m7 -std=gnu11 -g3 -DDEBUG -DUSE_HAL_DRIVER -DSTM32F767xx -c -I../Core/Inc -IC:/Users/sunsu/STM32Cube/Repository/STM32Cube_FW_F7_V1.17.1/Drivers/STM32F7xx_HAL_Driver/Inc -IC:/Users/sunsu/STM32Cube/Repository/STM32Cube_FW_F7_V1.17.1/Drivers/STM32F7xx_HAL_Driver/Inc/Legacy -IC:/Users/sunsu/STM32Cube/Repository/STM32Cube_FW_F7_V1.17.1/Drivers/CMSIS/Device/ST/STM32F7xx/Include -IC:/Users/sunsu/STM32Cube/Repository/STM32Cube_FW_F7_V1.17.1/Drivers/CMSIS/Include -I"D:/A My Project/01 KMITL Project/KMITL-2023-S1-Microcontroller/MAD-LabExam/lib" -O0 -ffunction-sections -fdata-sections -Wall -fstack-usage -fcyclomatic-complexity -MMD -MP -MF"Drivers/STM32F7xx_HAL_Driver/stm32f7xx_hal_uart.d" -MT"Drivers/STM32F7xx_HAL_Driver/stm32f7xx_hal_uart.o" --specs=nano.specs -mfpu=fpv5-d16 -mfloat-abi=hard -mthumb -o "Drivers/STM32F7xx_HAL_Driver/stm32f7xx_hal_uart.o"
arm-none-eabi-gcc "C:/Users/sunsu/STM32Cube/Repository/STM32Cube_FW_F7_V1.17.1/Drivers/STM32F7xx_HAL_Driver/Src/stm32f7xx_hal_uart_ex.c" -mcpu=cortex-m7 -std=gnu11 -g3 -DDEBUG -DUSE_HAL_DRIVER -DSTM32F767xx -c -I../Core/Inc -IC:/Users/sunsu/STM32Cube/Repository/STM32Cube_FW_F7_V1.17.1/Drivers/STM32F7xx_HAL_Driver/Inc -IC:/Users/sunsu/STM32Cube/Repository/STM32Cube_FW_F7_V1.17.1/Drivers/STM32F7xx_HAL_Driver/Inc/Legacy -IC:/Users/sunsu/STM32Cube/Repository/STM32Cube_FW_F7_V1.17.1/Drivers/CMSIS/Device/ST/STM32F7xx/Include -IC:/Users/sunsu/STM32Cube/Repository/STM32Cube_FW_F7_V1.17.1/Drivers/CMSIS/Include -I"D:/A My Project/01 KMITL Project/KMITL-2023-S1-Microcontroller/MAD-LabExam/lib" -O0 -ffunction-sections -fdata-sections -Wall -fstack-usage -fcyclomatic-complexity -MMD -MP -MF"Drivers/STM32F7xx_HAL_Driver/stm32f7xx_hal_uart_ex.d" -MT"Drivers/STM32F7xx_HAL_Driver/stm32f7xx_hal_uart_ex.o" --specs=nano.specs -mfpu=fpv5-d16 -mfloat-abi=hard -mthumb -o "Drivers/STM32F7xx_HAL_Driver/stm32f7xx_hal_uart_ex.o"
arm-none-eabi-gcc "C:/Users/sunsu/STM32Cube/Repository/STM32Cube_FW_F7_V1.17.1/Drivers/STM32F7xx_HAL_Driver/Src/stm32f7xx_ll_usb.c" -mcpu=cortex-m7 -std=gnu11 -g3 -DDEBUG -DUSE_HAL_DRIVER -DSTM32F767xx -c -I../Core/Inc -IC:/Users/sunsu/STM32Cube/Repository/STM32Cube_FW_F7_V1.17.1/Drivers/STM32F7xx_HAL_Driver/Inc -IC:/Users/sunsu/STM32Cube/Repository/STM32Cube_FW_F7_V1.17.1/Drivers/STM32F7xx_HAL_Driver/Inc/Legacy -IC:/Users/sunsu/STM32Cube/Repository/STM32Cube_FW_F7_V1.17.1/Drivers/CMSIS/Device/ST/STM32F7xx/Include -IC:/Users/sunsu/STM32Cube/Repository/STM32Cube_FW_F7_V1.17.1/Drivers/CMSIS/Include -I"D:/A My Project/01 KMITL Project/KMITL-2023-S1-Microcontroller/MAD-LabExam/lib" -O0 -ffunction-sections -fdata-sections -Wall -fstack-usage -fcyclomatic-complexity -MMD -MP -MF"Drivers/STM32F7xx_HAL_Driver/stm32f7xx_ll_usb.d" -MT"Drivers/STM32F7xx_HAL_Driver/stm32f7xx_ll_usb.o" --specs=nano.specs -mfpu=fpv5-d16 -mfloat-abi=hard -mthumb -o "Drivers/STM32F7xx_HAL_Driver/stm32f7xx_ll_usb.o"
arm-none-eabi-gcc -mcpu=cortex-m7 -g3 -DDEBUG -c -I"D:/A My Project/01 KMITL Project/KMITL-2023-S1-Microcontroller/MAD-LabExam/MyExamTemplate/Drivers" -x assembler-with-cpp -MMD -MP -MF"Core/Startup/startup_stm32f767zitx.d" -MT"Core/Startup/startup_stm32f767zitx.o" --specs=nano.specs -mfpu=fpv5-d16 -mfloat-abi=hard -mthumb -o "Core/Startup/startup_stm32f767zitx.o" "../Core/Startup/startup_stm32f767zitx.s"
arm-none-eabi-gcc "../Core/Src/gpio.c" -mcpu=cortex-m7 -std=gnu11 -g3 -DDEBUG -DUSE_HAL_DRIVER -DSTM32F767xx -c -I../Core/Inc -IC:/Users/sunsu/STM32Cube/Repository/STM32Cube_FW_F7_V1.17.1/Drivers/STM32F7xx_HAL_Driver/Inc -IC:/Users/sunsu/STM32Cube/Repository/STM32Cube_FW_F7_V1.17.1/Drivers/STM32F7xx_HAL_Driver/Inc/Legacy -IC:/Users/sunsu/STM32Cube/Repository/STM32Cube_FW_F7_V1.17.1/Drivers/CMSIS/Device/ST/STM32F7xx/Include -IC:/Users/sunsu/STM32Cube/Repository/STM32Cube_FW_F7_V1.17.1/Drivers/CMSIS/Include -I"D:/A My Project/01 KMITL Project/KMITL-2023-S1-Microcontroller/MAD-LabExam/lib" -O0 -ffunction-sections -fdata-sections -Wall -fstack-usage -fcyclomatic-complexity -MMD -MP -MF"Core/Src/gpio.d" -MT"Core/Src/gpio.o" --specs=nano.specs -mfpu=fpv5-d16 -mfloat-abi=hard -mthumb -o "Core/Src/gpio.o"
arm-none-eabi-gcc "../Core/Src/main.c" -mcpu=cortex-m7 -std=gnu11 -g3 -DDEBUG -DUSE_HAL_DRIVER -DSTM32F767xx -c -I../Core/Inc -IC:/Users/sunsu/STM32Cube/Repository/STM32Cube_FW_F7_V1.17.1/Drivers/STM32F7xx_HAL_Driver/Inc -IC:/Users/sunsu/STM32Cube/Repository/STM32Cube_FW_F7_V1.17.1/Drivers/STM32F7xx_HAL_Driver/Inc/Legacy -IC:/Users/sunsu/STM32Cube/Repository/STM32Cube_FW_F7_V1.17.1/Drivers/CMSIS/Device/ST/STM32F7xx/Include -IC:/Users/sunsu/STM32Cube/Repository/STM32Cube_FW_F7_V1.17.1/Drivers/CMSIS/Include -I"D:/A My Project/01 KMITL Project/KMITL-2023-S1-Microcontroller/MAD-LabExam/lib" -O0 -ffunction-sections -fdata-sections -Wall -fstack-usage -fcyclomatic-complexity -MMD -MP -MF"Core/Src/main.d" -MT"Core/Src/main.o" --specs=nano.specs -mfpu=fpv5-d16 -mfloat-abi=hard -mthumb -o "Core/Src/main.o"
arm-none-eabi-gcc "../Core/Src/stm32f7xx_hal_msp.c" -mcpu=cortex-m7 -std=gnu11 -g3 -DDEBUG -DUSE_HAL_DRIVER -DSTM32F767xx -c -I../Core/Inc -IC:/Users/sunsu/STM32Cube/Repository/STM32Cube_FW_F7_V1.17.1/Drivers/STM32F7xx_HAL_Driver/Inc -IC:/Users/sunsu/STM32Cube/Repository/STM32Cube_FW_F7_V1.17.1/Drivers/STM32F7xx_HAL_Driver/Inc/Legacy -IC:/Users/sunsu/STM32Cube/Repository/STM32Cube_FW_F7_V1.17.1/Drivers/CMSIS/Device/ST/STM32F7xx/Include -IC:/Users/sunsu/STM32Cube/Repository/STM32Cube_FW_F7_V1.17.1/Drivers/CMSIS/Include -I"D:/A My Project/01 KMITL Project/KMITL-2023-S1-Microcontroller/MAD-LabExam/lib" -O0 -ffunction-sections -fdata-sections -Wall -fstack-usage -fcyclomatic-complexity -MMD -MP -MF"Core/Src/stm32f7xx_hal_msp.d" -MT"Core/Src/stm32f7xx_hal_msp.o" --specs=nano.specs -mfpu=fpv5-d16 -mfloat-abi=hard -mthumb -o "Core/Src/stm32f7xx_hal_msp.o"
In file included from ../Core/Src/main.c:27:
D:/A My Project/01 KMITL Project/KMITL-2023-S1-Microcontroller/MAD-LabExam/lib/my_basic.h:12:10: fatal error: i2c.h: No such file or directory
   12 | #include "i2c.h"
      |          ^~~~~~~
compilation terminated.
arm-none-eabi-gcc "../Core/Src/stm32f7xx_it.c" -mcpu=cortex-m7 -std=gnu11 -g3 -DDEBUG -DUSE_HAL_DRIVER -DSTM32F767xx -c -I../Core/Inc -IC:/Users/sunsu/STM32Cube/Repository/STM32Cube_FW_F7_V1.17.1/Drivers/STM32F7xx_HAL_Driver/Inc -IC:/Users/sunsu/STM32Cube/Repository/STM32Cube_FW_F7_V1.17.1/Drivers/STM32F7xx_HAL_Driver/Inc/Legacy -IC:/Users/sunsu/STM32Cube/Repository/STM32Cube_FW_F7_V1.17.1/Drivers/CMSIS/Device/ST/STM32F7xx/Include -IC:/Users/sunsu/STM32Cube/Repository/STM32Cube_FW_F7_V1.17.1/Drivers/CMSIS/Include -I"D:/A My Project/01 KMITL Project/KMITL-2023-S1-Microcontroller/MAD-LabExam/lib" -O0 -ffunction-sections -fdata-sections -Wall -fstack-usage -fcyclomatic-complexity -MMD -MP -MF"Core/Src/stm32f7xx_it.d" -MT"Core/Src/stm32f7xx_it.o" --specs=nano.specs -mfpu=fpv5-d16 -mfloat-abi=hard -mthumb -o "Core/Src/stm32f7xx_it.o"
make: *** [Core/Src/subdir.mk:43: Core/Src/main.o] Error 1
make: *** Waiting for unfinished jobs....
"make -j8 all" terminated with exit code 2. Build might be incomplete.
15:26:38 **** Incremental Build of configuration Debug for project MyExamTemplate ****
make -j8 all 
arm-none-eabi-gcc "../Core/Src/gpio.c" -mcpu=cortex-m7 -std=gnu11 -g3 -DDEBUG -DUSE_HAL_DRIVER -DSTM32F767xx -c -I../Core/Inc -IC:/Users/sunsu/STM32Cube/Repository/STM32Cube_FW_F7_V1.17.1/Drivers/STM32F7xx_HAL_Driver/Inc -IC:/Users/sunsu/STM32Cube/Repository/STM32Cube_FW_F7_V1.17.1/Drivers/STM32F7xx_HAL_Driver/Inc/Legacy -IC:/Users/sunsu/STM32Cube/Repository/STM32Cube_FW_F7_V1.17.1/Drivers/CMSIS/Device/ST/STM32F7xx/Include -IC:/Users/sunsu/STM32Cube/Repository/STM32Cube_FW_F7_V1.17.1/Drivers/CMSIS/Include -I"D:/A My Project/01 KMITL Project/KMITL-2023-S1-Microcontroller/MAD-LabExam/lib" -O0 -ffunction-sections -fdata-sections -Wall -fstack-usage -fcyclomatic-complexity -MMD -MP -MF"Core/Src/gpio.d" -MT"Core/Src/gpio.o" --specs=nano.specs -mfpu=fpv5-d16 -mfloat-abi=hard -mthumb -o "Core/Src/gpio.o"
arm-none-eabi-gcc "../Core/Src/main.c" -mcpu=cortex-m7 -std=gnu11 -g3 -DDEBUG -DUSE_HAL_DRIVER -DSTM32F767xx -c -I../Core/Inc -IC:/Users/sunsu/STM32Cube/Repository/STM32Cube_FW_F7_V1.17.1/Drivers/STM32F7xx_HAL_Driver/Inc -IC:/Users/sunsu/STM32Cube/Repository/STM32Cube_FW_F7_V1.17.1/Drivers/STM32F7xx_HAL_Driver/Inc/Legacy -IC:/Users/sunsu/STM32Cube/Repository/STM32Cube_FW_F7_V1.17.1/Drivers/CMSIS/Device/ST/STM32F7xx/Include -IC:/Users/sunsu/STM32Cube/Repository/STM32Cube_FW_F7_V1.17.1/Drivers/CMSIS/Include -I"D:/A My Project/01 KMITL Project/KMITL-2023-S1-Microcontroller/MAD-LabExam/lib" -O0 -ffunction-sections -fdata-sections -Wall -fstack-usage -fcyclomatic-complexity -MMD -MP -MF"Core/Src/main.d" -MT"Core/Src/main.o" --specs=nano.specs -mfpu=fpv5-d16 -mfloat-abi=hard -mthumb -o "Core/Src/main.o"
arm-none-eabi-gcc "../Core/Src/stm32f7xx_hal_msp.c" -mcpu=cortex-m7 -std=gnu11 -g3 -DDEBUG -DUSE_HAL_DRIVER -DSTM32F767xx -c -I../Core/Inc -IC:/Users/sunsu/STM32Cube/Repository/STM32Cube_FW_F7_V1.17.1/Drivers/STM32F7xx_HAL_Driver/Inc -IC:/Users/sunsu/STM32Cube/Repository/STM32Cube_FW_F7_V1.17.1/Drivers/STM32F7xx_HAL_Driver/Inc/Legacy -IC:/Users/sunsu/STM32Cube/Repository/STM32Cube_FW_F7_V1.17.1/Drivers/CMSIS/Device/ST/STM32F7xx/Include -IC:/Users/sunsu/STM32Cube/Repository/STM32Cube_FW_F7_V1.17.1/Drivers/CMSIS/Include -I"D:/A My Project/01 KMITL Project/KMITL-2023-S1-Microcontroller/MAD-LabExam/lib" -O0 -ffunction-sections -fdata-sections -Wall -fstack-usage -fcyclomatic-complexity -MMD -MP -MF"Core/Src/stm32f7xx_hal_msp.d" -MT"Core/Src/stm32f7xx_hal_msp.o" --specs=nano.specs -mfpu=fpv5-d16 -mfloat-abi=hard -mthumb -o "Core/Src/stm32f7xx_hal_msp.o"
arm-none-eabi-gcc "../Core/Src/stm32f7xx_it.c" -mcpu=cortex-m7 -std=gnu11 -g3 -DDEBUG -DUSE_HAL_DRIVER -DSTM32F767xx -c -I../Core/Inc -IC:/Users/sunsu/STM32Cube/Repository/STM32Cube_FW_F7_V1.17.1/Drivers/STM32F7xx_HAL_Driver/Inc -IC:/Users/sunsu/STM32Cube/Repository/STM32Cube_FW_F7_V1.17.1/Drivers/STM32F7xx_HAL_Driver/Inc/Legacy -IC:/Users/sunsu/STM32Cube/Repository/STM32Cube_FW_F7_V1.17.1/Drivers/CMSIS/Device/ST/STM32F7xx/Include -IC:/Users/sunsu/STM32Cube/Repository/STM32Cube_FW_F7_V1.17.1/Drivers/CMSIS/Include -I"D:/A My Project/01 KMITL Project/KMITL-2023-S1-Microcontroller/MAD-LabExam/lib" -O0 -ffunction-sections -fdata-sections -Wall -fstack-usage -fcyclomatic-complexity -MMD -MP -MF"Core/Src/stm32f7xx_it.d" -MT"Core/Src/stm32f7xx_it.o" --specs=nano.specs -mfpu=fpv5-d16 -mfloat-abi=hard -mthumb -o "Core/Src/stm32f7xx_it.o"
arm-none-eabi-gcc "../Core/Src/syscalls.c" -mcpu=cortex-m7 -std=gnu11 -g3 -DDEBUG -DUSE_HAL_DRIVER -DSTM32F767xx -c -I../Core/Inc -IC:/Users/sunsu/STM32Cube/Repository/STM32Cube_FW_F7_V1.17.1/Drivers/STM32F7xx_HAL_Driver/Inc -IC:/Users/sunsu/STM32Cube/Repository/STM32Cube_FW_F7_V1.17.1/Drivers/STM32F7xx_HAL_Driver/Inc/Legacy -IC:/Users/sunsu/STM32Cube/Repository/STM32Cube_FW_F7_V1.17.1/Drivers/CMSIS/Device/ST/STM32F7xx/Include -IC:/Users/sunsu/STM32Cube/Repository/STM32Cube_FW_F7_V1.17.1/Drivers/CMSIS/Include -I"D:/A My Project/01 KMITL Project/KMITL-2023-S1-Microcontroller/MAD-LabExam/lib" -O0 -ffunction-sections -fdata-sections -Wall -fstack-usage -fcyclomatic-complexity -MMD -MP -MF"Core/Src/syscalls.d" -MT"Core/Src/syscalls.o" --specs=nano.specs -mfpu=fpv5-d16 -mfloat-abi=hard -mthumb -o "Core/Src/syscalls.o"
arm-none-eabi-gcc "../Core/Src/sysmem.c" -mcpu=cortex-m7 -std=gnu11 -g3 -DDEBUG -DUSE_HAL_DRIVER -DSTM32F767xx -c -I../Core/Inc -IC:/Users/sunsu/STM32Cube/Repository/STM32Cube_FW_F7_V1.17.1/Drivers/STM32F7xx_HAL_Driver/Inc -IC:/Users/sunsu/STM32Cube/Repository/STM32Cube_FW_F7_V1.17.1/Drivers/STM32F7xx_HAL_Driver/Inc/Legacy -IC:/Users/sunsu/STM32Cube/Repository/STM32Cube_FW_F7_V1.17.1/Drivers/CMSIS/Device/ST/STM32F7xx/Include -IC:/Users/sunsu/STM32Cube/Repository/STM32Cube_FW_F7_V1.17.1/Drivers/CMSIS/Include -I"D:/A My Project/01 KMITL Project/KMITL-2023-S1-Microcontroller/MAD-LabExam/lib" -O0 -ffunction-sections -fdata-sections -Wall -fstack-usage -fcyclomatic-complexity -MMD -MP -MF"Core/Src/sysmem.d" -MT"Core/Src/sysmem.o" --specs=nano.specs -mfpu=fpv5-d16 -mfloat-abi=hard -mthumb -o "Core/Src/sysmem.o"
arm-none-eabi-gcc "../Core/Src/system_stm32f7xx.c" -mcpu=cortex-m7 -std=gnu11 -g3 -DDEBUG -DUSE_HAL_DRIVER -DSTM32F767xx -c -I../Core/Inc -IC:/Users/sunsu/STM32Cube/Repository/STM32Cube_FW_F7_V1.17.1/Drivers/STM32F7xx_HAL_Driver/Inc -IC:/Users/sunsu/STM32Cube/Repository/STM32Cube_FW_F7_V1.17.1/Drivers/STM32F7xx_HAL_Driver/Inc/Legacy -IC:/Users/sunsu/STM32Cube/Repository/STM32Cube_FW_F7_V1.17.1/Drivers/CMSIS/Device/ST/STM32F7xx/Include -IC:/Users/sunsu/STM32Cube/Repository/STM32Cube_FW_F7_V1.17.1/Drivers/CMSIS/Include -I"D:/A My Project/01 KMITL Project/KMITL-2023-S1-Microcontroller/MAD-LabExam/lib" -O0 -ffunction-sections -fdata-sections -Wall -fstack-usage -fcyclomatic-complexity -MMD -MP -MF"Core/Src/system_stm32f7xx.d" -MT"Core/Src/system_stm32f7xx.o" --specs=nano.specs -mfpu=fpv5-d16 -mfloat-abi=hard -mthumb -o "Core/Src/system_stm32f7xx.o"
arm-none-eabi-gcc "../Core/Src/usart.c" -mcpu=cortex-m7 -std=gnu11 -g3 -DDEBUG -DUSE_HAL_DRIVER -DSTM32F767xx -c -I../Core/Inc -IC:/Users/sunsu/STM32Cube/Repository/STM32Cube_FW_F7_V1.17.1/Drivers/STM32F7xx_HAL_Driver/Inc -IC:/Users/sunsu/STM32Cube/Repository/STM32Cube_FW_F7_V1.17.1/Drivers/STM32F7xx_HAL_Driver/Inc/Legacy -IC:/Users/sunsu/STM32Cube/Repository/STM32Cube_FW_F7_V1.17.1/Drivers/CMSIS/Device/ST/STM32F7xx/Include -IC:/Users/sunsu/STM32Cube/Repository/STM32Cube_FW_F7_V1.17.1/Drivers/CMSIS/Include -I"D:/A My Project/01 KMITL Project/KMITL-2023-S1-Microcontroller/MAD-LabExam/lib" -O0 -ffunction-sections -fdata-sections -Wall -fstack-usage -fcyclomatic-complexity -MMD -MP -MF"Core/Src/usart.d" -MT"Core/Src/usart.o" --specs=nano.specs -mfpu=fpv5-d16 -mfloat-abi=hard -mthumb -o "Core/Src/usart.o"
In file included from ../Core/Src/main.c:27:
D:/A My Project/01 KMITL Project/KMITL-2023-S1-Microcontroller/MAD-LabExam/lib/my_basic.h:12:10: fatal error: i2c.h: No such file or directory
   12 | #include "i2c.h"
      |          ^~~~~~~
compilation terminated.
make: *** [Core/Src/subdir.mk:43: Core/Src/main.o] Error 1
make: *** Waiting for unfinished jobs....
"make -j8 all" terminated with exit code 2. Build might be incomplete.
15:31:01 **** Incremental Build of configuration Debug for project MyExamTemplate ****
make -j8 all 
arm-none-eabi-gcc "../Core/Src/gpio.c" -mcpu=cortex-m7 -std=gnu11 -g3 -DDEBUG -DUSE_HAL_DRIVER -DSTM32F767xx -c -I../Core/Inc -IC:/Users/sunsu/STM32Cube/Repository/STM32Cube_FW_F7_V1.17.1/Drivers/STM32F7xx_HAL_Driver/Inc -IC:/Users/sunsu/STM32Cube/Repository/STM32Cube_FW_F7_V1.17.1/Drivers/STM32F7xx_HAL_Driver/Inc/Legacy -IC:/Users/sunsu/STM32Cube/Repository/STM32Cube_FW_F7_V1.17.1/Drivers/CMSIS/Device/ST/STM32F7xx/Include -IC:/Users/sunsu/STM32Cube/Repository/STM32Cube_FW_F7_V1.17.1/Drivers/CMSIS/Include -I"D:/A My Project/01 KMITL Project/KMITL-2023-S1-Microcontroller/MAD-LabExam/lib" -O0 -ffunction-sections -fdata-sections -Wall -fstack-usage -fcyclomatic-complexity -MMD -MP -MF"Core/Src/gpio.d" -MT"Core/Src/gpio.o" --specs=nano.specs -mfpu=fpv5-d16 -mfloat-abi=hard -mthumb -o "Core/Src/gpio.o"
arm-none-eabi-gcc "../Core/Src/i2c.c" -mcpu=cortex-m7 -std=gnu11 -g3 -DDEBUG -DUSE_HAL_DRIVER -DSTM32F767xx -c -I../Core/Inc -IC:/Users/sunsu/STM32Cube/Repository/STM32Cube_FW_F7_V1.17.1/Drivers/STM32F7xx_HAL_Driver/Inc -IC:/Users/sunsu/STM32Cube/Repository/STM32Cube_FW_F7_V1.17.1/Drivers/STM32F7xx_HAL_Driver/Inc/Legacy -IC:/Users/sunsu/STM32Cube/Repository/STM32Cube_FW_F7_V1.17.1/Drivers/CMSIS/Device/ST/STM32F7xx/Include -IC:/Users/sunsu/STM32Cube/Repository/STM32Cube_FW_F7_V1.17.1/Drivers/CMSIS/Include -I"D:/A My Project/01 KMITL Project/KMITL-2023-S1-Microcontroller/MAD-LabExam/lib" -O0 -ffunction-sections -fdata-sections -Wall -fstack-usage -fcyclomatic-complexity -MMD -MP -MF"Core/Src/i2c.d" -MT"Core/Src/i2c.o" --specs=nano.specs -mfpu=fpv5-d16 -mfloat-abi=hard -mthumb -o "Core/Src/i2c.o"
arm-none-eabi-gcc "../Core/Src/main.c" -mcpu=cortex-m7 -std=gnu11 -g3 -DDEBUG -DUSE_HAL_DRIVER -DSTM32F767xx -c -I../Core/Inc -IC:/Users/sunsu/STM32Cube/Repository/STM32Cube_FW_F7_V1.17.1/Drivers/STM32F7xx_HAL_Driver/Inc -IC:/Users/sunsu/STM32Cube/Repository/STM32Cube_FW_F7_V1.17.1/Drivers/STM32F7xx_HAL_Driver/Inc/Legacy -IC:/Users/sunsu/STM32Cube/Repository/STM32Cube_FW_F7_V1.17.1/Drivers/CMSIS/Device/ST/STM32F7xx/Include -IC:/Users/sunsu/STM32Cube/Repository/STM32Cube_FW_F7_V1.17.1/Drivers/CMSIS/Include -I"D:/A My Project/01 KMITL Project/KMITL-2023-S1-Microcontroller/MAD-LabExam/lib" -O0 -ffunction-sections -fdata-sections -Wall -fstack-usage -fcyclomatic-complexity -MMD -MP -MF"Core/Src/main.d" -MT"Core/Src/main.o" --specs=nano.specs -mfpu=fpv5-d16 -mfloat-abi=hard -mthumb -o "Core/Src/main.o"
arm-none-eabi-gcc "../Core/Src/stm32f7xx_hal_msp.c" -mcpu=cortex-m7 -std=gnu11 -g3 -DDEBUG -DUSE_HAL_DRIVER -DSTM32F767xx -c -I../Core/Inc -IC:/Users/sunsu/STM32Cube/Repository/STM32Cube_FW_F7_V1.17.1/Drivers/STM32F7xx_HAL_Driver/Inc -IC:/Users/sunsu/STM32Cube/Repository/STM32Cube_FW_F7_V1.17.1/Drivers/STM32F7xx_HAL_Driver/Inc/Legacy -IC:/Users/sunsu/STM32Cube/Repository/STM32Cube_FW_F7_V1.17.1/Drivers/CMSIS/Device/ST/STM32F7xx/Include -IC:/Users/sunsu/STM32Cube/Repository/STM32Cube_FW_F7_V1.17.1/Drivers/CMSIS/Include -I"D:/A My Project/01 KMITL Project/KMITL-2023-S1-Microcontroller/MAD-LabExam/lib" -O0 -ffunction-sections -fdata-sections -Wall -fstack-usage -fcyclomatic-complexity -MMD -MP -MF"Core/Src/stm32f7xx_hal_msp.d" -MT"Core/Src/stm32f7xx_hal_msp.o" --specs=nano.specs -mfpu=fpv5-d16 -mfloat-abi=hard -mthumb -o "Core/Src/stm32f7xx_hal_msp.o"
arm-none-eabi-gcc "../Core/Src/stm32f7xx_it.c" -mcpu=cortex-m7 -std=gnu11 -g3 -DDEBUG -DUSE_HAL_DRIVER -DSTM32F767xx -c -I../Core/Inc -IC:/Users/sunsu/STM32Cube/Repository/STM32Cube_FW_F7_V1.17.1/Drivers/STM32F7xx_HAL_Driver/Inc -IC:/Users/sunsu/STM32Cube/Repository/STM32Cube_FW_F7_V1.17.1/Drivers/STM32F7xx_HAL_Driver/Inc/Legacy -IC:/Users/sunsu/STM32Cube/Repository/STM32Cube_FW_F7_V1.17.1/Drivers/CMSIS/Device/ST/STM32F7xx/Include -IC:/Users/sunsu/STM32Cube/Repository/STM32Cube_FW_F7_V1.17.1/Drivers/CMSIS/Include -I"D:/A My Project/01 KMITL Project/KMITL-2023-S1-Microcontroller/MAD-LabExam/lib" -O0 -ffunction-sections -fdata-sections -Wall -fstack-usage -fcyclomatic-complexity -MMD -MP -MF"Core/Src/stm32f7xx_it.d" -MT"Core/Src/stm32f7xx_it.o" --specs=nano.specs -mfpu=fpv5-d16 -mfloat-abi=hard -mthumb -o "Core/Src/stm32f7xx_it.o"
arm-none-eabi-gcc "../Core/Src/syscalls.c" -mcpu=cortex-m7 -std=gnu11 -g3 -DDEBUG -DUSE_HAL_DRIVER -DSTM32F767xx -c -I../Core/Inc -IC:/Users/sunsu/STM32Cube/Repository/STM32Cube_FW_F7_V1.17.1/Drivers/STM32F7xx_HAL_Driver/Inc -IC:/Users/sunsu/STM32Cube/Repository/STM32Cube_FW_F7_V1.17.1/Drivers/STM32F7xx_HAL_Driver/Inc/Legacy -IC:/Users/sunsu/STM32Cube/Repository/STM32Cube_FW_F7_V1.17.1/Drivers/CMSIS/Device/ST/STM32F7xx/Include -IC:/Users/sunsu/STM32Cube/Repository/STM32Cube_FW_F7_V1.17.1/Drivers/CMSIS/Include -I"D:/A My Project/01 KMITL Project/KMITL-2023-S1-Microcontroller/MAD-LabExam/lib" -O0 -ffunction-sections -fdata-sections -Wall -fstack-usage -fcyclomatic-complexity -MMD -MP -MF"Core/Src/syscalls.d" -MT"Core/Src/syscalls.o" --specs=nano.specs -mfpu=fpv5-d16 -mfloat-abi=hard -mthumb -o "Core/Src/syscalls.o"
arm-none-eabi-gcc "../Core/Src/sysmem.c" -mcpu=cortex-m7 -std=gnu11 -g3 -DDEBUG -DUSE_HAL_DRIVER -DSTM32F767xx -c -I../Core/Inc -IC:/Users/sunsu/STM32Cube/Repository/STM32Cube_FW_F7_V1.17.1/Drivers/STM32F7xx_HAL_Driver/Inc -IC:/Users/sunsu/STM32Cube/Repository/STM32Cube_FW_F7_V1.17.1/Drivers/STM32F7xx_HAL_Driver/Inc/Legacy -IC:/Users/sunsu/STM32Cube/Repository/STM32Cube_FW_F7_V1.17.1/Drivers/CMSIS/Device/ST/STM32F7xx/Include -IC:/Users/sunsu/STM32Cube/Repository/STM32Cube_FW_F7_V1.17.1/Drivers/CMSIS/Include -I"D:/A My Project/01 KMITL Project/KMITL-2023-S1-Microcontroller/MAD-LabExam/lib" -O0 -ffunction-sections -fdata-sections -Wall -fstack-usage -fcyclomatic-complexity -MMD -MP -MF"Core/Src/sysmem.d" -MT"Core/Src/sysmem.o" --specs=nano.specs -mfpu=fpv5-d16 -mfloat-abi=hard -mthumb -o "Core/Src/sysmem.o"
arm-none-eabi-gcc "../Core/Src/system_stm32f7xx.c" -mcpu=cortex-m7 -std=gnu11 -g3 -DDEBUG -DUSE_HAL_DRIVER -DSTM32F767xx -c -I../Core/Inc -IC:/Users/sunsu/STM32Cube/Repository/STM32Cube_FW_F7_V1.17.1/Drivers/STM32F7xx_HAL_Driver/Inc -IC:/Users/sunsu/STM32Cube/Repository/STM32Cube_FW_F7_V1.17.1/Drivers/STM32F7xx_HAL_Driver/Inc/Legacy -IC:/Users/sunsu/STM32Cube/Repository/STM32Cube_FW_F7_V1.17.1/Drivers/CMSIS/Device/ST/STM32F7xx/Include -IC:/Users/sunsu/STM32Cube/Repository/STM32Cube_FW_F7_V1.17.1/Drivers/CMSIS/Include -I"D:/A My Project/01 KMITL Project/KMITL-2023-S1-Microcontroller/MAD-LabExam/lib" -O0 -ffunction-sections -fdata-sections -Wall -fstack-usage -fcyclomatic-complexity -MMD -MP -MF"Core/Src/system_stm32f7xx.d" -MT"Core/Src/system_stm32f7xx.o" --specs=nano.specs -mfpu=fpv5-d16 -mfloat-abi=hard -mthumb -o "Core/Src/system_stm32f7xx.o"
In file included from ../Core/Src/main.c:28:
D:/A My Project/01 KMITL Project/KMITL-2023-S1-Microcontroller/MAD-LabExam/lib/my_basic.h:19:9: error: unknown type name 'TIM_HandleTypeDef'
   19 |         TIM_HandleTypeDef *timer;
      |         ^~~~~~~~~~~~~~~~~
make: *** [Core/Src/subdir.mk:46: Core/Src/main.o] Error 1
make: *** Waiting for unfinished jobs....
"make -j8 all" terminated with exit code 2. Build might be incomplete.
15:37:43 **** Incremental Build of configuration Debug for project MyExamTemplate ****
make -j8 all 
arm-none-eabi-gcc "../Core/Src/gpio.c" -mcpu=cortex-m7 -std=gnu11 -g3 -DDEBUG -DUSE_HAL_DRIVER -DSTM32F767xx -c -I../Core/Inc -IC:/Users/sunsu/STM32Cube/Repository/STM32Cube_FW_F7_V1.17.1/Drivers/STM32F7xx_HAL_Driver/Inc -IC:/Users/sunsu/STM32Cube/Repository/STM32Cube_FW_F7_V1.17.1/Drivers/STM32F7xx_HAL_Driver/Inc/Legacy -IC:/Users/sunsu/STM32Cube/Repository/STM32Cube_FW_F7_V1.17.1/Drivers/CMSIS/Device/ST/STM32F7xx/Include -IC:/Users/sunsu/STM32Cube/Repository/STM32Cube_FW_F7_V1.17.1/Drivers/CMSIS/Include -I"D:/A My Project/01 KMITL Project/KMITL-2023-S1-Microcontroller/MAD-LabExam/lib" -O0 -ffunction-sections -fdata-sections -Wall -fstack-usage -fcyclomatic-complexity -MMD -MP -MF"Core/Src/gpio.d" -MT"Core/Src/gpio.o" --specs=nano.specs -mfpu=fpv5-d16 -mfloat-abi=hard -mthumb -o "Core/Src/gpio.o"
arm-none-eabi-gcc "../Core/Src/i2c.c" -mcpu=cortex-m7 -std=gnu11 -g3 -DDEBUG -DUSE_HAL_DRIVER -DSTM32F767xx -c -I../Core/Inc -IC:/Users/sunsu/STM32Cube/Repository/STM32Cube_FW_F7_V1.17.1/Drivers/STM32F7xx_HAL_Driver/Inc -IC:/Users/sunsu/STM32Cube/Repository/STM32Cube_FW_F7_V1.17.1/Drivers/STM32F7xx_HAL_Driver/Inc/Legacy -IC:/Users/sunsu/STM32Cube/Repository/STM32Cube_FW_F7_V1.17.1/Drivers/CMSIS/Device/ST/STM32F7xx/Include -IC:/Users/sunsu/STM32Cube/Repository/STM32Cube_FW_F7_V1.17.1/Drivers/CMSIS/Include -I"D:/A My Project/01 KMITL Project/KMITL-2023-S1-Microcontroller/MAD-LabExam/lib" -O0 -ffunction-sections -fdata-sections -Wall -fstack-usage -fcyclomatic-complexity -MMD -MP -MF"Core/Src/i2c.d" -MT"Core/Src/i2c.o" --specs=nano.specs -mfpu=fpv5-d16 -mfloat-abi=hard -mthumb -o "Core/Src/i2c.o"
arm-none-eabi-gcc "../Core/Src/main.c" -mcpu=cortex-m7 -std=gnu11 -g3 -DDEBUG -DUSE_HAL_DRIVER -DSTM32F767xx -c -I../Core/Inc -IC:/Users/sunsu/STM32Cube/Repository/STM32Cube_FW_F7_V1.17.1/Drivers/STM32F7xx_HAL_Driver/Inc -IC:/Users/sunsu/STM32Cube/Repository/STM32Cube_FW_F7_V1.17.1/Drivers/STM32F7xx_HAL_Driver/Inc/Legacy -IC:/Users/sunsu/STM32Cube/Repository/STM32Cube_FW_F7_V1.17.1/Drivers/CMSIS/Device/ST/STM32F7xx/Include -IC:/Users/sunsu/STM32Cube/Repository/STM32Cube_FW_F7_V1.17.1/Drivers/CMSIS/Include -I"D:/A My Project/01 KMITL Project/KMITL-2023-S1-Microcontroller/MAD-LabExam/lib" -O0 -ffunction-sections -fdata-sections -Wall -fstack-usage -fcyclomatic-complexity -MMD -MP -MF"Core/Src/main.d" -MT"Core/Src/main.o" --specs=nano.specs -mfpu=fpv5-d16 -mfloat-abi=hard -mthumb -o "Core/Src/main.o"
arm-none-eabi-gcc "../Core/Src/stm32f7xx_hal_msp.c" -mcpu=cortex-m7 -std=gnu11 -g3 -DDEBUG -DUSE_HAL_DRIVER -DSTM32F767xx -c -I../Core/Inc -IC:/Users/sunsu/STM32Cube/Repository/STM32Cube_FW_F7_V1.17.1/Drivers/STM32F7xx_HAL_Driver/Inc -IC:/Users/sunsu/STM32Cube/Repository/STM32Cube_FW_F7_V1.17.1/Drivers/STM32F7xx_HAL_Driver/Inc/Legacy -IC:/Users/sunsu/STM32Cube/Repository/STM32Cube_FW_F7_V1.17.1/Drivers/CMSIS/Device/ST/STM32F7xx/Include -IC:/Users/sunsu/STM32Cube/Repository/STM32Cube_FW_F7_V1.17.1/Drivers/CMSIS/Include -I"D:/A My Project/01 KMITL Project/KMITL-2023-S1-Microcontroller/MAD-LabExam/lib" -O0 -ffunction-sections -fdata-sections -Wall -fstack-usage -fcyclomatic-complexity -MMD -MP -MF"Core/Src/stm32f7xx_hal_msp.d" -MT"Core/Src/stm32f7xx_hal_msp.o" --specs=nano.specs -mfpu=fpv5-d16 -mfloat-abi=hard -mthumb -o "Core/Src/stm32f7xx_hal_msp.o"
arm-none-eabi-gcc "../Core/Src/stm32f7xx_it.c" -mcpu=cortex-m7 -std=gnu11 -g3 -DDEBUG -DUSE_HAL_DRIVER -DSTM32F767xx -c -I../Core/Inc -IC:/Users/sunsu/STM32Cube/Repository/STM32Cube_FW_F7_V1.17.1/Drivers/STM32F7xx_HAL_Driver/Inc -IC:/Users/sunsu/STM32Cube/Repository/STM32Cube_FW_F7_V1.17.1/Drivers/STM32F7xx_HAL_Driver/Inc/Legacy -IC:/Users/sunsu/STM32Cube/Repository/STM32Cube_FW_F7_V1.17.1/Drivers/CMSIS/Device/ST/STM32F7xx/Include -IC:/Users/sunsu/STM32Cube/Repository/STM32Cube_FW_F7_V1.17.1/Drivers/CMSIS/Include -I"D:/A My Project/01 KMITL Project/KMITL-2023-S1-Microcontroller/MAD-LabExam/lib" -O0 -ffunction-sections -fdata-sections -Wall -fstack-usage -fcyclomatic-complexity -MMD -MP -MF"Core/Src/stm32f7xx_it.d" -MT"Core/Src/stm32f7xx_it.o" --specs=nano.specs -mfpu=fpv5-d16 -mfloat-abi=hard -mthumb -o "Core/Src/stm32f7xx_it.o"
arm-none-eabi-gcc "../Core/Src/usart.c" -mcpu=cortex-m7 -std=gnu11 -g3 -DDEBUG -DUSE_HAL_DRIVER -DSTM32F767xx -c -I../Core/Inc -IC:/Users/sunsu/STM32Cube/Repository/STM32Cube_FW_F7_V1.17.1/Drivers/STM32F7xx_HAL_Driver/Inc -IC:/Users/sunsu/STM32Cube/Repository/STM32Cube_FW_F7_V1.17.1/Drivers/STM32F7xx_HAL_Driver/Inc/Legacy -IC:/Users/sunsu/STM32Cube/Repository/STM32Cube_FW_F7_V1.17.1/Drivers/CMSIS/Device/ST/STM32F7xx/Include -IC:/Users/sunsu/STM32Cube/Repository/STM32Cube_FW_F7_V1.17.1/Drivers/CMSIS/Include -I"D:/A My Project/01 KMITL Project/KMITL-2023-S1-Microcontroller/MAD-LabExam/lib" -O0 -ffunction-sections -fdata-sections -Wall -fstack-usage -fcyclomatic-complexity -MMD -MP -MF"Core/Src/usart.d" -MT"Core/Src/usart.o" --specs=nano.specs -mfpu=fpv5-d16 -mfloat-abi=hard -mthumb -o "Core/Src/usart.o"
arm-none-eabi-gcc "../Core/Src/usb_otg.c" -mcpu=cortex-m7 -std=gnu11 -g3 -DDEBUG -DUSE_HAL_DRIVER -DSTM32F767xx -c -I../Core/Inc -IC:/Users/sunsu/STM32Cube/Repository/STM32Cube_FW_F7_V1.17.1/Drivers/STM32F7xx_HAL_Driver/Inc -IC:/Users/sunsu/STM32Cube/Repository/STM32Cube_FW_F7_V1.17.1/Drivers/STM32F7xx_HAL_Driver/Inc/Legacy -IC:/Users/sunsu/STM32Cube/Repository/STM32Cube_FW_F7_V1.17.1/Drivers/CMSIS/Device/ST/STM32F7xx/Include -IC:/Users/sunsu/STM32Cube/Repository/STM32Cube_FW_F7_V1.17.1/Drivers/CMSIS/Include -I"D:/A My Project/01 KMITL Project/KMITL-2023-S1-Microcontroller/MAD-LabExam/lib" -O0 -ffunction-sections -fdata-sections -Wall -fstack-usage -fcyclomatic-complexity -MMD -MP -MF"Core/Src/usb_otg.d" -MT"Core/Src/usb_otg.o" --specs=nano.specs -mfpu=fpv5-d16 -mfloat-abi=hard -mthumb -o "Core/Src/usb_otg.o"
In file included from ../Core/Src/main.c:28:
D:/A My Project/01 KMITL Project/KMITL-2023-S1-Microcontroller/MAD-LabExam/lib/my_basic.h:18:9: error: unknown type name 'TIM_HandleTypeDef'
   18 |         TIM_HandleTypeDef *timer;
      |         ^~~~~~~~~~~~~~~~~
make: *** [Core/Src/subdir.mk:46: Core/Src/main.o] Error 1
make: *** Waiting for unfinished jobs....
"make -j8 all" terminated with exit code 2. Build might be incomplete.
15:43:08 **** Incremental Build of configuration Debug for project MyExamTemplate ****
make -j8 all 
arm-none-eabi-gcc "C:/Users/sunsu/STM32Cube/Repository/STM32Cube_FW_F7_V1.17.1/Drivers/STM32F7xx_HAL_Driver/Src/stm32f7xx_hal.c" -mcpu=cortex-m7 -std=gnu11 -g3 -DDEBUG -DUSE_HAL_DRIVER -DSTM32F767xx -c -I../Core/Inc -IC:/Users/sunsu/STM32Cube/Repository/STM32Cube_FW_F7_V1.17.1/Drivers/STM32F7xx_HAL_Driver/Inc -IC:/Users/sunsu/STM32Cube/Repository/STM32Cube_FW_F7_V1.17.1/Drivers/STM32F7xx_HAL_Driver/Inc/Legacy -IC:/Users/sunsu/STM32Cube/Repository/STM32Cube_FW_F7_V1.17.1/Drivers/CMSIS/Device/ST/STM32F7xx/Include -IC:/Users/sunsu/STM32Cube/Repository/STM32Cube_FW_F7_V1.17.1/Drivers/CMSIS/Include -I"D:/A My Project/01 KMITL Project/KMITL-2023-S1-Microcontroller/MAD-LabExam/lib" -O0 -ffunction-sections -fdata-sections -Wall -fstack-usage -fcyclomatic-complexity -MMD -MP -MF"Drivers/STM32F7xx_HAL_Driver/stm32f7xx_hal.d" -MT"Drivers/STM32F7xx_HAL_Driver/stm32f7xx_hal.o" --specs=nano.specs -mfpu=fpv5-d16 -mfloat-abi=hard -mthumb -o "Drivers/STM32F7xx_HAL_Driver/stm32f7xx_hal.o"
arm-none-eabi-gcc "C:/Users/sunsu/STM32Cube/Repository/STM32Cube_FW_F7_V1.17.1/Drivers/STM32F7xx_HAL_Driver/Src/stm32f7xx_hal_cortex.c" -mcpu=cortex-m7 -std=gnu11 -g3 -DDEBUG -DUSE_HAL_DRIVER -DSTM32F767xx -c -I../Core/Inc -IC:/Users/sunsu/STM32Cube/Repository/STM32Cube_FW_F7_V1.17.1/Drivers/STM32F7xx_HAL_Driver/Inc -IC:/Users/sunsu/STM32Cube/Repository/STM32Cube_FW_F7_V1.17.1/Drivers/STM32F7xx_HAL_Driver/Inc/Legacy -IC:/Users/sunsu/STM32Cube/Repository/STM32Cube_FW_F7_V1.17.1/Drivers/CMSIS/Device/ST/STM32F7xx/Include -IC:/Users/sunsu/STM32Cube/Repository/STM32Cube_FW_F7_V1.17.1/Drivers/CMSIS/Include -I"D:/A My Project/01 KMITL Project/KMITL-2023-S1-Microcontroller/MAD-LabExam/lib" -O0 -ffunction-sections -fdata-sections -Wall -fstack-usage -fcyclomatic-complexity -MMD -MP -MF"Drivers/STM32F7xx_HAL_Driver/stm32f7xx_hal_cortex.d" -MT"Drivers/STM32F7xx_HAL_Driver/stm32f7xx_hal_cortex.o" --specs=nano.specs -mfpu=fpv5-d16 -mfloat-abi=hard -mthumb -o "Drivers/STM32F7xx_HAL_Driver/stm32f7xx_hal_cortex.o"
arm-none-eabi-gcc "C:/Users/sunsu/STM32Cube/Repository/STM32Cube_FW_F7_V1.17.1/Drivers/STM32F7xx_HAL_Driver/Src/stm32f7xx_hal_dma.c" -mcpu=cortex-m7 -std=gnu11 -g3 -DDEBUG -DUSE_HAL_DRIVER -DSTM32F767xx -c -I../Core/Inc -IC:/Users/sunsu/STM32Cube/Repository/STM32Cube_FW_F7_V1.17.1/Drivers/STM32F7xx_HAL_Driver/Inc -IC:/Users/sunsu/STM32Cube/Repository/STM32Cube_FW_F7_V1.17.1/Drivers/STM32F7xx_HAL_Driver/Inc/Legacy -IC:/Users/sunsu/STM32Cube/Repository/STM32Cube_FW_F7_V1.17.1/Drivers/CMSIS/Device/ST/STM32F7xx/Include -IC:/Users/sunsu/STM32Cube/Repository/STM32Cube_FW_F7_V1.17.1/Drivers/CMSIS/Include -I"D:/A My Project/01 KMITL Project/KMITL-2023-S1-Microcontroller/MAD-LabExam/lib" -O0 -ffunction-sections -fdata-sections -Wall -fstack-usage -fcyclomatic-complexity -MMD -MP -MF"Drivers/STM32F7xx_HAL_Driver/stm32f7xx_hal_dma.d" -MT"Drivers/STM32F7xx_HAL_Driver/stm32f7xx_hal_dma.o" --specs=nano.specs -mfpu=fpv5-d16 -mfloat-abi=hard -mthumb -o "Drivers/STM32F7xx_HAL_Driver/stm32f7xx_hal_dma.o"
arm-none-eabi-gcc "C:/Users/sunsu/STM32Cube/Repository/STM32Cube_FW_F7_V1.17.1/Drivers/STM32F7xx_HAL_Driver/Src/stm32f7xx_hal_dma_ex.c" -mcpu=cortex-m7 -std=gnu11 -g3 -DDEBUG -DUSE_HAL_DRIVER -DSTM32F767xx -c -I../Core/Inc -IC:/Users/sunsu/STM32Cube/Repository/STM32Cube_FW_F7_V1.17.1/Drivers/STM32F7xx_HAL_Driver/Inc -IC:/Users/sunsu/STM32Cube/Repository/STM32Cube_FW_F7_V1.17.1/Drivers/STM32F7xx_HAL_Driver/Inc/Legacy -IC:/Users/sunsu/STM32Cube/Repository/STM32Cube_FW_F7_V1.17.1/Drivers/CMSIS/Device/ST/STM32F7xx/Include -IC:/Users/sunsu/STM32Cube/Repository/STM32Cube_FW_F7_V1.17.1/Drivers/CMSIS/Include -I"D:/A My Project/01 KMITL Project/KMITL-2023-S1-Microcontroller/MAD-LabExam/lib" -O0 -ffunction-sections -fdata-sections -Wall -fstack-usage -fcyclomatic-complexity -MMD -MP -MF"Drivers/STM32F7xx_HAL_Driver/stm32f7xx_hal_dma_ex.d" -MT"Drivers/STM32F7xx_HAL_Driver/stm32f7xx_hal_dma_ex.o" --specs=nano.specs -mfpu=fpv5-d16 -mfloat-abi=hard -mthumb -o "Drivers/STM32F7xx_HAL_Driver/stm32f7xx_hal_dma_ex.o"
arm-none-eabi-gcc "C:/Users/sunsu/STM32Cube/Repository/STM32Cube_FW_F7_V1.17.1/Drivers/STM32F7xx_HAL_Driver/Src/stm32f7xx_hal_exti.c" -mcpu=cortex-m7 -std=gnu11 -g3 -DDEBUG -DUSE_HAL_DRIVER -DSTM32F767xx -c -I../Core/Inc -IC:/Users/sunsu/STM32Cube/Repository/STM32Cube_FW_F7_V1.17.1/Drivers/STM32F7xx_HAL_Driver/Inc -IC:/Users/sunsu/STM32Cube/Repository/STM32Cube_FW_F7_V1.17.1/Drivers/STM32F7xx_HAL_Driver/Inc/Legacy -IC:/Users/sunsu/STM32Cube/Repository/STM32Cube_FW_F7_V1.17.1/Drivers/CMSIS/Device/ST/STM32F7xx/Include -IC:/Users/sunsu/STM32Cube/Repository/STM32Cube_FW_F7_V1.17.1/Drivers/CMSIS/Include -I"D:/A My Project/01 KMITL Project/KMITL-2023-S1-Microcontroller/MAD-LabExam/lib" -O0 -ffunction-sections -fdata-sections -Wall -fstack-usage -fcyclomatic-complexity -MMD -MP -MF"Drivers/STM32F7xx_HAL_Driver/stm32f7xx_hal_exti.d" -MT"Drivers/STM32F7xx_HAL_Driver/stm32f7xx_hal_exti.o" --specs=nano.specs -mfpu=fpv5-d16 -mfloat-abi=hard -mthumb -o "Drivers/STM32F7xx_HAL_Driver/stm32f7xx_hal_exti.o"
arm-none-eabi-gcc "C:/Users/sunsu/STM32Cube/Repository/STM32Cube_FW_F7_V1.17.1/Drivers/STM32F7xx_HAL_Driver/Src/stm32f7xx_hal_flash.c" -mcpu=cortex-m7 -std=gnu11 -g3 -DDEBUG -DUSE_HAL_DRIVER -DSTM32F767xx -c -I../Core/Inc -IC:/Users/sunsu/STM32Cube/Repository/STM32Cube_FW_F7_V1.17.1/Drivers/STM32F7xx_HAL_Driver/Inc -IC:/Users/sunsu/STM32Cube/Repository/STM32Cube_FW_F7_V1.17.1/Drivers/STM32F7xx_HAL_Driver/Inc/Legacy -IC:/Users/sunsu/STM32Cube/Repository/STM32Cube_FW_F7_V1.17.1/Drivers/CMSIS/Device/ST/STM32F7xx/Include -IC:/Users/sunsu/STM32Cube/Repository/STM32Cube_FW_F7_V1.17.1/Drivers/CMSIS/Include -I"D:/A My Project/01 KMITL Project/KMITL-2023-S1-Microcontroller/MAD-LabExam/lib" -O0 -ffunction-sections -fdata-sections -Wall -fstack-usage -fcyclomatic-complexity -MMD -MP -MF"Drivers/STM32F7xx_HAL_Driver/stm32f7xx_hal_flash.d" -MT"Drivers/STM32F7xx_HAL_Driver/stm32f7xx_hal_flash.o" --specs=nano.specs -mfpu=fpv5-d16 -mfloat-abi=hard -mthumb -o "Drivers/STM32F7xx_HAL_Driver/stm32f7xx_hal_flash.o"
arm-none-eabi-gcc "C:/Users/sunsu/STM32Cube/Repository/STM32Cube_FW_F7_V1.17.1/Drivers/STM32F7xx_HAL_Driver/Src/stm32f7xx_hal_flash_ex.c" -mcpu=cortex-m7 -std=gnu11 -g3 -DDEBUG -DUSE_HAL_DRIVER -DSTM32F767xx -c -I../Core/Inc -IC:/Users/sunsu/STM32Cube/Repository/STM32Cube_FW_F7_V1.17.1/Drivers/STM32F7xx_HAL_Driver/Inc -IC:/Users/sunsu/STM32Cube/Repository/STM32Cube_FW_F7_V1.17.1/Drivers/STM32F7xx_HAL_Driver/Inc/Legacy -IC:/Users/sunsu/STM32Cube/Repository/STM32Cube_FW_F7_V1.17.1/Drivers/CMSIS/Device/ST/STM32F7xx/Include -IC:/Users/sunsu/STM32Cube/Repository/STM32Cube_FW_F7_V1.17.1/Drivers/CMSIS/Include -I"D:/A My Project/01 KMITL Project/KMITL-2023-S1-Microcontroller/MAD-LabExam/lib" -O0 -ffunction-sections -fdata-sections -Wall -fstack-usage -fcyclomatic-complexity -MMD -MP -MF"Drivers/STM32F7xx_HAL_Driver/stm32f7xx_hal_flash_ex.d" -MT"Drivers/STM32F7xx_HAL_Driver/stm32f7xx_hal_flash_ex.o" --specs=nano.specs -mfpu=fpv5-d16 -mfloat-abi=hard -mthumb -o "Drivers/STM32F7xx_HAL_Driver/stm32f7xx_hal_flash_ex.o"
arm-none-eabi-gcc "C:/Users/sunsu/STM32Cube/Repository/STM32Cube_FW_F7_V1.17.1/Drivers/STM32F7xx_HAL_Driver/Src/stm32f7xx_hal_gpio.c" -mcpu=cortex-m7 -std=gnu11 -g3 -DDEBUG -DUSE_HAL_DRIVER -DSTM32F767xx -c -I../Core/Inc -IC:/Users/sunsu/STM32Cube/Repository/STM32Cube_FW_F7_V1.17.1/Drivers/STM32F7xx_HAL_Driver/Inc -IC:/Users/sunsu/STM32Cube/Repository/STM32Cube_FW_F7_V1.17.1/Drivers/STM32F7xx_HAL_Driver/Inc/Legacy -IC:/Users/sunsu/STM32Cube/Repository/STM32Cube_FW_F7_V1.17.1/Drivers/CMSIS/Device/ST/STM32F7xx/Include -IC:/Users/sunsu/STM32Cube/Repository/STM32Cube_FW_F7_V1.17.1/Drivers/CMSIS/Include -I"D:/A My Project/01 KMITL Project/KMITL-2023-S1-Microcontroller/MAD-LabExam/lib" -O0 -ffunction-sections -fdata-sections -Wall -fstack-usage -fcyclomatic-complexity -MMD -MP -MF"Drivers/STM32F7xx_HAL_Driver/stm32f7xx_hal_gpio.d" -MT"Drivers/STM32F7xx_HAL_Driver/stm32f7xx_hal_gpio.o" --specs=nano.specs -mfpu=fpv5-d16 -mfloat-abi=hard -mthumb -o "Drivers/STM32F7xx_HAL_Driver/stm32f7xx_hal_gpio.o"
arm-none-eabi-gcc "C:/Users/sunsu/STM32Cube/Repository/STM32Cube_FW_F7_V1.17.1/Drivers/STM32F7xx_HAL_Driver/Src/stm32f7xx_hal_i2c.c" -mcpu=cortex-m7 -std=gnu11 -g3 -DDEBUG -DUSE_HAL_DRIVER -DSTM32F767xx -c -I../Core/Inc -IC:/Users/sunsu/STM32Cube/Repository/STM32Cube_FW_F7_V1.17.1/Drivers/STM32F7xx_HAL_Driver/Inc -IC:/Users/sunsu/STM32Cube/Repository/STM32Cube_FW_F7_V1.17.1/Drivers/STM32F7xx_HAL_Driver/Inc/Legacy -IC:/Users/sunsu/STM32Cube/Repository/STM32Cube_FW_F7_V1.17.1/Drivers/CMSIS/Device/ST/STM32F7xx/Include -IC:/Users/sunsu/STM32Cube/Repository/STM32Cube_FW_F7_V1.17.1/Drivers/CMSIS/Include -I"D:/A My Project/01 KMITL Project/KMITL-2023-S1-Microcontroller/MAD-LabExam/lib" -O0 -ffunction-sections -fdata-sections -Wall -fstack-usage -fcyclomatic-complexity -MMD -MP -MF"Drivers/STM32F7xx_HAL_Driver/stm32f7xx_hal_i2c.d" -MT"Drivers/STM32F7xx_HAL_Driver/stm32f7xx_hal_i2c.o" --specs=nano.specs -mfpu=fpv5-d16 -mfloat-abi=hard -mthumb -o "Drivers/STM32F7xx_HAL_Driver/stm32f7xx_hal_i2c.o"
arm-none-eabi-gcc "C:/Users/sunsu/STM32Cube/Repository/STM32Cube_FW_F7_V1.17.1/Drivers/STM32F7xx_HAL_Driver/Src/stm32f7xx_hal_i2c_ex.c" -mcpu=cortex-m7 -std=gnu11 -g3 -DDEBUG -DUSE_HAL_DRIVER -DSTM32F767xx -c -I../Core/Inc -IC:/Users/sunsu/STM32Cube/Repository/STM32Cube_FW_F7_V1.17.1/Drivers/STM32F7xx_HAL_Driver/Inc -IC:/Users/sunsu/STM32Cube/Repository/STM32Cube_FW_F7_V1.17.1/Drivers/STM32F7xx_HAL_Driver/Inc/Legacy -IC:/Users/sunsu/STM32Cube/Repository/STM32Cube_FW_F7_V1.17.1/Drivers/CMSIS/Device/ST/STM32F7xx/Include -IC:/Users/sunsu/STM32Cube/Repository/STM32Cube_FW_F7_V1.17.1/Drivers/CMSIS/Include -I"D:/A My Project/01 KMITL Project/KMITL-2023-S1-Microcontroller/MAD-LabExam/lib" -O0 -ffunction-sections -fdata-sections -Wall -fstack-usage -fcyclomatic-complexity -MMD -MP -MF"Drivers/STM32F7xx_HAL_Driver/stm32f7xx_hal_i2c_ex.d" -MT"Drivers/STM32F7xx_HAL_Driver/stm32f7xx_hal_i2c_ex.o" --specs=nano.specs -mfpu=fpv5-d16 -mfloat-abi=hard -mthumb -o "Drivers/STM32F7xx_HAL_Driver/stm32f7xx_hal_i2c_ex.o"
arm-none-eabi-gcc "C:/Users/sunsu/STM32Cube/Repository/STM32Cube_FW_F7_V1.17.1/Drivers/STM32F7xx_HAL_Driver/Src/stm32f7xx_hal_pcd.c" -mcpu=cortex-m7 -std=gnu11 -g3 -DDEBUG -DUSE_HAL_DRIVER -DSTM32F767xx -c -I../Core/Inc -IC:/Users/sunsu/STM32Cube/Repository/STM32Cube_FW_F7_V1.17.1/Drivers/STM32F7xx_HAL_Driver/Inc -IC:/Users/sunsu/STM32Cube/Repository/STM32Cube_FW_F7_V1.17.1/Drivers/STM32F7xx_HAL_Driver/Inc/Legacy -IC:/Users/sunsu/STM32Cube/Repository/STM32Cube_FW_F7_V1.17.1/Drivers/CMSIS/Device/ST/STM32F7xx/Include -IC:/Users/sunsu/STM32Cube/Repository/STM32Cube_FW_F7_V1.17.1/Drivers/CMSIS/Include -I"D:/A My Project/01 KMITL Project/KMITL-2023-S1-Microcontroller/MAD-LabExam/lib" -O0 -ffunction-sections -fdata-sections -Wall -fstack-usage -fcyclomatic-complexity -MMD -MP -MF"Drivers/STM32F7xx_HAL_Driver/stm32f7xx_hal_pcd.d" -MT"Drivers/STM32F7xx_HAL_Driver/stm32f7xx_hal_pcd.o" --specs=nano.specs -mfpu=fpv5-d16 -mfloat-abi=hard -mthumb -o "Drivers/STM32F7xx_HAL_Driver/stm32f7xx_hal_pcd.o"
arm-none-eabi-gcc "C:/Users/sunsu/STM32Cube/Repository/STM32Cube_FW_F7_V1.17.1/Drivers/STM32F7xx_HAL_Driver/Src/stm32f7xx_hal_pcd_ex.c" -mcpu=cortex-m7 -std=gnu11 -g3 -DDEBUG -DUSE_HAL_DRIVER -DSTM32F767xx -c -I../Core/Inc -IC:/Users/sunsu/STM32Cube/Repository/STM32Cube_FW_F7_V1.17.1/Drivers/STM32F7xx_HAL_Driver/Inc -IC:/Users/sunsu/STM32Cube/Repository/STM32Cube_FW_F7_V1.17.1/Drivers/STM32F7xx_HAL_Driver/Inc/Legacy -IC:/Users/sunsu/STM32Cube/Repository/STM32Cube_FW_F7_V1.17.1/Drivers/CMSIS/Device/ST/STM32F7xx/Include -IC:/Users/sunsu/STM32Cube/Repository/STM32Cube_FW_F7_V1.17.1/Drivers/CMSIS/Include -I"D:/A My Project/01 KMITL Project/KMITL-2023-S1-Microcontroller/MAD-LabExam/lib" -O0 -ffunction-sections -fdata-sections -Wall -fstack-usage -fcyclomatic-complexity -MMD -MP -MF"Drivers/STM32F7xx_HAL_Driver/stm32f7xx_hal_pcd_ex.d" -MT"Drivers/STM32F7xx_HAL_Driver/stm32f7xx_hal_pcd_ex.o" --specs=nano.specs -mfpu=fpv5-d16 -mfloat-abi=hard -mthumb -o "Drivers/STM32F7xx_HAL_Driver/stm32f7xx_hal_pcd_ex.o"
arm-none-eabi-gcc "C:/Users/sunsu/STM32Cube/Repository/STM32Cube_FW_F7_V1.17.1/Drivers/STM32F7xx_HAL_Driver/Src/stm32f7xx_hal_pwr.c" -mcpu=cortex-m7 -std=gnu11 -g3 -DDEBUG -DUSE_HAL_DRIVER -DSTM32F767xx -c -I../Core/Inc -IC:/Users/sunsu/STM32Cube/Repository/STM32Cube_FW_F7_V1.17.1/Drivers/STM32F7xx_HAL_Driver/Inc -IC:/Users/sunsu/STM32Cube/Repository/STM32Cube_FW_F7_V1.17.1/Drivers/STM32F7xx_HAL_Driver/Inc/Legacy -IC:/Users/sunsu/STM32Cube/Repository/STM32Cube_FW_F7_V1.17.1/Drivers/CMSIS/Device/ST/STM32F7xx/Include -IC:/Users/sunsu/STM32Cube/Repository/STM32Cube_FW_F7_V1.17.1/Drivers/CMSIS/Include -I"D:/A My Project/01 KMITL Project/KMITL-2023-S1-Microcontroller/MAD-LabExam/lib" -O0 -ffunction-sections -fdata-sections -Wall -fstack-usage -fcyclomatic-complexity -MMD -MP -MF"Drivers/STM32F7xx_HAL_Driver/stm32f7xx_hal_pwr.d" -MT"Drivers/STM32F7xx_HAL_Driver/stm32f7xx_hal_pwr.o" --specs=nano.specs -mfpu=fpv5-d16 -mfloat-abi=hard -mthumb -o "Drivers/STM32F7xx_HAL_Driver/stm32f7xx_hal_pwr.o"
arm-none-eabi-gcc "C:/Users/sunsu/STM32Cube/Repository/STM32Cube_FW_F7_V1.17.1/Drivers/STM32F7xx_HAL_Driver/Src/stm32f7xx_hal_pwr_ex.c" -mcpu=cortex-m7 -std=gnu11 -g3 -DDEBUG -DUSE_HAL_DRIVER -DSTM32F767xx -c -I../Core/Inc -IC:/Users/sunsu/STM32Cube/Repository/STM32Cube_FW_F7_V1.17.1/Drivers/STM32F7xx_HAL_Driver/Inc -IC:/Users/sunsu/STM32Cube/Repository/STM32Cube_FW_F7_V1.17.1/Drivers/STM32F7xx_HAL_Driver/Inc/Legacy -IC:/Users/sunsu/STM32Cube/Repository/STM32Cube_FW_F7_V1.17.1/Drivers/CMSIS/Device/ST/STM32F7xx/Include -IC:/Users/sunsu/STM32Cube/Repository/STM32Cube_FW_F7_V1.17.1/Drivers/CMSIS/Include -I"D:/A My Project/01 KMITL Project/KMITL-2023-S1-Microcontroller/MAD-LabExam/lib" -O0 -ffunction-sections -fdata-sections -Wall -fstack-usage -fcyclomatic-complexity -MMD -MP -MF"Drivers/STM32F7xx_HAL_Driver/stm32f7xx_hal_pwr_ex.d" -MT"Drivers/STM32F7xx_HAL_Driver/stm32f7xx_hal_pwr_ex.o" --specs=nano.specs -mfpu=fpv5-d16 -mfloat-abi=hard -mthumb -o "Drivers/STM32F7xx_HAL_Driver/stm32f7xx_hal_pwr_ex.o"
arm-none-eabi-gcc "C:/Users/sunsu/STM32Cube/Repository/STM32Cube_FW_F7_V1.17.1/Drivers/STM32F7xx_HAL_Driver/Src/stm32f7xx_hal_rcc.c" -mcpu=cortex-m7 -std=gnu11 -g3 -DDEBUG -DUSE_HAL_DRIVER -DSTM32F767xx -c -I../Core/Inc -IC:/Users/sunsu/STM32Cube/Repository/STM32Cube_FW_F7_V1.17.1/Drivers/STM32F7xx_HAL_Driver/Inc -IC:/Users/sunsu/STM32Cube/Repository/STM32Cube_FW_F7_V1.17.1/Drivers/STM32F7xx_HAL_Driver/Inc/Legacy -IC:/Users/sunsu/STM32Cube/Repository/STM32Cube_FW_F7_V1.17.1/Drivers/CMSIS/Device/ST/STM32F7xx/Include -IC:/Users/sunsu/STM32Cube/Repository/STM32Cube_FW_F7_V1.17.1/Drivers/CMSIS/Include -I"D:/A My Project/01 KMITL Project/KMITL-2023-S1-Microcontroller/MAD-LabExam/lib" -O0 -ffunction-sections -fdata-sections -Wall -fstack-usage -fcyclomatic-complexity -MMD -MP -MF"Drivers/STM32F7xx_HAL_Driver/stm32f7xx_hal_rcc.d" -MT"Drivers/STM32F7xx_HAL_Driver/stm32f7xx_hal_rcc.o" --specs=nano.specs -mfpu=fpv5-d16 -mfloat-abi=hard -mthumb -o "Drivers/STM32F7xx_HAL_Driver/stm32f7xx_hal_rcc.o"
arm-none-eabi-gcc "C:/Users/sunsu/STM32Cube/Repository/STM32Cube_FW_F7_V1.17.1/Drivers/STM32F7xx_HAL_Driver/Src/stm32f7xx_hal_rcc_ex.c" -mcpu=cortex-m7 -std=gnu11 -g3 -DDEBUG -DUSE_HAL_DRIVER -DSTM32F767xx -c -I../Core/Inc -IC:/Users/sunsu/STM32Cube/Repository/STM32Cube_FW_F7_V1.17.1/Drivers/STM32F7xx_HAL_Driver/Inc -IC:/Users/sunsu/STM32Cube/Repository/STM32Cube_FW_F7_V1.17.1/Drivers/STM32F7xx_HAL_Driver/Inc/Legacy -IC:/Users/sunsu/STM32Cube/Repository/STM32Cube_FW_F7_V1.17.1/Drivers/CMSIS/Device/ST/STM32F7xx/Include -IC:/Users/sunsu/STM32Cube/Repository/STM32Cube_FW_F7_V1.17.1/Drivers/CMSIS/Include -I"D:/A My Project/01 KMITL Project/KMITL-2023-S1-Microcontroller/MAD-LabExam/lib" -O0 -ffunction-sections -fdata-sections -Wall -fstack-usage -fcyclomatic-complexity -MMD -MP -MF"Drivers/STM32F7xx_HAL_Driver/stm32f7xx_hal_rcc_ex.d" -MT"Drivers/STM32F7xx_HAL_Driver/stm32f7xx_hal_rcc_ex.o" --specs=nano.specs -mfpu=fpv5-d16 -mfloat-abi=hard -mthumb -o "Drivers/STM32F7xx_HAL_Driver/stm32f7xx_hal_rcc_ex.o"
arm-none-eabi-gcc "C:/Users/sunsu/STM32Cube/Repository/STM32Cube_FW_F7_V1.17.1/Drivers/STM32F7xx_HAL_Driver/Src/stm32f7xx_hal_tim.c" -mcpu=cortex-m7 -std=gnu11 -g3 -DDEBUG -DUSE_HAL_DRIVER -DSTM32F767xx -c -I../Core/Inc -IC:/Users/sunsu/STM32Cube/Repository/STM32Cube_FW_F7_V1.17.1/Drivers/STM32F7xx_HAL_Driver/Inc -IC:/Users/sunsu/STM32Cube/Repository/STM32Cube_FW_F7_V1.17.1/Drivers/STM32F7xx_HAL_Driver/Inc/Legacy -IC:/Users/sunsu/STM32Cube/Repository/STM32Cube_FW_F7_V1.17.1/Drivers/CMSIS/Device/ST/STM32F7xx/Include -IC:/Users/sunsu/STM32Cube/Repository/STM32Cube_FW_F7_V1.17.1/Drivers/CMSIS/Include -I"D:/A My Project/01 KMITL Project/KMITL-2023-S1-Microcontroller/MAD-LabExam/lib" -O0 -ffunction-sections -fdata-sections -Wall -fstack-usage -fcyclomatic-complexity -MMD -MP -MF"Drivers/STM32F7xx_HAL_Driver/stm32f7xx_hal_tim.d" -MT"Drivers/STM32F7xx_HAL_Driver/stm32f7xx_hal_tim.o" --specs=nano.specs -mfpu=fpv5-d16 -mfloat-abi=hard -mthumb -o "Drivers/STM32F7xx_HAL_Driver/stm32f7xx_hal_tim.o"
arm-none-eabi-gcc "C:/Users/sunsu/STM32Cube/Repository/STM32Cube_FW_F7_V1.17.1/Drivers/STM32F7xx_HAL_Driver/Src/stm32f7xx_hal_tim_ex.c" -mcpu=cortex-m7 -std=gnu11 -g3 -DDEBUG -DUSE_HAL_DRIVER -DSTM32F767xx -c -I../Core/Inc -IC:/Users/sunsu/STM32Cube/Repository/STM32Cube_FW_F7_V1.17.1/Drivers/STM32F7xx_HAL_Driver/Inc -IC:/Users/sunsu/STM32Cube/Repository/STM32Cube_FW_F7_V1.17.1/Drivers/STM32F7xx_HAL_Driver/Inc/Legacy -IC:/Users/sunsu/STM32Cube/Repository/STM32Cube_FW_F7_V1.17.1/Drivers/CMSIS/Device/ST/STM32F7xx/Include -IC:/Users/sunsu/STM32Cube/Repository/STM32Cube_FW_F7_V1.17.1/Drivers/CMSIS/Include -I"D:/A My Project/01 KMITL Project/KMITL-2023-S1-Microcontroller/MAD-LabExam/lib" -O0 -ffunction-sections -fdata-sections -Wall -fstack-usage -fcyclomatic-complexity -MMD -MP -MF"Drivers/STM32F7xx_HAL_Driver/stm32f7xx_hal_tim_ex.d" -MT"Drivers/STM32F7xx_HAL_Driver/stm32f7xx_hal_tim_ex.o" --specs=nano.specs -mfpu=fpv5-d16 -mfloat-abi=hard -mthumb -o "Drivers/STM32F7xx_HAL_Driver/stm32f7xx_hal_tim_ex.o"
arm-none-eabi-gcc "C:/Users/sunsu/STM32Cube/Repository/STM32Cube_FW_F7_V1.17.1/Drivers/STM32F7xx_HAL_Driver/Src/stm32f7xx_hal_uart.c" -mcpu=cortex-m7 -std=gnu11 -g3 -DDEBUG -DUSE_HAL_DRIVER -DSTM32F767xx -c -I../Core/Inc -IC:/Users/sunsu/STM32Cube/Repository/STM32Cube_FW_F7_V1.17.1/Drivers/STM32F7xx_HAL_Driver/Inc -IC:/Users/sunsu/STM32Cube/Repository/STM32Cube_FW_F7_V1.17.1/Drivers/STM32F7xx_HAL_Driver/Inc/Legacy -IC:/Users/sunsu/STM32Cube/Repository/STM32Cube_FW_F7_V1.17.1/Drivers/CMSIS/Device/ST/STM32F7xx/Include -IC:/Users/sunsu/STM32Cube/Repository/STM32Cube_FW_F7_V1.17.1/Drivers/CMSIS/Include -I"D:/A My Project/01 KMITL Project/KMITL-2023-S1-Microcontroller/MAD-LabExam/lib" -O0 -ffunction-sections -fdata-sections -Wall -fstack-usage -fcyclomatic-complexity -MMD -MP -MF"Drivers/STM32F7xx_HAL_Driver/stm32f7xx_hal_uart.d" -MT"Drivers/STM32F7xx_HAL_Driver/stm32f7xx_hal_uart.o" --specs=nano.specs -mfpu=fpv5-d16 -mfloat-abi=hard -mthumb -o "Drivers/STM32F7xx_HAL_Driver/stm32f7xx_hal_uart.o"
arm-none-eabi-gcc "C:/Users/sunsu/STM32Cube/Repository/STM32Cube_FW_F7_V1.17.1/Drivers/STM32F7xx_HAL_Driver/Src/stm32f7xx_hal_uart_ex.c" -mcpu=cortex-m7 -std=gnu11 -g3 -DDEBUG -DUSE_HAL_DRIVER -DSTM32F767xx -c -I../Core/Inc -IC:/Users/sunsu/STM32Cube/Repository/STM32Cube_FW_F7_V1.17.1/Drivers/STM32F7xx_HAL_Driver/Inc -IC:/Users/sunsu/STM32Cube/Repository/STM32Cube_FW_F7_V1.17.1/Drivers/STM32F7xx_HAL_Driver/Inc/Legacy -IC:/Users/sunsu/STM32Cube/Repository/STM32Cube_FW_F7_V1.17.1/Drivers/CMSIS/Device/ST/STM32F7xx/Include -IC:/Users/sunsu/STM32Cube/Repository/STM32Cube_FW_F7_V1.17.1/Drivers/CMSIS/Include -I"D:/A My Project/01 KMITL Project/KMITL-2023-S1-Microcontroller/MAD-LabExam/lib" -O0 -ffunction-sections -fdata-sections -Wall -fstack-usage -fcyclomatic-complexity -MMD -MP -MF"Drivers/STM32F7xx_HAL_Driver/stm32f7xx_hal_uart_ex.d" -MT"Drivers/STM32F7xx_HAL_Driver/stm32f7xx_hal_uart_ex.o" --specs=nano.specs -mfpu=fpv5-d16 -mfloat-abi=hard -mthumb -o "Drivers/STM32F7xx_HAL_Driver/stm32f7xx_hal_uart_ex.o"
arm-none-eabi-gcc "C:/Users/sunsu/STM32Cube/Repository/STM32Cube_FW_F7_V1.17.1/Drivers/STM32F7xx_HAL_Driver/Src/stm32f7xx_ll_usb.c" -mcpu=cortex-m7 -std=gnu11 -g3 -DDEBUG -DUSE_HAL_DRIVER -DSTM32F767xx -c -I../Core/Inc -IC:/Users/sunsu/STM32Cube/Repository/STM32Cube_FW_F7_V1.17.1/Drivers/STM32F7xx_HAL_Driver/Inc -IC:/Users/sunsu/STM32Cube/Repository/STM32Cube_FW_F7_V1.17.1/Drivers/STM32F7xx_HAL_Driver/Inc/Legacy -IC:/Users/sunsu/STM32Cube/Repository/STM32Cube_FW_F7_V1.17.1/Drivers/CMSIS/Device/ST/STM32F7xx/Include -IC:/Users/sunsu/STM32Cube/Repository/STM32Cube_FW_F7_V1.17.1/Drivers/CMSIS/Include -I"D:/A My Project/01 KMITL Project/KMITL-2023-S1-Microcontroller/MAD-LabExam/lib" -O0 -ffunction-sections -fdata-sections -Wall -fstack-usage -fcyclomatic-complexity -MMD -MP -MF"Drivers/STM32F7xx_HAL_Driver/stm32f7xx_ll_usb.d" -MT"Drivers/STM32F7xx_HAL_Driver/stm32f7xx_ll_usb.o" --specs=nano.specs -mfpu=fpv5-d16 -mfloat-abi=hard -mthumb -o "Drivers/STM32F7xx_HAL_Driver/stm32f7xx_ll_usb.o"
arm-none-eabi-gcc "../Core/Src/gpio.c" -mcpu=cortex-m7 -std=gnu11 -g3 -DDEBUG -DUSE_HAL_DRIVER -DSTM32F767xx -c -I../Core/Inc -IC:/Users/sunsu/STM32Cube/Repository/STM32Cube_FW_F7_V1.17.1/Drivers/STM32F7xx_HAL_Driver/Inc -IC:/Users/sunsu/STM32Cube/Repository/STM32Cube_FW_F7_V1.17.1/Drivers/STM32F7xx_HAL_Driver/Inc/Legacy -IC:/Users/sunsu/STM32Cube/Repository/STM32Cube_FW_F7_V1.17.1/Drivers/CMSIS/Device/ST/STM32F7xx/Include -IC:/Users/sunsu/STM32Cube/Repository/STM32Cube_FW_F7_V1.17.1/Drivers/CMSIS/Include -I"D:/A My Project/01 KMITL Project/KMITL-2023-S1-Microcontroller/MAD-LabExam/lib" -O0 -ffunction-sections -fdata-sections -Wall -fstack-usage -fcyclomatic-complexity -MMD -MP -MF"Core/Src/gpio.d" -MT"Core/Src/gpio.o" --specs=nano.specs -mfpu=fpv5-d16 -mfloat-abi=hard -mthumb -o "Core/Src/gpio.o"
arm-none-eabi-gcc "../Core/Src/i2c.c" -mcpu=cortex-m7 -std=gnu11 -g3 -DDEBUG -DUSE_HAL_DRIVER -DSTM32F767xx -c -I../Core/Inc -IC:/Users/sunsu/STM32Cube/Repository/STM32Cube_FW_F7_V1.17.1/Drivers/STM32F7xx_HAL_Driver/Inc -IC:/Users/sunsu/STM32Cube/Repository/STM32Cube_FW_F7_V1.17.1/Drivers/STM32F7xx_HAL_Driver/Inc/Legacy -IC:/Users/sunsu/STM32Cube/Repository/STM32Cube_FW_F7_V1.17.1/Drivers/CMSIS/Device/ST/STM32F7xx/Include -IC:/Users/sunsu/STM32Cube/Repository/STM32Cube_FW_F7_V1.17.1/Drivers/CMSIS/Include -I"D:/A My Project/01 KMITL Project/KMITL-2023-S1-Microcontroller/MAD-LabExam/lib" -O0 -ffunction-sections -fdata-sections -Wall -fstack-usage -fcyclomatic-complexity -MMD -MP -MF"Core/Src/i2c.d" -MT"Core/Src/i2c.o" --specs=nano.specs -mfpu=fpv5-d16 -mfloat-abi=hard -mthumb -o "Core/Src/i2c.o"
arm-none-eabi-gcc "../Core/Src/main.c" -mcpu=cortex-m7 -std=gnu11 -g3 -DDEBUG -DUSE_HAL_DRIVER -DSTM32F767xx -c -I../Core/Inc -IC:/Users/sunsu/STM32Cube/Repository/STM32Cube_FW_F7_V1.17.1/Drivers/STM32F7xx_HAL_Driver/Inc -IC:/Users/sunsu/STM32Cube/Repository/STM32Cube_FW_F7_V1.17.1/Drivers/STM32F7xx_HAL_Driver/Inc/Legacy -IC:/Users/sunsu/STM32Cube/Repository/STM32Cube_FW_F7_V1.17.1/Drivers/CMSIS/Device/ST/STM32F7xx/Include -IC:/Users/sunsu/STM32Cube/Repository/STM32Cube_FW_F7_V1.17.1/Drivers/CMSIS/Include -I"D:/A My Project/01 KMITL Project/KMITL-2023-S1-Microcontroller/MAD-LabExam/lib" -O0 -ffunction-sections -fdata-sections -Wall -fstack-usage -fcyclomatic-complexity -MMD -MP -MF"Core/Src/main.d" -MT"Core/Src/main.o" --specs=nano.specs -mfpu=fpv5-d16 -mfloat-abi=hard -mthumb -o "Core/Src/main.o"
arm-none-eabi-gcc "../Core/Src/stm32f7xx_hal_msp.c" -mcpu=cortex-m7 -std=gnu11 -g3 -DDEBUG -DUSE_HAL_DRIVER -DSTM32F767xx -c -I../Core/Inc -IC:/Users/sunsu/STM32Cube/Repository/STM32Cube_FW_F7_V1.17.1/Drivers/STM32F7xx_HAL_Driver/Inc -IC:/Users/sunsu/STM32Cube/Repository/STM32Cube_FW_F7_V1.17.1/Drivers/STM32F7xx_HAL_Driver/Inc/Legacy -IC:/Users/sunsu/STM32Cube/Repository/STM32Cube_FW_F7_V1.17.1/Drivers/CMSIS/Device/ST/STM32F7xx/Include -IC:/Users/sunsu/STM32Cube/Repository/STM32Cube_FW_F7_V1.17.1/Drivers/CMSIS/Include -I"D:/A My Project/01 KMITL Project/KMITL-2023-S1-Microcontroller/MAD-LabExam/lib" -O0 -ffunction-sections -fdata-sections -Wall -fstack-usage -fcyclomatic-complexity -MMD -MP -MF"Core/Src/stm32f7xx_hal_msp.d" -MT"Core/Src/stm32f7xx_hal_msp.o" --specs=nano.specs -mfpu=fpv5-d16 -mfloat-abi=hard -mthumb -o "Core/Src/stm32f7xx_hal_msp.o"
arm-none-eabi-gcc "../Core/Src/stm32f7xx_it.c" -mcpu=cortex-m7 -std=gnu11 -g3 -DDEBUG -DUSE_HAL_DRIVER -DSTM32F767xx -c -I../Core/Inc -IC:/Users/sunsu/STM32Cube/Repository/STM32Cube_FW_F7_V1.17.1/Drivers/STM32F7xx_HAL_Driver/Inc -IC:/Users/sunsu/STM32Cube/Repository/STM32Cube_FW_F7_V1.17.1/Drivers/STM32F7xx_HAL_Driver/Inc/Legacy -IC:/Users/sunsu/STM32Cube/Repository/STM32Cube_FW_F7_V1.17.1/Drivers/CMSIS/Device/ST/STM32F7xx/Include -IC:/Users/sunsu/STM32Cube/Repository/STM32Cube_FW_F7_V1.17.1/Drivers/CMSIS/Include -I"D:/A My Project/01 KMITL Project/KMITL-2023-S1-Microcontroller/MAD-LabExam/lib" -O0 -ffunction-sections -fdata-sections -Wall -fstack-usage -fcyclomatic-complexity -MMD -MP -MF"Core/Src/stm32f7xx_it.d" -MT"Core/Src/stm32f7xx_it.o" --specs=nano.specs -mfpu=fpv5-d16 -mfloat-abi=hard -mthumb -o "Core/Src/stm32f7xx_it.o"
arm-none-eabi-gcc "../Core/Src/syscalls.c" -mcpu=cortex-m7 -std=gnu11 -g3 -DDEBUG -DUSE_HAL_DRIVER -DSTM32F767xx -c -I../Core/Inc -IC:/Users/sunsu/STM32Cube/Repository/STM32Cube_FW_F7_V1.17.1/Drivers/STM32F7xx_HAL_Driver/Inc -IC:/Users/sunsu/STM32Cube/Repository/STM32Cube_FW_F7_V1.17.1/Drivers/STM32F7xx_HAL_Driver/Inc/Legacy -IC:/Users/sunsu/STM32Cube/Repository/STM32Cube_FW_F7_V1.17.1/Drivers/CMSIS/Device/ST/STM32F7xx/Include -IC:/Users/sunsu/STM32Cube/Repository/STM32Cube_FW_F7_V1.17.1/Drivers/CMSIS/Include -I"D:/A My Project/01 KMITL Project/KMITL-2023-S1-Microcontroller/MAD-LabExam/lib" -O0 -ffunction-sections -fdata-sections -Wall -fstack-usage -fcyclomatic-complexity -MMD -MP -MF"Core/Src/syscalls.d" -MT"Core/Src/syscalls.o" --specs=nano.specs -mfpu=fpv5-d16 -mfloat-abi=hard -mthumb -o "Core/Src/syscalls.o"
arm-none-eabi-gcc "../Core/Src/sysmem.c" -mcpu=cortex-m7 -std=gnu11 -g3 -DDEBUG -DUSE_HAL_DRIVER -DSTM32F767xx -c -I../Core/Inc -IC:/Users/sunsu/STM32Cube/Repository/STM32Cube_FW_F7_V1.17.1/Drivers/STM32F7xx_HAL_Driver/Inc -IC:/Users/sunsu/STM32Cube/Repository/STM32Cube_FW_F7_V1.17.1/Drivers/STM32F7xx_HAL_Driver/Inc/Legacy -IC:/Users/sunsu/STM32Cube/Repository/STM32Cube_FW_F7_V1.17.1/Drivers/CMSIS/Device/ST/STM32F7xx/Include -IC:/Users/sunsu/STM32Cube/Repository/STM32Cube_FW_F7_V1.17.1/Drivers/CMSIS/Include -I"D:/A My Project/01 KMITL Project/KMITL-2023-S1-Microcontroller/MAD-LabExam/lib" -O0 -ffunction-sections -fdata-sections -Wall -fstack-usage -fcyclomatic-complexity -MMD -MP -MF"Core/Src/sysmem.d" -MT"Core/Src/sysmem.o" --specs=nano.specs -mfpu=fpv5-d16 -mfloat-abi=hard -mthumb -o "Core/Src/sysmem.o"
arm-none-eabi-gcc "../Core/Src/system_stm32f7xx.c" -mcpu=cortex-m7 -std=gnu11 -g3 -DDEBUG -DUSE_HAL_DRIVER -DSTM32F767xx -c -I../Core/Inc -IC:/Users/sunsu/STM32Cube/Repository/STM32Cube_FW_F7_V1.17.1/Drivers/STM32F7xx_HAL_Driver/Inc -IC:/Users/sunsu/STM32Cube/Repository/STM32Cube_FW_F7_V1.17.1/Drivers/STM32F7xx_HAL_Driver/Inc/Legacy -IC:/Users/sunsu/STM32Cube/Repository/STM32Cube_FW_F7_V1.17.1/Drivers/CMSIS/Device/ST/STM32F7xx/Include -IC:/Users/sunsu/STM32Cube/Repository/STM32Cube_FW_F7_V1.17.1/Drivers/CMSIS/Include -I"D:/A My Project/01 KMITL Project/KMITL-2023-S1-Microcontroller/MAD-LabExam/lib" -O0 -ffunction-sections -fdata-sections -Wall -fstack-usage -fcyclomatic-complexity -MMD -MP -MF"Core/Src/system_stm32f7xx.d" -MT"Core/Src/system_stm32f7xx.o" --specs=nano.specs -mfpu=fpv5-d16 -mfloat-abi=hard -mthumb -o "Core/Src/system_stm32f7xx.o"
arm-none-eabi-gcc "../Core/Src/tim.c" -mcpu=cortex-m7 -std=gnu11 -g3 -DDEBUG -DUSE_HAL_DRIVER -DSTM32F767xx -c -I../Core/Inc -IC:/Users/sunsu/STM32Cube/Repository/STM32Cube_FW_F7_V1.17.1/Drivers/STM32F7xx_HAL_Driver/Inc -IC:/Users/sunsu/STM32Cube/Repository/STM32Cube_FW_F7_V1.17.1/Drivers/STM32F7xx_HAL_Driver/Inc/Legacy -IC:/Users/sunsu/STM32Cube/Repository/STM32Cube_FW_F7_V1.17.1/Drivers/CMSIS/Device/ST/STM32F7xx/Include -IC:/Users/sunsu/STM32Cube/Repository/STM32Cube_FW_F7_V1.17.1/Drivers/CMSIS/Include -I"D:/A My Project/01 KMITL Project/KMITL-2023-S1-Microcontroller/MAD-LabExam/lib" -O0 -ffunction-sections -fdata-sections -Wall -fstack-usage -fcyclomatic-complexity -MMD -MP -MF"Core/Src/tim.d" -MT"Core/Src/tim.o" --specs=nano.specs -mfpu=fpv5-d16 -mfloat-abi=hard -mthumb -o "Core/Src/tim.o"
arm-none-eabi-gcc "../Core/Src/usart.c" -mcpu=cortex-m7 -std=gnu11 -g3 -DDEBUG -DUSE_HAL_DRIVER -DSTM32F767xx -c -I../Core/Inc -IC:/Users/sunsu/STM32Cube/Repository/STM32Cube_FW_F7_V1.17.1/Drivers/STM32F7xx_HAL_Driver/Inc -IC:/Users/sunsu/STM32Cube/Repository/STM32Cube_FW_F7_V1.17.1/Drivers/STM32F7xx_HAL_Driver/Inc/Legacy -IC:/Users/sunsu/STM32Cube/Repository/STM32Cube_FW_F7_V1.17.1/Drivers/CMSIS/Device/ST/STM32F7xx/Include -IC:/Users/sunsu/STM32Cube/Repository/STM32Cube_FW_F7_V1.17.1/Drivers/CMSIS/Include -I"D:/A My Project/01 KMITL Project/KMITL-2023-S1-Microcontroller/MAD-LabExam/lib" -O0 -ffunction-sections -fdata-sections -Wall -fstack-usage -fcyclomatic-complexity -MMD -MP -MF"Core/Src/usart.d" -MT"Core/Src/usart.o" --specs=nano.specs -mfpu=fpv5-d16 -mfloat-abi=hard -mthumb -o "Core/Src/usart.o"
arm-none-eabi-gcc "../Core/Src/usb_otg.c" -mcpu=cortex-m7 -std=gnu11 -g3 -DDEBUG -DUSE_HAL_DRIVER -DSTM32F767xx -c -I../Core/Inc -IC:/Users/sunsu/STM32Cube/Repository/STM32Cube_FW_F7_V1.17.1/Drivers/STM32F7xx_HAL_Driver/Inc -IC:/Users/sunsu/STM32Cube/Repository/STM32Cube_FW_F7_V1.17.1/Drivers/STM32F7xx_HAL_Driver/Inc/Legacy -IC:/Users/sunsu/STM32Cube/Repository/STM32Cube_FW_F7_V1.17.1/Drivers/CMSIS/Device/ST/STM32F7xx/Include -IC:/Users/sunsu/STM32Cube/Repository/STM32Cube_FW_F7_V1.17.1/Drivers/CMSIS/Include -I"D:/A My Project/01 KMITL Project/KMITL-2023-S1-Microcontroller/MAD-LabExam/lib" -O0 -ffunction-sections -fdata-sections -Wall -fstack-usage -fcyclomatic-complexity -MMD -MP -MF"Core/Src/usb_otg.d" -MT"Core/Src/usb_otg.o" --specs=nano.specs -mfpu=fpv5-d16 -mfloat-abi=hard -mthumb -o "Core/Src/usb_otg.o"
arm-none-eabi-gcc -o "MyExamTemplate.elf" @"objects.list"   -mcpu=cortex-m7 -T"D:\A My Project\01 KMITL Project\KMITL-2023-S1-Microcontroller\MAD-LabExam\MyExamTemplate\STM32F767ZITX_FLASH.ld" --specs=nosys.specs -Wl,-Map="MyExamTemplate.map" -Wl,--gc-sections -static --specs=nano.specs -mfpu=fpv5-d16 -mfloat-abi=hard -mthumb -u _printf_float -u _scanf_float -Wl,--start-group -lc -lm -Wl,--end-group
Finished building target: MyExamTemplate.elf
 
arm-none-eabi-size   MyExamTemplate.elf 
arm-none-eabi-objdump -h -S  MyExamTemplate.elf  > "MyExamTemplate.list"
   text	   data	    bss	    dec	    hex	filename
  40224	    476	   3492	  44192	   aca0	MyExamTemplate.elf
Finished building: default.size.stdout
 
Finished building: MyExamTemplate.list
 
15:50:10 **** Incremental Build of configuration Debug for project MyExamTemplate ****
make -j8 all 
arm-none-eabi-gcc "../Core/Src/main.c" -mcpu=cortex-m7 -std=gnu11 -g3 -DDEBUG -DUSE_HAL_DRIVER -DSTM32F767xx -c -I../Core/Inc -IC:/Users/sunsu/STM32Cube/Repository/STM32Cube_FW_F7_V1.17.1/Drivers/STM32F7xx_HAL_Driver/Inc -IC:/Users/sunsu/STM32Cube/Repository/STM32Cube_FW_F7_V1.17.1/Drivers/STM32F7xx_HAL_Driver/Inc/Legacy -IC:/Users/sunsu/STM32Cube/Repository/STM32Cube_FW_F7_V1.17.1/Drivers/CMSIS/Device/ST/STM32F7xx/Include -IC:/Users/sunsu/STM32Cube/Repository/STM32Cube_FW_F7_V1.17.1/Drivers/CMSIS/Include -I"D:/A My Project/01 KMITL Project/KMITL-2023-S1-Microcontroller/MAD-LabExam/lib" -O0 -ffunction-sections -fdata-sections -Wall -fstack-usage -fcyclomatic-complexity -MMD -MP -MF"Core/Src/main.d" -MT"Core/Src/main.o" --specs=nano.specs -mfpu=fpv5-d16 -mfloat-abi=hard -mthumb -o "Core/Src/main.o"
arm-none-eabi-gcc -o "MyExamTemplate.elf" @"objects.list"   -mcpu=cortex-m7 -T"D:\A My Project\01 KMITL Project\KMITL-2023-S1-Microcontroller\MAD-LabExam\MyExamTemplate\STM32F767ZITX_FLASH.ld" --specs=nosys.specs -Wl,-Map="MyExamTemplate.map" -Wl,--gc-sections -static --specs=nano.specs -mfpu=fpv5-d16 -mfloat-abi=hard -mthumb -u _printf_float -u _scanf_float -Wl,--start-group -lc -lm -Wl,--end-group
Finished building target: MyExamTemplate.elf
 
arm-none-eabi-size   MyExamTemplate.elf 
arm-none-eabi-objdump -h -S  MyExamTemplate.elf  > "MyExamTemplate.list"
   text	   data	    bss	    dec	    hex	filename
  40224	    476	   3492	  44192	   aca0	MyExamTemplate.elf
Finished building: default.size.stdout
 
Finished building: MyExamTemplate.list
 
16:10:20 **** Incremental Build of configuration Debug for project MyExamTemplate ****
make -j8 all 
arm-none-eabi-gcc "../Core/Src/main.c" -mcpu=cortex-m7 -std=gnu11 -g3 -DDEBUG -DUSE_HAL_DRIVER -DSTM32F767xx -c -I../Core/Inc -IC:/Users/sunsu/STM32Cube/Repository/STM32Cube_FW_F7_V1.17.1/Drivers/STM32F7xx_HAL_Driver/Inc -IC:/Users/sunsu/STM32Cube/Repository/STM32Cube_FW_F7_V1.17.1/Drivers/STM32F7xx_HAL_Driver/Inc/Legacy -IC:/Users/sunsu/STM32Cube/Repository/STM32Cube_FW_F7_V1.17.1/Drivers/CMSIS/Device/ST/STM32F7xx/Include -IC:/Users/sunsu/STM32Cube/Repository/STM32Cube_FW_F7_V1.17.1/Drivers/CMSIS/Include -I"D:/A My Project/01 KMITL Project/KMITL-2023-S1-Microcontroller/MAD-LabExam/lib" -O0 -ffunction-sections -fdata-sections -Wall -fstack-usage -fcyclomatic-complexity -MMD -MP -MF"Core/Src/main.d" -MT"Core/Src/main.o" --specs=nano.specs -mfpu=fpv5-d16 -mfloat-abi=hard -mthumb -o "Core/Src/main.o"
[...]
arm-none-eabi-gcc "../Drivers/STM32F7xx_HAL_Driver/Src/stm32f7xx_hal_i2c_ex.c" -mcpu=cortex-m7 -std=gnu11 -g3 -DDEBUG -DUSE_HAL_DRIVER -DSTM32F767xx -c -I../Core/Inc -I"D:/A My Project/01 KMITL Project/KMITL-2023-S1-Microcontroller/64011113_exam/MyExamTemplate/TestFolder" -I../Drivers/STM32F7xx_HAL_Driver/Inc -I../Drivers/STM32F7xx_HAL_Driver/Inc/Legacy -I../Drivers/CMSIS/Device/ST/STM32F7xx/Include -I../Drivers/CMSIS/Include -O0 -ffunction-sections -fdata-sections -Wall -fstack-usage -fcyclomatic-complexity -MMD -MP -MF"Drivers/STM32F7xx_HAL_Driver/Src/stm32f7xx_hal_i2c_ex.d" -MT"Drivers/STM32F7xx_HAL_Driver/Src/stm32f7xx_hal_i2c_ex.o" --specs=nano.specs -mfpu=fpv5-d16 -mfloat-abi=hard -mthumb -o "Drivers/STM32F7xx_HAL_Driver/Src/stm32f7xx_hal_i2c_ex.o"
arm-none-eabi-gcc "../Drivers/STM32F7xx_HAL_Driver/Src/stm32f7xx_hal_pcd.c" -mcpu=cortex-m7 -std=gnu11 -g3 -DDEBUG -DUSE_HAL_DRIVER -DSTM32F767xx -c -I../Core/Inc -I"D:/A My Project/01 KMITL Project/KMITL-2023-S1-Microcontroller/64011113_exam/MyExamTemplate/TestFolder" -I../Drivers/STM32F7xx_HAL_Driver/Inc -I../Drivers/STM32F7xx_HAL_Driver/Inc/Legacy -I../Drivers/CMSIS/Device/ST/STM32F7xx/Include -I../Drivers/CMSIS/Include -O0 -ffunction-sections -fdata-sections -Wall -fstack-usage -fcyclomatic-complexity -MMD -MP -MF"Drivers/STM32F7xx_HAL_Driver/Src/stm32f7xx_hal_pcd.d" -MT"Drivers/STM32F7xx_HAL_Driver/Src/stm32f7xx_hal_pcd.o" --specs=nano.specs -mfpu=fpv5-d16 -mfloat-abi=hard -mthumb -o "Drivers/STM32F7xx_HAL_Driver/Src/stm32f7xx_hal_pcd.o"
arm-none-eabi-gcc "../Drivers/STM32F7xx_HAL_Driver/Src/stm32f7xx_hal_pcd_ex.c" -mcpu=cortex-m7 -std=gnu11 -g3 -DDEBUG -DUSE_HAL_DRIVER -DSTM32F767xx -c -I../Core/Inc -I"D:/A My Project/01 KMITL Project/KMITL-2023-S1-Microcontroller/64011113_exam/MyExamTemplate/TestFolder" -I../Drivers/STM32F7xx_HAL_Driver/Inc -I../Drivers/STM32F7xx_HAL_Driver/Inc/Legacy -I../Drivers/CMSIS/Device/ST/STM32F7xx/Include -I../Drivers/CMSIS/Include -O0 -ffunction-sections -fdata-sections -Wall -fstack-usage -fcyclomatic-complexity -MMD -MP -MF"Drivers/STM32F7xx_HAL_Driver/Src/stm32f7xx_hal_pcd_ex.d" -MT"Drivers/STM32F7xx_HAL_Driver/Src/stm32f7xx_hal_pcd_ex.o" --specs=nano.specs -mfpu=fpv5-d16 -mfloat-abi=hard -mthumb -o "Drivers/STM32F7xx_HAL_Driver/Src/stm32f7xx_hal_pcd_ex.o"
arm-none-eabi-gcc "../Drivers/STM32F7xx_HAL_Driver/Src/stm32f7xx_hal_pwr.c" -mcpu=cortex-m7 -std=gnu11 -g3 -DDEBUG -DUSE_HAL_DRIVER -DSTM32F767xx -c -I../Core/Inc -I"D:/A My Project/01 KMITL Project/KMITL-2023-S1-Microcontroller/64011113_exam/MyExamTemplate/TestFolder" -I../Drivers/STM32F7xx_HAL_Driver/Inc -I../Drivers/STM32F7xx_HAL_Driver/Inc/Legacy -I../Drivers/CMSIS/Device/ST/STM32F7xx/Include -I../Drivers/CMSIS/Include -O0 -ffunction-sections -fdata-sections -Wall -fstack-usage -fcyclomatic-complexity -MMD -MP -MF"Drivers/STM32F7xx_HAL_Driver/Src/stm32f7xx_hal_pwr.d" -MT"Drivers/STM32F7xx_HAL_Driver/Src/stm32f7xx_hal_pwr.o" --specs=nano.specs -mfpu=fpv5-d16 -mfloat-abi=hard -mthumb -o "Drivers/STM32F7xx_HAL_Driver/Src/stm32f7xx_hal_pwr.o"
arm-none-eabi-gcc "../Drivers/STM32F7xx_HAL_Driver/Src/stm32f7xx_hal_pwr_ex.c" -mcpu=cortex-m7 -std=gnu11 -g3 -DDEBUG -DUSE_HAL_DRIVER -DSTM32F767xx -c -I../Core/Inc -I"D:/A My Project/01 KMITL Project/KMITL-2023-S1-Microcontroller/64011113_exam/MyExamTemplate/TestFolder" -I../Drivers/STM32F7xx_HAL_Driver/Inc -I../Drivers/STM32F7xx_HAL_Driver/Inc/Legacy -I../Drivers/CMSIS/Device/ST/STM32F7xx/Include -I../Drivers/CMSIS/Include -O0 -ffunction-sections -fdata-sections -Wall -fstack-usage -fcyclomatic-complexity -MMD -MP -MF"Drivers/STM32F7xx_HAL_Driver/Src/stm32f7xx_hal_pwr_ex.d" -MT"Drivers/STM32F7xx_HAL_Driver/Src/stm32f7xx_hal_pwr_ex.o" --specs=nano.specs -mfpu=fpv5-d16 -mfloat-abi=hard -mthumb -o "Drivers/STM32F7xx_HAL_Driver/Src/stm32f7xx_hal_pwr_ex.o"
arm-none-eabi-gcc "../Drivers/STM32F7xx_HAL_Driver/Src/stm32f7xx_hal_rcc.c" -mcpu=cortex-m7 -std=gnu11 -g3 -DDEBUG -DUSE_HAL_DRIVER -DSTM32F767xx -c -I../Core/Inc -I"D:/A My Project/01 KMITL Project/KMITL-2023-S1-Microcontroller/64011113_exam/MyExamTemplate/TestFolder" -I../Drivers/STM32F7xx_HAL_Driver/Inc -I../Drivers/STM32F7xx_HAL_Driver/Inc/Legacy -I../Drivers/CMSIS/Device/ST/STM32F7xx/Include -I../Drivers/CMSIS/Include -O0 -ffunction-sections -fdata-sections -Wall -fstack-usage -fcyclomatic-complexity -MMD -MP -MF"Drivers/STM32F7xx_HAL_Driver/Src/stm32f7xx_hal_rcc.d" -MT"Drivers/STM32F7xx_HAL_Driver/Src/stm32f7xx_hal_rcc.o" --specs=nano.specs -mfpu=fpv5-d16 -mfloat-abi=hard -mthumb -o "Drivers/STM32F7xx_HAL_Driver/Src/stm32f7xx_hal_rcc.o"
arm-none-eabi-gcc "../Drivers/STM32F7xx_HAL_Driver/Src/stm32f7xx_hal_rcc_ex.c" -mcpu=cortex-m7 -std=gnu11 -g3 -DDEBUG -DUSE_HAL_DRIVER -DSTM32F767xx -c -I../Core/Inc -I"D:/A My Project/01 KMITL Project/KMITL-2023-S1-Microcontroller/64011113_exam/MyExamTemplate/TestFolder" -I../Drivers/STM32F7xx_HAL_Driver/Inc -I../Drivers/STM32F7xx_HAL_Driver/Inc/Legacy -I../Drivers/CMSIS/Device/ST/STM32F7xx/Include -I../Drivers/CMSIS/Include -O0 -ffunction-sections -fdata-sections -Wall -fstack-usage -fcyclomatic-complexity -MMD -MP -MF"Drivers/STM32F7xx_HAL_Driver/Src/stm32f7xx_hal_rcc_ex.d" -MT"Drivers/STM32F7xx_HAL_Driver/Src/stm32f7xx_hal_rcc_ex.o" --specs=nano.specs -mfpu=fpv5-d16 -mfloat-abi=hard -mthumb -o "Drivers/STM32F7xx_HAL_Driver/Src/stm32f7xx_hal_rcc_ex.o"
arm-none-eabi-gcc "../Drivers/STM32F7xx_HAL_Driver/Src/stm32f7xx_hal_spi.c" -mcpu=cortex-m7 -std=gnu11 -g3 -DDEBUG -DUSE_HAL_DRIVER -DSTM32F767xx -c -I../Core/Inc -I"D:/A My Project/01 KMITL Project/KMITL-2023-S1-Microcontroller/64011113_exam/MyExamTemplate/TestFolder" -I../Drivers/STM32F7xx_HAL_Driver/Inc -I../Drivers/STM32F7xx_HAL_Driver/Inc/Legacy -I../Drivers/CMSIS/Device/ST/STM32F7xx/Include -I../Drivers/CMSIS/Include -O0 -ffunction-sections -fdata-sections -Wall -fstack-usage -fcyclomatic-complexity -MMD -MP -MF"Drivers/STM32F7xx_HAL_Driver/Src/stm32f7xx_hal_spi.d" -MT"Drivers/STM32F7xx_HAL_Driver/Src/stm32f7xx_hal_spi.o" --specs=nano.specs -mfpu=fpv5-d16 -mfloat-abi=hard -mthumb -o "Drivers/STM32F7xx_HAL_Driver/Src/stm32f7xx_hal_spi.o"
arm-none-eabi-gcc "../Drivers/STM32F7xx_HAL_Driver/Src/stm32f7xx_hal_spi_ex.c" -mcpu=cortex-m7 -std=gnu11 -g3 -DDEBUG -DUSE_HAL_DRIVER -DSTM32F767xx -c -I../Core/Inc -I"D:/A My Project/01 KMITL Project/KMITL-2023-S1-Microcontroller/64011113_exam/MyExamTemplate/TestFolder" -I../Drivers/STM32F7xx_HAL_Driver/Inc -I../Drivers/STM32F7xx_HAL_Driver/Inc/Legacy -I../Drivers/CMSIS/Device/ST/STM32F7xx/Include -I../Drivers/CMSIS/Include -O0 -ffunction-sections -fdata-sections -Wall -fstack-usage -fcyclomatic-complexity -MMD -MP -MF"Drivers/STM32F7xx_HAL_Driver/Src/stm32f7xx_hal_spi_ex.d" -MT"Drivers/STM32F7xx_HAL_Driver/Src/stm32f7xx_hal_spi_ex.o" --specs=nano.specs -mfpu=fpv5-d16 -mfloat-abi=hard -mthumb -o "Drivers/STM32F7xx_HAL_Driver/Src/stm32f7xx_hal_spi_ex.o"
arm-none-eabi-gcc "../Drivers/STM32F7xx_HAL_Driver/Src/stm32f7xx_hal_tim.c" -mcpu=cortex-m7 -std=gnu11 -g3 -DDEBUG -DUSE_HAL_DRIVER -DSTM32F767xx -c -I../Core/Inc -I"D:/A My Project/01 KMITL Project/KMITL-2023-S1-Microcontroller/64011113_exam/MyExamTemplate/TestFolder" -I../Drivers/STM32F7xx_HAL_Driver/Inc -I../Drivers/STM32F7xx_HAL_Driver/Inc/Legacy -I../Drivers/CMSIS/Device/ST/STM32F7xx/Include -I../Drivers/CMSIS/Include -O0 -ffunction-sections -fdata-sections -Wall -fstack-usage -fcyclomatic-complexity -MMD -MP -MF"Drivers/STM32F7xx_HAL_Driver/Src/stm32f7xx_hal_tim.d" -MT"Drivers/STM32F7xx_HAL_Driver/Src/stm32f7xx_hal_tim.o" --specs=nano.specs -mfpu=fpv5-d16 -mfloat-abi=hard -mthumb -o "Drivers/STM32F7xx_HAL_Driver/Src/stm32f7xx_hal_tim.o"
arm-none-eabi-gcc "../Drivers/STM32F7xx_HAL_Driver/Src/stm32f7xx_hal_tim_ex.c" -mcpu=cortex-m7 -std=gnu11 -g3 -DDEBUG -DUSE_HAL_DRIVER -DSTM32F767xx -c -I../Core/Inc -I"D:/A My Project/01 KMITL Project/KMITL-2023-S1-Microcontroller/64011113_exam/MyExamTemplate/TestFolder" -I../Drivers/STM32F7xx_HAL_Driver/Inc -I../Drivers/STM32F7xx_HAL_Driver/Inc/Legacy -I../Drivers/CMSIS/Device/ST/STM32F7xx/Include -I../Drivers/CMSIS/Include -O0 -ffunction-sections -fdata-sections -Wall -fstack-usage -fcyclomatic-complexity -MMD -MP -MF"Drivers/STM32F7xx_HAL_Driver/Src/stm32f7xx_hal_tim_ex.d" -MT"Drivers/STM32F7xx_HAL_Driver/Src/stm32f7xx_hal_tim_ex.o" --specs=nano.specs -mfpu=fpv5-d16 -mfloat-abi=hard -mthumb -o "Drivers/STM32F7xx_HAL_Driver/Src/stm32f7xx_hal_tim_ex.o"
arm-none-eabi-gcc "../Drivers/STM32F7xx_HAL_Driver/Src/stm32f7xx_hal_uart.c" -mcpu=cortex-m7 -std=gnu11 -g3 -DDEBUG -DUSE_HAL_DRIVER -DSTM32F767xx -c -I../Core/Inc -I"D:/A My Project/01 KMITL Project/KMITL-2023-S1-Microcontroller/64011113_exam/MyExamTemplate/TestFolder" -I../Drivers/STM32F7xx_HAL_Driver/Inc -I../Drivers/STM32F7xx_HAL_Driver/Inc/Legacy -I../Drivers/CMSIS/Device/ST/STM32F7xx/Include -I../Drivers/CMSIS/Include -O0 -ffunction-sections -fdata-sections -Wall -fstack-usage -fcyclomatic-complexity -MMD -MP -MF"Drivers/STM32F7xx_HAL_Driver/Src/stm32f7xx_hal_uart.d" -MT"Drivers/STM32F7xx_HAL_Driver/Src/stm32f7xx_hal_uart.o" --specs=nano.specs -mfpu=fpv5-d16 -mfloat-abi=hard -mthumb -o "Drivers/STM32F7xx_HAL_Driver/Src/stm32f7xx_hal_uart.o"
arm-none-eabi-gcc "../Drivers/STM32F7xx_HAL_Driver/Src/stm32f7xx_hal_uart_ex.c" -mcpu=cortex-m7 -std=gnu11 -g3 -DDEBUG -DUSE_HAL_DRIVER -DSTM32F767xx -c -I../Core/Inc -I"D:/A My Project/01 KMITL Project/KMITL-2023-S1-Microcontroller/64011113_exam/MyExamTemplate/TestFolder" -I../Drivers/STM32F7xx_HAL_Driver/Inc -I../Drivers/STM32F7xx_HAL_Driver/Inc/Legacy -I../Drivers/CMSIS/Device/ST/STM32F7xx/Include -I../Drivers/CMSIS/Include -O0 -ffunction-sections -fdata-sections -Wall -fstack-usage -fcyclomatic-complexity -MMD -MP -MF"Drivers/STM32F7xx_HAL_Driver/Src/stm32f7xx_hal_uart_ex.d" -MT"Drivers/STM32F7xx_HAL_Driver/Src/stm32f7xx_hal_uart_ex.o" --specs=nano.specs -mfpu=fpv5-d16 -mfloat-abi=hard -mthumb -o "Drivers/STM32F7xx_HAL_Driver/Src/stm32f7xx_hal_uart_ex.o"
arm-none-eabi-gcc "../Drivers/STM32F7xx_HAL_Driver/Src/stm32f7xx_ll_usb.c" -mcpu=cortex-m7 -std=gnu11 -g3 -DDEBUG -DUSE_HAL_DRIVER -DSTM32F767xx -c -I../Core/Inc -I"D:/A My Project/01 KMITL Project/KMITL-2023-S1-Microcontroller/64011113_exam/MyExamTemplate/TestFolder" -I../Drivers/STM32F7xx_HAL_Driver/Inc -I../Drivers/STM32F7xx_HAL_Driver/Inc/Legacy -I../Drivers/CMSIS/Device/ST/STM32F7xx/Include -I../Drivers/CMSIS/Include -O0 -ffunction-sections -fdata-sections -Wall -fstack-usage -fcyclomatic-complexity -MMD -MP -MF"Drivers/STM32F7xx_HAL_Driver/Src/stm32f7xx_ll_usb.d" -MT"Drivers/STM32F7xx_HAL_Driver/Src/stm32f7xx_ll_usb.o" --specs=nano.specs -mfpu=fpv5-d16 -mfloat-abi=hard -mthumb -o "Drivers/STM32F7xx_HAL_Driver/Src/stm32f7xx_ll_usb.o"
arm-none-eabi-gcc -mcpu=cortex-m7 -g3 -DDEBUG -c -I"D:/A My Project/01 KMITL Project/KMITL-2023-S1-Microcontroller/64011113_exam/MyExamTemplate/Drivers" -x assembler-with-cpp -MMD -MP -MF"Core/Startup/startup_stm32f767zitx.d" -MT"Core/Startup/startup_stm32f767zitx.o" --specs=nano.specs -mfpu=fpv5-d16 -mfloat-abi=hard -mthumb -o "Core/Startup/startup_stm32f767zitx.o" "../Core/Startup/startup_stm32f767zitx.s"
arm-none-eabi-gcc "../Core/Src/adc.c" -mcpu=cortex-m7 -std=gnu11 -g3 -DDEBUG -DUSE_HAL_DRIVER -DSTM32F767xx -c -I../Core/Inc -I"D:/A My Project/01 KMITL Project/KMITL-2023-S1-Microcontroller/64011113_exam/MyExamTemplate/TestFolder" -I../Drivers/STM32F7xx_HAL_Driver/Inc -I../Drivers/STM32F7xx_HAL_Driver/Inc/Legacy -I../Drivers/CMSIS/Device/ST/STM32F7xx/Include -I../Drivers/CMSIS/Include -O0 -ffunction-sections -fdata-sections -Wall -fstack-usage -fcyclomatic-complexity -MMD -MP -MF"Core/Src/adc.d" -MT"Core/Src/adc.o" --specs=nano.specs -mfpu=fpv5-d16 -mfloat-abi=hard -mthumb -o "Core/Src/adc.o"
arm-none-eabi-gcc "../Core/Src/gpio.c" -mcpu=cortex-m7 -std=gnu11 -g3 -DDEBUG -DUSE_HAL_DRIVER -DSTM32F767xx -c -I../Core/Inc -I"D:/A My Project/01 KMITL Project/KMITL-2023-S1-Microcontroller/64011113_exam/MyExamTemplate/TestFolder" -I../Drivers/STM32F7xx_HAL_Driver/Inc -I../Drivers/STM32F7xx_HAL_Driver/Inc/Legacy -I../Drivers/CMSIS/Device/ST/STM32F7xx/Include -I../Drivers/CMSIS/Include -O0 -ffunction-sections -fdata-sections -Wall -fstack-usage -fcyclomatic-complexity -MMD -MP -MF"Core/Src/gpio.d" -MT"Core/Src/gpio.o" --specs=nano.specs -mfpu=fpv5-d16 -mfloat-abi=hard -mthumb -o "Core/Src/gpio.o"
arm-none-eabi-gcc "../Core/Src/i2c.c" -mcpu=cortex-m7 -std=gnu11 -g3 -DDEBUG -DUSE_HAL_DRIVER -DSTM32F767xx -c -I../Core/Inc -I"D:/A My Project/01 KMITL Project/KMITL-2023-S1-Microcontroller/64011113_exam/MyExamTemplate/TestFolder" -I../Drivers/STM32F7xx_HAL_Driver/Inc -I../Drivers/STM32F7xx_HAL_Driver/Inc/Legacy -I../Drivers/CMSIS/Device/ST/STM32F7xx/Include -I../Drivers/CMSIS/Include -O0 -ffunction-sections -fdata-sections -Wall -fstack-usage -fcyclomatic-complexity -MMD -MP -MF"Core/Src/i2c.d" -MT"Core/Src/i2c.o" --specs=nano.specs -mfpu=fpv5-d16 -mfloat-abi=hard -mthumb -o "Core/Src/i2c.o"
arm-none-eabi-gcc "../Core/Src/main.c" -mcpu=cortex-m7 -std=gnu11 -g3 -DDEBUG -DUSE_HAL_DRIVER -DSTM32F767xx -c -I../Core/Inc -I"D:/A My Project/01 KMITL Project/KMITL-2023-S1-Microcontroller/64011113_exam/MyExamTemplate/TestFolder" -I../Drivers/STM32F7xx_HAL_Driver/Inc -I../Drivers/STM32F7xx_HAL_Driver/Inc/Legacy -I../Drivers/CMSIS/Device/ST/STM32F7xx/Include -I../Drivers/CMSIS/Include -O0 -ffunction-sections -fdata-sections -Wall -fstack-usage -fcyclomatic-complexity -MMD -MP -MF"Core/Src/main.d" -MT"Core/Src/main.o" --specs=nano.specs -mfpu=fpv5-d16 -mfloat-abi=hard -mthumb -o "Core/Src/main.o"
arm-none-eabi-gcc "../Core/Src/spi.c" -mcpu=cortex-m7 -std=gnu11 -g3 -DDEBUG -DUSE_HAL_DRIVER -DSTM32F767xx -c -I../Core/Inc -I"D:/A My Project/01 KMITL Project/KMITL-2023-S1-Microcontroller/64011113_exam/MyExamTemplate/TestFolder" -I../Drivers/STM32F7xx_HAL_Driver/Inc -I../Drivers/STM32F7xx_HAL_Driver/Inc/Legacy -I../Drivers/CMSIS/Device/ST/STM32F7xx/Include -I../Drivers/CMSIS/Include -O0 -ffunction-sections -fdata-sections -Wall -fstack-usage -fcyclomatic-complexity -MMD -MP -MF"Core/Src/spi.d" -MT"Core/Src/spi.o" --specs=nano.specs -mfpu=fpv5-d16 -mfloat-abi=hard -mthumb -o "Core/Src/spi.o"
arm-none-eabi-gcc "../Core/Src/stm32f7xx_hal_msp.c" -mcpu=cortex-m7 -std=gnu11 -g3 -DDEBUG -DUSE_HAL_DRIVER -DSTM32F767xx -c -I../Core/Inc -I"D:/A My Project/01 KMITL Project/KMITL-2023-S1-Microcontroller/64011113_exam/MyExamTemplate/TestFolder" -I../Drivers/STM32F7xx_HAL_Driver/Inc -I../Drivers/STM32F7xx_HAL_Driver/Inc/Legacy -I../Drivers/CMSIS/Device/ST/STM32F7xx/Include -I../Drivers/CMSIS/Include -O0 -ffunction-sections -fdata-sections -Wall -fstack-usage -fcyclomatic-complexity -MMD -MP -MF"Core/Src/stm32f7xx_hal_msp.d" -MT"Core/Src/stm32f7xx_hal_msp.o" --specs=nano.specs -mfpu=fpv5-d16 -mfloat-abi=hard -mthumb -o "Core/Src/stm32f7xx_hal_msp.o"
arm-none-eabi-gcc "../Core/Src/stm32f7xx_it.c" -mcpu=cortex-m7 -std=gnu11 -g3 -DDEBUG -DUSE_HAL_DRIVER -DSTM32F767xx -c -I../Core/Inc -I"D:/A My Project/01 KMITL Project/KMITL-2023-S1-Microcontroller/64011113_exam/MyExamTemplate/TestFolder" -I../Drivers/STM32F7xx_HAL_Driver/Inc -I../Drivers/STM32F7xx_HAL_Driver/Inc/Legacy -I../Drivers/CMSIS/Device/ST/STM32F7xx/Include -I../Drivers/CMSIS/Include -O0 -ffunction-sections -fdata-sections -Wall -fstack-usage -fcyclomatic-complexity -MMD -MP -MF"Core/Src/stm32f7xx_it.d" -MT"Core/Src/stm32f7xx_it.o" --specs=nano.specs -mfpu=fpv5-d16 -mfloat-abi=hard -mthumb -o "Core/Src/stm32f7xx_it.o"
arm-none-eabi-gcc "../Core/Src/syscalls.c" -mcpu=cortex-m7 -std=gnu11 -g3 -DDEBUG -DUSE_HAL_DRIVER -DSTM32F767xx -c -I../Core/Inc -I"D:/A My Project/01 KMITL Project/KMITL-2023-S1-Microcontroller/64011113_exam/MyExamTemplate/TestFolder" -I../Drivers/STM32F7xx_HAL_Driver/Inc -I../Drivers/STM32F7xx_HAL_Driver/Inc/Legacy -I../Drivers/CMSIS/Device/ST/STM32F7xx/Include -I../Drivers/CMSIS/Include -O0 -ffunction-sections -fdata-sections -Wall -fstack-usage -fcyclomatic-complexity -MMD -MP -MF"Core/Src/syscalls.d" -MT"Core/Src/syscalls.o" --specs=nano.specs -mfpu=fpv5-d16 -mfloat-abi=hard -mthumb -o "Core/Src/syscalls.o"
arm-none-eabi-gcc "../Core/Src/sysmem.c" -mcpu=cortex-m7 -std=gnu11 -g3 -DDEBUG -DUSE_HAL_DRIVER -DSTM32F767xx -c -I../Core/Inc -I"D:/A My Project/01 KMITL Project/KMITL-2023-S1-Microcontroller/64011113_exam/MyExamTemplate/TestFolder" -I../Drivers/STM32F7xx_HAL_Driver/Inc -I../Drivers/STM32F7xx_HAL_Driver/Inc/Legacy -I../Drivers/CMSIS/Device/ST/STM32F7xx/Include -I../Drivers/CMSIS/Include -O0 -ffunction-sections -fdata-sections -Wall -fstack-usage -fcyclomatic-complexity -MMD -MP -MF"Core/Src/sysmem.d" -MT"Core/Src/sysmem.o" --specs=nano.specs -mfpu=fpv5-d16 -mfloat-abi=hard -mthumb -o "Core/Src/sysmem.o"
arm-none-eabi-gcc "../Core/Src/system_stm32f7xx.c" -mcpu=cortex-m7 -std=gnu11 -g3 -DDEBUG -DUSE_HAL_DRIVER -DSTM32F767xx -c -I../Core/Inc -I"D:/A My Project/01 KMITL Project/KMITL-2023-S1-Microcontroller/64011113_exam/MyExamTemplate/TestFolder" -I../Drivers/STM32F7xx_HAL_Driver/Inc -I../Drivers/STM32F7xx_HAL_Driver/Inc/Legacy -I../Drivers/CMSIS/Device/ST/STM32F7xx/Include -I../Drivers/CMSIS/Include -O0 -ffunction-sections -fdata-sections -Wall -fstack-usage -fcyclomatic-complexity -MMD -MP -MF"Core/Src/system_stm32f7xx.d" -MT"Core/Src/system_stm32f7xx.o" --specs=nano.specs -mfpu=fpv5-d16 -mfloat-abi=hard -mthumb -o "Core/Src/system_stm32f7xx.o"
arm-none-eabi-gcc "../Core/Src/tim.c" -mcpu=cortex-m7 -std=gnu11 -g3 -DDEBUG -DUSE_HAL_DRIVER -DSTM32F767xx -c -I../Core/Inc -I"D:/A My Project/01 KMITL Project/KMITL-2023-S1-Microcontroller/64011113_exam/MyExamTemplate/TestFolder" -I../Drivers/STM32F7xx_HAL_Driver/Inc -I../Drivers/STM32F7xx_HAL_Driver/Inc/Legacy -I../Drivers/CMSIS/Device/ST/STM32F7xx/Include -I../Drivers/CMSIS/Include -O0 -ffunction-sections -fdata-sections -Wall -fstack-usage -fcyclomatic-complexity -MMD -MP -MF"Core/Src/tim.d" -MT"Core/Src/tim.o" --specs=nano.specs -mfpu=fpv5-d16 -mfloat-abi=hard -mthumb -o "Core/Src/tim.o"
arm-none-eabi-gcc "../Core/Src/usart.c" -mcpu=cortex-m7 -std=gnu11 -g3 -DDEBUG -DUSE_HAL_DRIVER -DSTM32F767xx -c -I../Core/Inc -I"D:/A My Project/01 KMITL Project/KMITL-2023-S1-Microcontroller/64011113_exam/MyExamTemplate/TestFolder" -I../Drivers/STM32F7xx_HAL_Driver/Inc -I../Drivers/STM32F7xx_HAL_Driver/Inc/Legacy -I../Drivers/CMSIS/Device/ST/STM32F7xx/Include -I../Drivers/CMSIS/Include -O0 -ffunction-sections -fdata-sections -Wall -fstack-usage -fcyclomatic-complexity -MMD -MP -MF"Core/Src/usart.d" -MT"Core/Src/usart.o" --specs=nano.specs -mfpu=fpv5-d16 -mfloat-abi=hard -mthumb -o "Core/Src/usart.o"
arm-none-eabi-gcc "../Core/Src/usb_otg.c" -mcpu=cortex-m7 -std=gnu11 -g3 -DDEBUG -DUSE_HAL_DRIVER -DSTM32F767xx -c -I../Core/Inc -I"D:/A My Project/01 KMITL Project/KMITL-2023-S1-Microcontroller/64011113_exam/MyExamTemplate/TestFolder" -I../Drivers/STM32F7xx_HAL_Driver/Inc -I../Drivers/STM32F7xx_HAL_Driver/Inc/Legacy -I../Drivers/CMSIS/Device/ST/STM32F7xx/Include -I../Drivers/CMSIS/Include -O0 -ffunction-sections -fdata-sections -Wall -fstack-usage -fcyclomatic-complexity -MMD -MP -MF"Core/Src/usb_otg.d" -MT"Core/Src/usb_otg.o" --specs=nano.specs -mfpu=fpv5-d16 -mfloat-abi=hard -mthumb -o "Core/Src/usb_otg.o"
arm-none-eabi-gcc -o "MyExamTemplate.elf" @"objects.list"   -mcpu=cortex-m7 -T"D:\A My Project\01 KMITL Project\KMITL-2023-S1-Microcontroller\64011113_exam\MyExamTemplate\STM32F767ZITX_FLASH.ld" --specs=nosys.specs -Wl,-Map="MyExamTemplate.map" -Wl,--gc-sections -static --specs=nano.specs -mfpu=fpv5-d16 -mfloat-abi=hard -mthumb -u _printf_float -u _scanf_float -Wl,--start-group -lc -lm -Wl,--end-group
Finished building target: MyExamTemplate.elf
 
arm-none-eabi-size   MyExamTemplate.elf 
arm-none-eabi-objdump -h -S  MyExamTemplate.elf  > "MyExamTemplate.list"
   text	   data	    bss	    dec	    hex	filename
  43568	    476	   3812	  47856	   baf0	MyExamTemplate.elf
Finished building: default.size.stdout
 
Finished building: MyExamTemplate.list
 
