../Drivers/STM32F7xx_HAL_Driver/Src/stm32f7xx_hal_tim.c:271:19:HAL_TIM_Base_Init	16	static
../Drivers/STM32F7xx_HAL_Driver/Src/stm32f7xx_hal_tim.c:327:19:HAL_TIM_Base_DeInit	16	static
../Drivers/STM32F7xx_HAL_Driver/Src/stm32f7xx_hal_tim.c:369:13:HAL_TIM_Base_MspInit	16	static
../Drivers/STM32F7xx_HAL_Driver/Src/stm32f7xx_hal_tim.c:383:13:HAL_TIM_Base_MspDeInit	16	static
../Drivers/STM32F7xx_HAL_Driver/Src/stm32f7xx_hal_tim.c:397:19:HAL_TIM_Base_Start	24	static
../Drivers/STM32F7xx_HAL_Driver/Src/stm32f7xx_hal_tim.c:430:19:HAL_TIM_Base_Stop	16	static
../Drivers/STM32F7xx_HAL_Driver/Src/stm32f7xx_hal_tim.c:449:19:HAL_TIM_Base_Start_IT	24	static
../Drivers/STM32F7xx_HAL_Driver/Src/stm32f7xx_hal_tim.c:485:19:HAL_TIM_Base_Stop_IT	16	static
../Drivers/STM32F7xx_HAL_Driver/Src/stm32f7xx_hal_tim.c:509:19:HAL_TIM_Base_Start_DMA	32	static
../Drivers/STM32F7xx_HAL_Driver/Src/stm32f7xx_hal_tim.c:566:19:HAL_TIM_Base_Stop_DMA	16	static
../Drivers/STM32F7xx_HAL_Driver/Src/stm32f7xx_hal_tim.c:620:19:HAL_TIM_OC_Init	16	static
../Drivers/STM32F7xx_HAL_Driver/Src/stm32f7xx_hal_tim.c:676:19:HAL_TIM_OC_DeInit	16	static
../Drivers/STM32F7xx_HAL_Driver/Src/stm32f7xx_hal_tim.c:718:13:HAL_TIM_OC_MspInit	16	static
../Drivers/STM32F7xx_HAL_Driver/Src/stm32f7xx_hal_tim.c:732:13:HAL_TIM_OC_MspDeInit	16	static
../Drivers/STM32F7xx_HAL_Driver/Src/stm32f7xx_hal_tim.c:754:19:HAL_TIM_OC_Start	24	static
../Drivers/STM32F7xx_HAL_Driver/Src/stm32f7xx_hal_tim.c:803:19:HAL_TIM_OC_Stop	16	static
../Drivers/STM32F7xx_HAL_Driver/Src/stm32f7xx_hal_tim.c:836:19:HAL_TIM_OC_Start_IT	24	static
../Drivers/STM32F7xx_HAL_Driver/Src/stm32f7xx_hal_tim.c:912:19:HAL_TIM_OC_Stop_IT	16	static
../Drivers/STM32F7xx_HAL_Driver/Src/stm32f7xx_hal_tim.c:976:19:HAL_TIM_OC_Start_DMA	32	static
../Drivers/STM32F7xx_HAL_Driver/Src/stm32f7xx_hal_tim.c:1117:19:HAL_TIM_OC_Stop_DMA	16	static
../Drivers/STM32F7xx_HAL_Driver/Src/stm32f7xx_hal_tim.c:1207:19:HAL_TIM_PWM_Init	16	static
../Drivers/STM32F7xx_HAL_Driver/Src/stm32f7xx_hal_tim.c:1263:19:HAL_TIM_PWM_DeInit	16	static
../Drivers/STM32F7xx_HAL_Driver/Src/stm32f7xx_hal_tim.c:1305:13:HAL_TIM_PWM_MspInit	16	static
../Drivers/STM32F7xx_HAL_Driver/Src/stm32f7xx_hal_tim.c:1319:13:HAL_TIM_PWM_MspDeInit	16	static
../Drivers/STM32F7xx_HAL_Driver/Src/stm32f7xx_hal_tim.c:1341:19:HAL_TIM_PWM_Start	24	static
../Drivers/STM32F7xx_HAL_Driver/Src/stm32f7xx_hal_tim.c:1390:19:HAL_TIM_PWM_Stop	16	static
../Drivers/STM32F7xx_HAL_Driver/Src/stm32f7xx_hal_tim.c:1423:19:HAL_TIM_PWM_Start_IT	24	static
../Drivers/STM32F7xx_HAL_Driver/Src/stm32f7xx_hal_tim.c:1499:19:HAL_TIM_PWM_Stop_IT	16	static
../Drivers/STM32F7xx_HAL_Driver/Src/stm32f7xx_hal_tim.c:1563:19:HAL_TIM_PWM_Start_DMA	32	static
../Drivers/STM32F7xx_HAL_Driver/Src/stm32f7xx_hal_tim.c:1703:19:HAL_TIM_PWM_Stop_DMA	16	static
../Drivers/STM32F7xx_HAL_Driver/Src/stm32f7xx_hal_tim.c:1794:19:HAL_TIM_IC_Init	16	static
../Drivers/STM32F7xx_HAL_Driver/Src/stm32f7xx_hal_tim.c:1850:19:HAL_TIM_IC_DeInit	16	static
../Drivers/STM32F7xx_HAL_Driver/Src/stm32f7xx_hal_tim.c:1892:13:HAL_TIM_IC_MspInit	16	static
../Drivers/STM32F7xx_HAL_Driver/Src/stm32f7xx_hal_tim.c:1906:13:HAL_TIM_IC_MspDeInit	16	static
../Drivers/STM32F7xx_HAL_Driver/Src/stm32f7xx_hal_tim.c:1926:19:HAL_TIM_IC_Start	24	static
../Drivers/STM32F7xx_HAL_Driver/Src/stm32f7xx_hal_tim.c:1974:19:HAL_TIM_IC_Stop	16	static
../Drivers/STM32F7xx_HAL_Driver/Src/stm32f7xx_hal_tim.c:2003:19:HAL_TIM_IC_Start_IT	24	static
../Drivers/STM32F7xx_HAL_Driver/Src/stm32f7xx_hal_tim.c:2079:19:HAL_TIM_IC_Stop_IT	16	static
../Drivers/STM32F7xx_HAL_Driver/Src/stm32f7xx_hal_tim.c:2139:19:HAL_TIM_IC_Start_DMA	32	static
../Drivers/STM32F7xx_HAL_Driver/Src/stm32f7xx_hal_tim.c:2284:19:HAL_TIM_IC_Stop_DMA	16	static
../Drivers/STM32F7xx_HAL_Driver/Src/stm32f7xx_hal_tim.c:2377:19:HAL_TIM_OnePulse_Init	16	static
../Drivers/STM32F7xx_HAL_Driver/Src/stm32f7xx_hal_tim.c:2443:19:HAL_TIM_OnePulse_DeInit	16	static
../Drivers/STM32F7xx_HAL_Driver/Src/stm32f7xx_hal_tim.c:2487:13:HAL_TIM_OnePulse_MspInit	16	static
../Drivers/STM32F7xx_HAL_Driver/Src/stm32f7xx_hal_tim.c:2501:13:HAL_TIM_OnePulse_MspDeInit	16	static
../Drivers/STM32F7xx_HAL_Driver/Src/stm32f7xx_hal_tim.c:2520:19:HAL_TIM_OnePulse_Start	24	static
../Drivers/STM32F7xx_HAL_Driver/Src/stm32f7xx_hal_tim.c:2579:19:HAL_TIM_OnePulse_Stop	16	static
../Drivers/STM32F7xx_HAL_Driver/Src/stm32f7xx_hal_tim.c:2621:19:HAL_TIM_OnePulse_Start_IT	24	static
../Drivers/STM32F7xx_HAL_Driver/Src/stm32f7xx_hal_tim.c:2686:19:HAL_TIM_OnePulse_Stop_IT	16	static
../Drivers/STM32F7xx_HAL_Driver/Src/stm32f7xx_hal_tim.c:2764:19:HAL_TIM_Encoder_Init	32	static
../Drivers/STM32F7xx_HAL_Driver/Src/stm32f7xx_hal_tim.c:2875:19:HAL_TIM_Encoder_DeInit	16	static
../Drivers/STM32F7xx_HAL_Driver/Src/stm32f7xx_hal_tim.c:2919:13:HAL_TIM_Encoder_MspInit	16	static
../Drivers/STM32F7xx_HAL_Driver/Src/stm32f7xx_hal_tim.c:2933:13:HAL_TIM_Encoder_MspDeInit	16	static
../Drivers/STM32F7xx_HAL_Driver/Src/stm32f7xx_hal_tim.c:2952:19:HAL_TIM_Encoder_Start	24	static
../Drivers/STM32F7xx_HAL_Driver/Src/stm32f7xx_hal_tim.c:3040:19:HAL_TIM_Encoder_Stop	16	static
../Drivers/STM32F7xx_HAL_Driver/Src/stm32f7xx_hal_tim.c:3095:19:HAL_TIM_Encoder_Start_IT	24	static
../Drivers/STM32F7xx_HAL_Driver/Src/stm32f7xx_hal_tim.c:3189:19:HAL_TIM_Encoder_Stop_IT	16	static
../Drivers/STM32F7xx_HAL_Driver/Src/stm32f7xx_hal_tim.c:3248:19:HAL_TIM_Encoder_Start_DMA	32	static
../Drivers/STM32F7xx_HAL_Driver/Src/stm32f7xx_hal_tim.c:3442:19:HAL_TIM_Encoder_Stop_DMA	16	static
../Drivers/STM32F7xx_HAL_Driver/Src/stm32f7xx_hal_tim.c:3513:6:HAL_TIM_IRQHandler	16	static
../Drivers/STM32F7xx_HAL_Driver/Src/stm32f7xx_hal_tim.c:3716:19:HAL_TIM_OC_ConfigChannel	24	static
../Drivers/STM32F7xx_HAL_Driver/Src/stm32f7xx_hal_tim.c:3803:19:HAL_TIM_IC_ConfigChannel	24	static
../Drivers/STM32F7xx_HAL_Driver/Src/stm32f7xx_hal_tim.c:3883:19:HAL_TIM_PWM_ConfigChannel	24	static
../Drivers/STM32F7xx_HAL_Driver/Src/stm32f7xx_hal_tim.c:4019:19:HAL_TIM_OnePulse_ConfigChannel	56	static
../Drivers/STM32F7xx_HAL_Driver/Src/stm32f7xx_hal_tim.c:4156:19:HAL_TIM_DMABurst_WriteStart	32	static
../Drivers/STM32F7xx_HAL_Driver/Src/stm32f7xx_hal_tim.c:4210:19:HAL_TIM_DMABurst_MultiWriteStart	24	static
../Drivers/STM32F7xx_HAL_Driver/Src/stm32f7xx_hal_tim.c:4375:19:HAL_TIM_DMABurst_WriteStop	16	static
../Drivers/STM32F7xx_HAL_Driver/Src/stm32f7xx_hal_tim.c:4469:19:HAL_TIM_DMABurst_ReadStart	32	static
../Drivers/STM32F7xx_HAL_Driver/Src/stm32f7xx_hal_tim.c:4523:19:HAL_TIM_DMABurst_MultiReadStart	24	static
../Drivers/STM32F7xx_HAL_Driver/Src/stm32f7xx_hal_tim.c:4693:19:HAL_TIM_DMABurst_ReadStop	16	static
../Drivers/STM32F7xx_HAL_Driver/Src/stm32f7xx_hal_tim.c:4763:19:HAL_TIM_GenerateEvent	16	static
../Drivers/STM32F7xx_HAL_Driver/Src/stm32f7xx_hal_tim.c:4802:19:HAL_TIM_ConfigOCrefClear	24	static
../Drivers/STM32F7xx_HAL_Driver/Src/stm32f7xx_hal_tim.c:4928:19:HAL_TIM_ConfigClockSource	24	static
../Drivers/STM32F7xx_HAL_Driver/Src/stm32f7xx_hal_tim.c:5070:19:HAL_TIM_ConfigTI1Input	24	static
../Drivers/STM32F7xx_HAL_Driver/Src/stm32f7xx_hal_tim.c:5102:19:HAL_TIM_SlaveConfigSynchro	16	static
../Drivers/STM32F7xx_HAL_Driver/Src/stm32f7xx_hal_tim.c:5141:19:HAL_TIM_SlaveConfigSynchro_IT	16	static
../Drivers/STM32F7xx_HAL_Driver/Src/stm32f7xx_hal_tim.c:5182:10:HAL_TIM_ReadCapturedValue	24	static
../Drivers/STM32F7xx_HAL_Driver/Src/stm32f7xx_hal_tim.c:5260:13:HAL_TIM_PeriodElapsedCallback	16	static
../Drivers/STM32F7xx_HAL_Driver/Src/stm32f7xx_hal_tim.c:5274:13:HAL_TIM_PeriodElapsedHalfCpltCallback	16	static
../Drivers/STM32F7xx_HAL_Driver/Src/stm32f7xx_hal_tim.c:5288:13:HAL_TIM_OC_DelayElapsedCallback	16	static
../Drivers/STM32F7xx_HAL_Driver/Src/stm32f7xx_hal_tim.c:5302:13:HAL_TIM_IC_CaptureCallback	16	static
../Drivers/STM32F7xx_HAL_Driver/Src/stm32f7xx_hal_tim.c:5316:13:HAL_TIM_IC_CaptureHalfCpltCallback	16	static
../Drivers/STM32F7xx_HAL_Driver/Src/stm32f7xx_hal_tim.c:5330:13:HAL_TIM_PWM_PulseFinishedCallback	16	static
../Drivers/STM32F7xx_HAL_Driver/Src/stm32f7xx_hal_tim.c:5344:13:HAL_TIM_PWM_PulseFinishedHalfCpltCallback	16	static
../Drivers/STM32F7xx_HAL_Driver/Src/stm32f7xx_hal_tim.c:5358:13:HAL_TIM_TriggerCallback	16	static
../Drivers/STM32F7xx_HAL_Driver/Src/stm32f7xx_hal_tim.c:5372:13:HAL_TIM_TriggerHalfCpltCallback	16	static
../Drivers/STM32F7xx_HAL_Driver/Src/stm32f7xx_hal_tim.c:5386:13:HAL_TIM_ErrorCallback	16	static
../Drivers/STM32F7xx_HAL_Driver/Src/stm32f7xx_hal_tim.c:5912:22:HAL_TIM_Base_GetState	16	static
../Drivers/STM32F7xx_HAL_Driver/Src/stm32f7xx_hal_tim.c:5921:22:HAL_TIM_OC_GetState	16	static
../Drivers/STM32F7xx_HAL_Driver/Src/stm32f7xx_hal_tim.c:5930:22:HAL_TIM_PWM_GetState	16	static
../Drivers/STM32F7xx_HAL_Driver/Src/stm32f7xx_hal_tim.c:5939:22:HAL_TIM_IC_GetState	16	static
../Drivers/STM32F7xx_HAL_Driver/Src/stm32f7xx_hal_tim.c:5948:22:HAL_TIM_OnePulse_GetState	16	static
../Drivers/STM32F7xx_HAL_Driver/Src/stm32f7xx_hal_tim.c:5957:22:HAL_TIM_Encoder_GetState	16	static
../Drivers/STM32F7xx_HAL_Driver/Src/stm32f7xx_hal_tim.c:5966:23:HAL_TIM_GetActiveChannel	16	static
../Drivers/STM32F7xx_HAL_Driver/Src/stm32f7xx_hal_tim.c:5983:29:HAL_TIM_GetChannelState	24	static
../Drivers/STM32F7xx_HAL_Driver/Src/stm32f7xx_hal_tim.c:6000:30:HAL_TIM_DMABurstState	16	static
../Drivers/STM32F7xx_HAL_Driver/Src/stm32f7xx_hal_tim.c:6024:6:TIM_DMAError	24	static
../Drivers/STM32F7xx_HAL_Driver/Src/stm32f7xx_hal_tim.c:6058:13:TIM_DMADelayPulseCplt	24	static
../Drivers/STM32F7xx_HAL_Driver/Src/stm32f7xx_hal_tim.c:6108:6:TIM_DMADelayPulseHalfCplt	24	static
../Drivers/STM32F7xx_HAL_Driver/Src/stm32f7xx_hal_tim.c:6138:6:TIM_DMACaptureCplt	24	static
../Drivers/STM32F7xx_HAL_Driver/Src/stm32f7xx_hal_tim.c:6196:6:TIM_DMACaptureHalfCplt	24	static
../Drivers/STM32F7xx_HAL_Driver/Src/stm32f7xx_hal_tim.c:6226:13:TIM_DMAPeriodElapsedCplt	24	static
../Drivers/STM32F7xx_HAL_Driver/Src/stm32f7xx_hal_tim.c:6246:13:TIM_DMAPeriodElapsedHalfCplt	24	static
../Drivers/STM32F7xx_HAL_Driver/Src/stm32f7xx_hal_tim.c:6262:13:TIM_DMATriggerCplt	24	static
../Drivers/STM32F7xx_HAL_Driver/Src/stm32f7xx_hal_tim.c:6282:13:TIM_DMATriggerHalfCplt	24	static
../Drivers/STM32F7xx_HAL_Driver/Src/stm32f7xx_hal_tim.c:6299:6:TIM_Base_SetConfig	24	static
../Drivers/STM32F7xx_HAL_Driver/Src/stm32f7xx_hal_tim.c:6343:13:TIM_OC1_SetConfig	32	static
../Drivers/STM32F7xx_HAL_Driver/Src/stm32f7xx_hal_tim.c:6415:6:TIM_OC2_SetConfig	32	static
../Drivers/STM32F7xx_HAL_Driver/Src/stm32f7xx_hal_tim.c:6488:13:TIM_OC3_SetConfig	32	static
../Drivers/STM32F7xx_HAL_Driver/Src/stm32f7xx_hal_tim.c:6559:13:TIM_OC4_SetConfig	32	static
../Drivers/STM32F7xx_HAL_Driver/Src/stm32f7xx_hal_tim.c:6617:13:TIM_OC5_SetConfig	32	static
../Drivers/STM32F7xx_HAL_Driver/Src/stm32f7xx_hal_tim.c:6667:13:TIM_OC6_SetConfig	32	static
../Drivers/STM32F7xx_HAL_Driver/Src/stm32f7xx_hal_tim.c:6718:26:TIM_SlaveTimer_SetConfig	32	static
../Drivers/STM32F7xx_HAL_Driver/Src/stm32f7xx_hal_tim.c:6837:6:TIM_TI1_SetConfig	32	static
../Drivers/STM32F7xx_HAL_Driver/Src/stm32f7xx_hal_tim.c:6880:13:TIM_TI1_ConfigInputStage	32	static
../Drivers/STM32F7xx_HAL_Driver/Src/stm32f7xx_hal_tim.c:6923:13:TIM_TI2_SetConfig	32	static
../Drivers/STM32F7xx_HAL_Driver/Src/stm32f7xx_hal_tim.c:6962:13:TIM_TI2_ConfigInputStage	32	static
../Drivers/STM32F7xx_HAL_Driver/Src/stm32f7xx_hal_tim.c:7005:13:TIM_TI3_SetConfig	32	static
../Drivers/STM32F7xx_HAL_Driver/Src/stm32f7xx_hal_tim.c:7052:13:TIM_TI4_SetConfig	32	static
../Drivers/STM32F7xx_HAL_Driver/Src/stm32f7xx_hal_tim.c:7094:13:TIM_ITRx_SetConfig	24	static
../Drivers/STM32F7xx_HAL_Driver/Src/stm32f7xx_hal_tim.c:7123:6:TIM_ETR_SetConfig	32	static
../Drivers/STM32F7xx_HAL_Driver/Src/stm32f7xx_hal_tim.c:7155:6:TIM_CCxChannelCmd	32	static
