../Drivers/STM32F7xx_HAL_Driver/Src/stm32f7xx_hal_dma.c:172:19:HAL_DMA_Init	32	static
../Drivers/STM32F7xx_HAL_Driver/Src/stm32f7xx_hal_dma.c:302:19:HAL_DMA_DeInit	24	static
../Drivers/STM32F7xx_HAL_Driver/Src/stm32f7xx_hal_dma.c:397:19:HAL_DMA_Start	32	static
../Drivers/STM32F7xx_HAL_Driver/Src/stm32f7xx_hal_dma.c:438:19:HAL_DMA_Start_IT	32	static
../Drivers/STM32F7xx_HAL_Driver/Src/stm32f7xx_hal_dma.c:497:19:HAL_DMA_Abort	24	static
../Drivers/STM32F7xx_HAL_Driver/Src/stm32f7xx_hal_dma.c:558:19:HAL_DMA_Abort_IT	16	static
../Drivers/STM32F7xx_HAL_Driver/Src/stm32f7xx_hal_dma.c:584:19:HAL_DMA_PollForTransfer	48	static
../Drivers/STM32F7xx_HAL_Driver/Src/stm32f7xx_hal_dma.c:706:6:HAL_DMA_IRQHandler	32	static
../Drivers/STM32F7xx_HAL_Driver/Src/stm32f7xx_hal_dma.c:891:19:HAL_DMA_RegisterCallback	32	static
../Drivers/STM32F7xx_HAL_Driver/Src/stm32f7xx_hal_dma.c:948:19:HAL_DMA_UnRegisterCallback	24	static
../Drivers/STM32F7xx_HAL_Driver/Src/stm32f7xx_hal_dma.c:1029:22:HAL_DMA_GetState	16	static
../Drivers/STM32F7xx_HAL_Driver/Src/stm32f7xx_hal_dma.c:1039:10:HAL_DMA_GetError	16	static
../Drivers/STM32F7xx_HAL_Driver/Src/stm32f7xx_hal_dma.c:1064:13:DMA_SetConfig	24	static
../Drivers/STM32F7xx_HAL_Driver/Src/stm32f7xx_hal_dma.c:1096:17:DMA_CalcBaseAndBitshift	24	static
../Drivers/STM32F7xx_HAL_Driver/Src/stm32f7xx_hal_dma.c:1123:26:DMA_CheckFifoParam	24	static
