../Drivers/STM32F7xx_HAL_Driver/Src/stm32f7xx_hal_uart_ex.c:151:19:HAL_RS485Ex_Init	32	static
../Drivers/STM32F7xx_HAL_Driver/Src/stm32f7xx_hal_uart_ex.c:295:19:HAL_UARTEx_EnableClockStopMode	16	static
../Drivers/STM32F7xx_HAL_Driver/Src/stm32f7xx_hal_uart_ex.c:313:19:HAL_UARTEx_DisableClockStopMode	16	static
../Drivers/STM32F7xx_HAL_Driver/Src/stm32f7xx_hal_uart_ex.c:340:19:HAL_MultiProcessorEx_AddressLength_Set	16	static
../Drivers/STM32F7xx_HAL_Driver/Src/stm32f7xx_hal_uart_ex.c:378:19:HAL_UARTEx_StopModeWakeUpSourceConfig	40	static
../Drivers/STM32F7xx_HAL_Driver/Src/stm32f7xx_hal_uart_ex.c:433:19:HAL_UARTEx_EnableStopMode	16	static
../Drivers/STM32F7xx_HAL_Driver/Src/stm32f7xx_hal_uart_ex.c:451:19:HAL_UARTEx_DisableStopMode	16	static
../Drivers/STM32F7xx_HAL_Driver/Src/stm32f7xx_hal_uart_ex.c:482:19:HAL_UARTEx_ReceiveToIdle	40	static
../Drivers/STM32F7xx_HAL_Driver/Src/stm32f7xx_hal_uart_ex.c:593:19:HAL_UARTEx_ReceiveToIdle_IT	32	static
../Drivers/STM32F7xx_HAL_Driver/Src/stm32f7xx_hal_uart_ex.c:647:19:HAL_UARTEx_ReceiveToIdle_DMA	32	static
../Drivers/STM32F7xx_HAL_Driver/Src/stm32f7xx_hal_uart_ex.c:703:13:UARTEx_Wakeup_AddressConfig	24	static
