Archive member included to satisfy reference by file (symbol)

C:/Users/sunsu/.eclipse/com.st.stm32cube.ide.mcu.rcp.product_1.13.0_559691278_win32_win32_x86_64/plugins/com.st.stm32cube.ide.mcu.externaltools.gnu-tools-for-stm32.11.3.rel1.win32_1.1.1.202309131626/tools/bin/../lib/gcc/arm-none-eabi/11.3.1/../../../../arm-none-eabi/lib/thumb/v7e-m+dp/hard\libc_nano.a(libc_a-exit.o)
                              C:/Users/sunsu/.eclipse/com.st.stm32cube.ide.mcu.rcp.product_1.13.0_559691278_win32_win32_x86_64/plugins/com.st.stm32cube.ide.mcu.externaltools.gnu-tools-for-stm32.11.3.rel1.win32_1.1.1.202309131626/tools/bin/../lib/gcc/arm-none-eabi/11.3.1/../../../../arm-none-eabi/lib/thumb/v7e-m+dp/hard/crt0.o (exit)
C:/Users/sunsu/.eclipse/com.st.stm32cube.ide.mcu.rcp.product_1.13.0_559691278_win32_win32_x86_64/plugins/com.st.stm32cube.ide.mcu.externaltools.gnu-tools-for-stm32.11.3.rel1.win32_1.1.1.202309131626/tools/bin/../lib/gcc/arm-none-eabi/11.3.1/../../../../arm-none-eabi/lib/thumb/v7e-m+dp/hard\libc_nano.a(libc_a-nano-vfprintf_float.o)
                              (_printf_float)
C:/Users/sunsu/.eclipse/com.st.stm32cube.ide.mcu.rcp.product_1.13.0_559691278_win32_win32_x86_64/plugins/com.st.stm32cube.ide.mcu.externaltools.gnu-tools-for-stm32.11.3.rel1.win32_1.1.1.202309131626/tools/bin/../lib/gcc/arm-none-eabi/11.3.1/../../../../arm-none-eabi/lib/thumb/v7e-m+dp/hard\libc_nano.a(libc_a-nano-vfprintf_i.o)
                              C:/Users/sunsu/.eclipse/com.st.stm32cube.ide.mcu.rcp.product_1.13.0_559691278_win32_win32_x86_64/plugins/com.st.stm32cube.ide.mcu.externaltools.gnu-tools-for-stm32.11.3.rel1.win32_1.1.1.202309131626/tools/bin/../lib/gcc/arm-none-eabi/11.3.1/../../../../arm-none-eabi/lib/thumb/v7e-m+dp/hard\libc_nano.a(libc_a-nano-vfprintf_float.o) (_printf_common)
C:/Users/sunsu/.eclipse/com.st.stm32cube.ide.mcu.rcp.product_1.13.0_559691278_win32_win32_x86_64/plugins/com.st.stm32cube.ide.mcu.externaltools.gnu-tools-for-stm32.11.3.rel1.win32_1.1.1.202309131626/tools/bin/../lib/gcc/arm-none-eabi/11.3.1/../../../../arm-none-eabi/lib/thumb/v7e-m+dp/hard\libc_nano.a(libc_a-nano-vfscanf_float.o)
                              (_scanf_float)
C:/Users/sunsu/.eclipse/com.st.stm32cube.ide.mcu.rcp.product_1.13.0_559691278_win32_win32_x86_64/plugins/com.st.stm32cube.ide.mcu.externaltools.gnu-tools-for-stm32.11.3.rel1.win32_1.1.1.202309131626/tools/bin/../lib/gcc/arm-none-eabi/11.3.1/../../../../arm-none-eabi/lib/thumb/v7e-m+dp/hard\libc_nano.a(libc_a-findfp.o)
                              C:/Users/sunsu/.eclipse/com.st.stm32cube.ide.mcu.rcp.product_1.13.0_559691278_win32_win32_x86_64/plugins/com.st.stm32cube.ide.mcu.externaltools.gnu-tools-for-stm32.11.3.rel1.win32_1.1.1.202309131626/tools/bin/../lib/gcc/arm-none-eabi/11.3.1/../../../../arm-none-eabi/lib/thumb/v7e-m+dp/hard\libc_nano.a(libc_a-exit.o) (__stdio_exit_handler)
C:/Users/sunsu/.eclipse/com.st.stm32cube.ide.mcu.rcp.product_1.13.0_559691278_win32_win32_x86_64/plugins/com.st.stm32cube.ide.mcu.externaltools.gnu-tools-for-stm32.11.3.rel1.win32_1.1.1.202309131626/tools/bin/../lib/gcc/arm-none-eabi/11.3.1/../../../../arm-none-eabi/lib/thumb/v7e-m+dp/hard\libc_nano.a(libc_a-fwalk.o)
                              C:/Users/sunsu/.eclipse/com.st.stm32cube.ide.mcu.rcp.product_1.13.0_559691278_win32_win32_x86_64/plugins/com.st.stm32cube.ide.mcu.externaltools.gnu-tools-for-stm32.11.3.rel1.win32_1.1.1.202309131626/tools/bin/../lib/gcc/arm-none-eabi/11.3.1/../../../../arm-none-eabi/lib/thumb/v7e-m+dp/hard\libc_nano.a(libc_a-findfp.o) (_fwalk_sglue)
C:/Users/sunsu/.eclipse/com.st.stm32cube.ide.mcu.rcp.product_1.13.0_559691278_win32_win32_x86_64/plugins/com.st.stm32cube.ide.mcu.externaltools.gnu-tools-for-stm32.11.3.rel1.win32_1.1.1.202309131626/tools/bin/../lib/gcc/arm-none-eabi/11.3.1/../../../../arm-none-eabi/lib/thumb/v7e-m+dp/hard\libc_nano.a(libc_a-sprintf.o)
                              ./MyLib/my_basic.o (sprintf)
C:/Users/sunsu/.eclipse/com.st.stm32cube.ide.mcu.rcp.product_1.13.0_559691278_win32_win32_x86_64/plugins/com.st.stm32cube.ide.mcu.externaltools.gnu-tools-for-stm32.11.3.rel1.win32_1.1.1.202309131626/tools/bin/../lib/gcc/arm-none-eabi/11.3.1/../../../../arm-none-eabi/lib/thumb/v7e-m+dp/hard\libc_nano.a(libc_a-stdio.o)
                              C:/Users/sunsu/.eclipse/com.st.stm32cube.ide.mcu.rcp.product_1.13.0_559691278_win32_win32_x86_64/plugins/com.st.stm32cube.ide.mcu.externaltools.gnu-tools-for-stm32.11.3.rel1.win32_1.1.1.202309131626/tools/bin/../lib/gcc/arm-none-eabi/11.3.1/../../../../arm-none-eabi/lib/thumb/v7e-m+dp/hard\libc_nano.a(libc_a-findfp.o) (__sread)
C:/Users/sunsu/.eclipse/com.st.stm32cube.ide.mcu.rcp.product_1.13.0_559691278_win32_win32_x86_64/plugins/com.st.stm32cube.ide.mcu.externaltools.gnu-tools-for-stm32.11.3.rel1.win32_1.1.1.202309131626/tools/bin/../lib/gcc/arm-none-eabi/11.3.1/../../../../arm-none-eabi/lib/thumb/v7e-m+dp/hard\libc_nano.a(libc_a-memset.o)
[...]
Memory Configuration

Name             Origin             Length             Attributes
RAM              0x0000000020000000 0x0000000000080000 xrw
FLASH            0x0000000008000000 0x0000000000200000 xr
*default*        0x0000000000000000 0xffffffffffffffff

Linker script and memory map

LOAD C:/Users/sunsu/.eclipse/com.st.stm32cube.ide.mcu.rcp.product_1.13.0_559691278_win32_win32_x86_64/plugins/com.st.stm32cube.ide.mcu.externaltools.gnu-tools-for-stm32.11.3.rel1.win32_1.1.1.202309131626/tools/bin/../lib/gcc/arm-none-eabi/11.3.1/thumb/v7e-m+dp/hard/crti.o
LOAD C:/Users/sunsu/.eclipse/com.st.stm32cube.ide.mcu.rcp.product_1.13.0_559691278_win32_win32_x86_64/plugins/com.st.stm32cube.ide.mcu.externaltools.gnu-tools-for-stm32.11.3.rel1.win32_1.1.1.202309131626/tools/bin/../lib/gcc/arm-none-eabi/11.3.1/thumb/v7e-m+dp/hard/crtbegin.o
LOAD C:/Users/sunsu/.eclipse/com.st.stm32cube.ide.mcu.rcp.product_1.13.0_559691278_win32_win32_x86_64/plugins/com.st.stm32cube.ide.mcu.externaltools.gnu-tools-for-stm32.11.3.rel1.win32_1.1.1.202309131626/tools/bin/../lib/gcc/arm-none-eabi/11.3.1/../../../../arm-none-eabi/lib/thumb/v7e-m+dp/hard/crt0.o
LOAD ./Core/Src/adc.o
LOAD ./Core/Src/dma.o
LOAD ./Core/Src/gpio.o
LOAD ./Core/Src/i2c.o
LOAD ./Core/Src/main.o
LOAD ./Core/Src/rng.o
LOAD ./Core/Src/spi.o
LOAD ./Core/Src/stm32f7xx_hal_msp.o
LOAD ./Core/Src/stm32f7xx_it.o
LOAD ./Core/Src/syscalls.o
LOAD ./Core/Src/sysmem.o
LOAD ./Core/Src/system_stm32f7xx.o
LOAD ./Core/Src/tim.o
LOAD ./Core/Src/usart.o
LOAD ./Core/Startup/startup_stm32f767zitx.o
LOAD ./Drivers/ILI9341/ILI9341_GFX.o
LOAD ./Drivers/ILI9341/ILI9341_STM32_Driver.o
LOAD ./Drivers/ILI9341/ILI9341_Touchscreen.o
LOAD ./Drivers/STM32F7xx_HAL_Driver/Src/stm32f7xx_hal.o
LOAD ./Drivers/STM32F7xx_HAL_Driver/Src/stm32f7xx_hal_adc.o
LOAD ./Drivers/STM32F7xx_HAL_Driver/Src/stm32f7xx_hal_adc_ex.o
LOAD ./Drivers/STM32F7xx_HAL_Driver/Src/stm32f7xx_hal_cortex.o
LOAD ./Drivers/STM32F7xx_HAL_Driver/Src/stm32f7xx_hal_dma.o
LOAD ./Drivers/STM32F7xx_HAL_Driver/Src/stm32f7xx_hal_dma_ex.o
LOAD ./Drivers/STM32F7xx_HAL_Driver/Src/stm32f7xx_hal_exti.o
LOAD ./Drivers/STM32F7xx_HAL_Driver/Src/stm32f7xx_hal_flash.o
LOAD ./Drivers/STM32F7xx_HAL_Driver/Src/stm32f7xx_hal_flash_ex.o
LOAD ./Drivers/STM32F7xx_HAL_Driver/Src/stm32f7xx_hal_gpio.o
LOAD ./Drivers/STM32F7xx_HAL_Driver/Src/stm32f7xx_hal_i2c.o
LOAD ./Drivers/STM32F7xx_HAL_Driver/Src/stm32f7xx_hal_i2c_ex.o
LOAD ./Drivers/STM32F7xx_HAL_Driver/Src/stm32f7xx_hal_pwr.o
LOAD ./Drivers/STM32F7xx_HAL_Driver/Src/stm32f7xx_hal_pwr_ex.o
LOAD ./Drivers/STM32F7xx_HAL_Driver/Src/stm32f7xx_hal_rcc.o
LOAD ./Drivers/STM32F7xx_HAL_Driver/Src/stm32f7xx_hal_rcc_ex.o
LOAD ./Drivers/STM32F7xx_HAL_Driver/Src/stm32f7xx_hal_rng.o
LOAD ./Drivers/STM32F7xx_HAL_Driver/Src/stm32f7xx_hal_spi.o
LOAD ./Drivers/STM32F7xx_HAL_Driver/Src/stm32f7xx_hal_spi_ex.o
LOAD ./Drivers/STM32F7xx_HAL_Driver/Src/stm32f7xx_hal_tim.o
LOAD ./Drivers/STM32F7xx_HAL_Driver/Src/stm32f7xx_hal_tim_ex.o
LOAD ./Drivers/STM32F7xx_HAL_Driver/Src/stm32f7xx_hal_uart.o
LOAD ./Drivers/STM32F7xx_HAL_Driver/Src/stm32f7xx_hal_uart_ex.o
LOAD ./MyLib/icons.o
LOAD ./MyLib/joystick.o
LOAD ./MyLib/my_basic.o
LOAD ./MyLib/my_lcd.o
START GROUP
LOAD C:/Users/sunsu/.eclipse/com.st.stm32cube.ide.mcu.rcp.product_1.13.0_559691278_win32_win32_x86_64/plugins/com.st.stm32cube.ide.mcu.externaltools.gnu-tools-for-stm32.11.3.rel1.win32_1.1.1.202309131626/tools/bin/../lib/gcc/arm-none-eabi/11.3.1/../../../../arm-none-eabi/lib/thumb/v7e-m+dp/hard\libc_nano.a
LOAD C:/Users/sunsu/.eclipse/com.st.stm32cube.ide.mcu.rcp.product_1.13.0_559691278_win32_win32_x86_64/plugins/com.st.stm32cube.ide.mcu.externaltools.gnu-tools-for-stm32.11.3.rel1.win32_1.1.1.202309131626/tools/bin/../lib/gcc/arm-none-eabi/11.3.1/../../../../arm-none-eabi/lib/thumb/v7e-m+dp/hard\libm.a
END GROUP
START GROUP
LOAD C:/Users/sunsu/.eclipse/com.st.stm32cube.ide.mcu.rcp.product_1.13.0_559691278_win32_win32_x86_64/plugins/com.st.stm32cube.ide.mcu.externaltools.gnu-tools-for-stm32.11.3.rel1.win32_1.1.1.202309131626/tools/bin/../lib/gcc/arm-none-eabi/11.3.1/thumb/v7e-m+dp/hard\libgcc.a
LOAD C:/Users/sunsu/.eclipse/com.st.stm32cube.ide.mcu.rcp.product_1.13.0_559691278_win32_win32_x86_64/plugins/com.st.stm32cube.ide.mcu.externaltools.gnu-tools-for-stm32.11.3.rel1.win32_1.1.1.202309131626/tools/bin/../lib/gcc/arm-none-eabi/11.3.1/../../../../arm-none-eabi/lib/thumb/v7e-m+dp/hard\libc_nano.a
END GROUP
START GROUP
LOAD C:/Users/sunsu/.eclipse/com.st.stm32cube.ide.mcu.rcp.product_1.13.0_559691278_win32_win32_x86_64/plugins/com.st.stm32cube.ide.mcu.externaltools.gnu-tools-for-stm32.11.3.rel1.win32_1.1.1.202309131626/tools/bin/../lib/gcc/arm-none-eabi/11.3.1/thumb/v7e-m+dp/hard\libgcc.a
LOAD C:/Users/sunsu/.eclipse/com.st.stm32cube.ide.mcu.rcp.product_1.13.0_559691278_win32_win32_x86_64/plugins/com.st.stm32cube.ide.mcu.externaltools.gnu-tools-for-stm32.11.3.rel1.win32_1.1.1.202309131626/tools/bin/../lib/gcc/arm-none-eabi/11.3.1/../../../../arm-none-eabi/lib/thumb/v7e-m+dp/hard\libc_nano.a
LOAD C:/Users/sunsu/.eclipse/com.st.stm32cube.ide.mcu.rcp.product_1.13.0_559691278_win32_win32_x86_64/plugins/com.st.stm32cube.ide.mcu.externaltools.gnu-tools-for-stm32.11.3.rel1.win32_1.1.1.202309131626/tools/bin/../lib/gcc/arm-none-eabi/11.3.1/../../../../arm-none-eabi/lib/thumb/v7e-m+dp/hard\libnosys.a
END GROUP
START GROUP
LOAD C:/Users/sunsu/.eclipse/com.st.stm32cube.ide.mcu.rcp.product_1.13.0_559691278_win32_win32_x86_64/plugins/com.st.stm32cube.ide.mcu.externaltools.gnu-tools-for-stm32.11.3.rel1.win32_1.1.1.202309131626/tools/bin/../lib/gcc/arm-none-eabi/11.3.1/thumb/v7e-m+dp/hard\libgcc.a
LOAD C:/Users/sunsu/.eclipse/com.st.stm32cube.ide.mcu.rcp.product_1.13.0_559691278_win32_win32_x86_64/plugins/com.st.stm32cube.ide.mcu.externaltools.gnu-tools-for-stm32.11.3.rel1.win32_1.1.1.202309131626/tools/bin/../lib/gcc/arm-none-eabi/11.3.1/../../../../arm-none-eabi/lib/thumb/v7e-m+dp/hard\libc_nano.a
LOAD C:/Users/sunsu/.eclipse/com.st.stm32cube.ide.mcu.rcp.product_1.13.0_559691278_win32_win32_x86_64/plugins/com.st.stm32cube.ide.mcu.externaltools.gnu-tools-for-stm32.11.3.rel1.win32_1.1.1.202309131626/tools/bin/../lib/gcc/arm-none-eabi/11.3.1/../../../../arm-none-eabi/lib/thumb/v7e-m+dp/hard\libnosys.a
END GROUP
LOAD C:/Users/sunsu/.eclipse/com.st.stm32cube.ide.mcu.rcp.product_1.13.0_559691278_win32_win32_x86_64/plugins/com.st.stm32cube.ide.mcu.externaltools.gnu-tools-for-stm32.11.3.rel1.win32_1.1.1.202309131626/tools/bin/../lib/gcc/arm-none-eabi/11.3.1/thumb/v7e-m+dp/hard/crtend.o
LOAD C:/Users/sunsu/.eclipse/com.st.stm32cube.ide.mcu.rcp.product_1.13.0_559691278_win32_win32_x86_64/plugins/com.st.stm32cube.ide.mcu.externaltools.gnu-tools-for-stm32.11.3.rel1.win32_1.1.1.202309131626/tools/bin/../lib/gcc/arm-none-eabi/11.3.1/thumb/v7e-m+dp/hard/crtn.o
                0x0000000020080000                _estack = (ORIGIN (RAM) + LENGTH (RAM))
                0x0000000000000200                _Min_Heap_Size = 0x200
                0x0000000000000400                _Min_Stack_Size = 0x400

.isr_vector     0x0000000008000000      0x1f8
                0x0000000008000000                . = ALIGN (0x4)
 *(.isr_vector)
 .isr_vector    0x0000000008000000      0x1f8 ./Core/Startup/startup_stm32f767zitx.o
                0x0000000008000000                g_pfnVectors
                0x00000000080001f8                . = ALIGN (0x4)

.text           0x0000000008000200     0xd040
                0x0000000008000200                . = ALIGN (0x4)
 *(.text)
 .text          0x0000000008000200       0x40 C:/Users/sunsu/.eclipse/com.st.stm32cube.ide.mcu.rcp.product_1.13.0_559691278_win32_win32_x86_64/plugins/com.st.stm32cube.ide.mcu.externaltools.gnu-tools-for-stm32.11.3.rel1.win32_1.1.1.202309131626/tools/bin/../lib/gcc/arm-none-eabi/11.3.1/thumb/v7e-m+dp/hard/crtbegin.o
 .text          0x0000000008000240       0xa0 C:/Users/sunsu/.eclipse/com.st.stm32cube.ide.mcu.rcp.product_1.13.0_559691278_win32_win32_x86_64/plugins/com.st.stm32cube.ide.mcu.externaltools.gnu-tools-for-stm32.11.3.rel1.win32_1.1.1.202309131626/tools/bin/../lib/gcc/arm-none-eabi/11.3.1/../../../../arm-none-eabi/lib/thumb/v7e-m+dp/hard\libc_nano.a(libc_a-memchr.o)
                0x0000000008000240                memchr
 .text          0x00000000080002e0       0x10 C:/Users/sunsu/.eclipse/com.st.stm32cube.ide.mcu.rcp.product_1.13.0_559691278_win32_win32_x86_64/plugins/com.st.stm32cube.ide.mcu.externaltools.gnu-tools-for-stm32.11.3.rel1.win32_1.1.1.202309131626/tools/bin/../lib/gcc/arm-none-eabi/11.3.1/../../../../arm-none-eabi/lib/thumb/v7e-m+dp/hard\libc_nano.a(libc_a-strlen.o)
                0x00000000080002e0                strlen
 .text          0x00000000080002f0      0x378 C:/Users/sunsu/.eclipse/com.st.stm32cube.ide.mcu.rcp.product_1.13.0_559691278_win32_win32_x86_64/plugins/com.st.stm32cube.ide.mcu.externaltools.gnu-tools-for-stm32.11.3.rel1.win32_1.1.1.202309131626/tools/bin/../lib/gcc/arm-none-eabi/11.3.1/thumb/v7e-m+dp/hard\libgcc.a(_arm_addsubdf3.o)
                0x00000000080002f0                __aeabi_drsub
                0x00000000080002f8                __aeabi_dsub
                0x00000000080002f8                __subdf3
                0x00000000080002fc                __aeabi_dadd
                0x00000000080002fc                __adddf3
                0x0000000008000574                __floatunsidf
                0x0000000008000574                __aeabi_ui2d
                0x0000000008000594                __floatsidf
                0x0000000008000594                __aeabi_i2d
                0x00000000080005b8                __aeabi_f2d
                0x00000000080005b8                __extendsfdf2
                0x00000000080005fc                __floatundidf
                0x00000000080005fc                __aeabi_ul2d
                0x000000000800060c                __floatdidf
                0x000000000800060c                __aeabi_l2d
 .text          0x0000000008000668       0x30 C:/Users/sunsu/.eclipse/com.st.stm32cube.ide.mcu.rcp.product_1.13.0_559691278_win32_win32_x86_64/plugins/com.st.stm32cube.ide.mcu.externaltools.gnu-tools-for-stm32.11.3.rel1.win32_1.1.1.202309131626/tools/bin/../lib/gcc/arm-none-eabi/11.3.1/thumb/v7e-m+dp/hard\libgcc.a(_aeabi_uldivmod.o)
                0x0000000008000668                __aeabi_uldivmod
 .text          0x0000000008000698       0x30 C:/Users/sunsu/.eclipse/com.st.stm32cube.ide.mcu.rcp.product_1.13.0_559691278_win32_win32_x86_64/plugins/com.st.stm32cube.ide.mcu.externaltools.gnu-tools-for-stm32.11.3.rel1.win32_1.1.1.202309131626/tools/bin/../lib/gcc/arm-none-eabi/11.3.1/thumb/v7e-m+dp/hard\libgcc.a(_fixdfdi.o)
                0x0000000008000698                __fixdfdi
                0x0000000008000698                __aeabi_d2lz
 .text          0x00000000080006c8       0x40 C:/Users/sunsu/.eclipse/com.st.stm32cube.ide.mcu.rcp.product_1.13.0_559691278_win32_win32_x86_64/plugins/com.st.stm32cube.ide.mcu.externaltools.gnu-tools-for-stm32.11.3.rel1.win32_1.1.1.202309131626/tools/bin/../lib/gcc/arm-none-eabi/11.3.1/thumb/v7e-m+dp/hard\libgcc.a(_fixunsdfdi.o)
                0x00000000080006c8                __fixunsdfdi
                0x00000000080006c8                __aeabi_d2ulz
 .text          0x0000000008000708      0x2c8 C:/Users/sunsu/.eclipse/com.st.stm32cube.ide.mcu.rcp.product_1.13.0_559691278_win32_win32_x86_64/plugins/com.st.stm32cube.ide.mcu.externaltools.gnu-tools-for-stm32.11.3.rel1.win32_1.1.1.202309131626/tools/bin/../lib/gcc/arm-none-eabi/11.3.1/thumb/v7e-m+dp/hard\libgcc.a(_udivmoddi4.o)
                0x0000000008000708                __udivmoddi4
 .text          0x00000000080009d0        0x4 C:/Users/sunsu/.eclipse/com.st.stm32cube.ide.mcu.rcp.product_1.13.0_559691278_win32_win32_x86_64/plugins/com.st.stm32cube.ide.mcu.externaltools.gnu-tools-for-stm32.11.3.rel1.win32_1.1.1.202309131626/tools/bin/../lib/gcc/arm-none-eabi/11.3.1/thumb/v7e-m+dp/hard\libgcc.a(_dvmd_tls.o)
                0x00000000080009d0                __aeabi_idiv0
                0x00000000080009d0                __aeabi_ldiv0
 *(.text*)
 .text.MX_ADC1_Init
                0x00000000080009d4       0xa4 ./Core/Src/adc.o
                0x00000000080009d4                MX_ADC1_Init
 .text.MX_ADC3_Init
                0x0000000008000a78       0xf0 ./Core/Src/adc.o
                0x0000000008000a78                MX_ADC3_Init
 .text.HAL_ADC_MspInit
                0x0000000008000b68      0x198 ./Core/Src/adc.o
                0x0000000008000b68                HAL_ADC_MspInit
 .text.MX_DMA_Init
                0x0000000008000d00       0x3c ./Core/Src/dma.o
                0x0000000008000d00                MX_DMA_Init
 .text.MX_GPIO_Init
                0x0000000008000d3c      0x2dc ./Core/Src/gpio.o
                0x0000000008000d3c                MX_GPIO_Init
 .text.MX_I2C1_Init
                0x0000000008001018       0x80 ./Core/Src/i2c.o
                0x0000000008001018                MX_I2C1_Init
 .text.HAL_I2C_MspInit
                0x0000000008001098       0xe0 ./Core/Src/i2c.o
                0x0000000008001098                HAL_I2C_MspInit
 .text.SCB_EnableICache
                0x0000000008001178       0x4c ./Core/Src/main.o
 .text.SCB_EnableDCache
                0x00000000080011c4       0x88 ./Core/Src/main.o
 .text.isTouchWithinRectangle
                0x000000000800124c       0x4e ./Core/Src/main.o
                0x000000000800124c                isTouchWithinRectangle
 *fill*         0x000000000800129a        0x2 
 .text.main     0x000000000800129c      0x944 ./Core/Src/main.o
                0x000000000800129c                main
 .text.SystemClock_Config
                0x0000000008001be0       0xe0 ./Core/Src/main.o
                0x0000000008001be0                SystemClock_Config
 .text.Error_Handler
                0x0000000008001cc0        0xa ./Core/Src/main.o
                0x0000000008001cc0                Error_Handler
 *fill*         0x0000000008001cca        0x2 
 .text.MX_RNG_Init
                0x0000000008001ccc       0x28 ./Core/Src/rng.o
                0x0000000008001ccc                MX_RNG_Init
 .text.HAL_RNG_MspInit
                0x0000000008001cf4       0x68 ./Core/Src/rng.o
                0x0000000008001cf4                HAL_RNG_MspInit
 .text.MX_SPI5_Init
                0x0000000008001d5c       0x7c ./Core/Src/spi.o
                0x0000000008001d5c                MX_SPI5_Init
 .text.HAL_SPI_MspInit
                0x0000000008001dd8       0x88 ./Core/Src/spi.o
                0x0000000008001dd8                HAL_SPI_MspInit
 .text.HAL_MspInit
                0x0000000008001e60       0x48 ./Core/Src/stm32f7xx_hal_msp.o
                0x0000000008001e60                HAL_MspInit
 .text.SysTick_Handler
                0x0000000008001ea8        0xc ./Core/Src/stm32f7xx_it.o
                0x0000000008001ea8                SysTick_Handler
 .text.ADC_IRQHandler
                0x0000000008001eb4       0x1c ./Core/Src/stm32f7xx_it.o
                0x0000000008001eb4                ADC_IRQHandler
 .text.TIM3_IRQHandler
                0x0000000008001ed0       0x14 ./Core/Src/stm32f7xx_it.o
                0x0000000008001ed0                TIM3_IRQHandler
 .text.I2C1_EV_IRQHandler
                0x0000000008001ee4       0x14 ./Core/Src/stm32f7xx_it.o
                0x0000000008001ee4                I2C1_EV_IRQHandler
 .text.I2C1_ER_IRQHandler
                0x0000000008001ef8       0x14 ./Core/Src/stm32f7xx_it.o
                0x0000000008001ef8                I2C1_ER_IRQHandler
 .text.DMA2_Stream0_IRQHandler
                0x0000000008001f0c       0x14 ./Core/Src/stm32f7xx_it.o
                0x0000000008001f0c                DMA2_Stream0_IRQHandler
 .text._getpid  0x0000000008001f20       0x10 ./Core/Src/syscalls.o
                0x0000000008001f20                _getpid
 .text._kill    0x0000000008001f30       0x20 ./Core/Src/syscalls.o
                0x0000000008001f30                _kill
 .text._exit    0x0000000008001f50       0x14 ./Core/Src/syscalls.o
                0x0000000008001f50                _exit
 .text._read    0x0000000008001f64       0x3a ./Core/Src/syscalls.o
                0x0000000008001f64                _read
 .text._write   0x0000000008001f9e       0x38 ./Core/Src/syscalls.o
                0x0000000008001f9e                _write
 .text._close   0x0000000008001fd6       0x18 ./Core/Src/syscalls.o
                0x0000000008001fd6                _close
 .text._fstat   0x0000000008001fee       0x20 ./Core/Src/syscalls.o
                0x0000000008001fee                _fstat
 .text._isatty  0x000000000800200e       0x16 ./Core/Src/syscalls.o
                0x000000000800200e                _isatty
 .text._lseek   0x0000000008002024       0x1a ./Core/Src/syscalls.o
                0x0000000008002024                _lseek
 *fill*         0x000000000800203e        0x2 
 .text._sbrk    0x0000000008002040       0x6c ./Core/Src/sysmem.o
                0x0000000008002040                _sbrk
 .text.SystemInit
                0x00000000080020ac       0x24 ./Core/Src/system_stm32f7xx.o
                0x00000000080020ac                SystemInit
 .text.MX_TIM1_Init
                0x00000000080020d0       0xa8 ./Core/Src/tim.o
                0x00000000080020d0                MX_TIM1_Init
 .text.MX_TIM2_Init
                0x0000000008002178       0x9c ./Core/Src/tim.o
                0x0000000008002178                MX_TIM2_Init
 .text.MX_TIM3_Init
                0x0000000008002214       0xf4 ./Core/Src/tim.o
                0x0000000008002214                MX_TIM3_Init
 .text.HAL_TIM_Base_MspInit
                0x0000000008002308       0xe4 ./Core/Src/tim.o
                0x0000000008002308                HAL_TIM_Base_MspInit
 .text.HAL_TIM_MspPostInit
                0x00000000080023ec       0x70 ./Core/Src/tim.o
                0x00000000080023ec                HAL_TIM_MspPostInit
 .text.MX_USART3_UART_Init
                0x000000000800245c       0x60 ./Core/Src/usart.o
                0x000000000800245c                MX_USART3_UART_Init
 .text.HAL_UART_MspInit
                0x00000000080024bc       0xc0 ./Core/Src/usart.o
                0x00000000080024bc                HAL_UART_MspInit
 .text.Reset_Handler
                0x000000000800257c       0x50 ./Core/Startup/startup_stm32f767zitx.o
                0x000000000800257c                Reset_Handler
 .text.Default_Handler
                0x00000000080025cc        0x2 ./Core/Startup/startup_stm32f767zitx.o
                0x00000000080025cc                RTC_Alarm_IRQHandler
                0x00000000080025cc                EXTI2_IRQHandler
                0x00000000080025cc                TIM8_CC_IRQHandler
                0x00000000080025cc                DebugMon_Handler
                0x00000000080025cc                UART8_IRQHandler
                0x00000000080025cc                SPI4_IRQHandler
                0x00000000080025cc                TIM1_CC_IRQHandler
                0x00000000080025cc                DMA2_Stream5_IRQHandler
                0x00000000080025cc                HardFault_Handler
                0x00000000080025cc                JPEG_IRQHandler
                0x00000000080025cc                DMA1_Stream5_IRQHandler
                0x00000000080025cc                CAN3_RX1_IRQHandler
                0x00000000080025cc                PVD_IRQHandler
                0x00000000080025cc                TAMP_STAMP_IRQHandler
                0x00000000080025cc                PendSV_Handler
                0x00000000080025cc                NMI_Handler
                0x00000000080025cc                CAN2_RX1_IRQHandler
                0x00000000080025cc                EXTI3_IRQHandler
                0x00000000080025cc                TIM8_TRG_COM_TIM14_IRQHandler
                0x00000000080025cc                DFSDM1_FLT1_IRQHandler
                0x00000000080025cc                TIM1_UP_TIM10_IRQHandler
                0x00000000080025cc                TIM8_UP_TIM13_IRQHandler
                0x00000000080025cc                I2C3_ER_IRQHandler
                0x00000000080025cc                DFSDM1_FLT2_IRQHandler
                0x00000000080025cc                EXTI0_IRQHandler
                0x00000000080025cc                I2C2_EV_IRQHandler
                0x00000000080025cc                DMA1_Stream2_IRQHandler
                0x00000000080025cc                CAN1_RX0_IRQHandler
                0x00000000080025cc                FPU_IRQHandler
                0x00000000080025cc                OTG_HS_WKUP_IRQHandler
                0x00000000080025cc                CAN3_SCE_IRQHandler
                0x00000000080025cc                UsageFault_Handler
                0x00000000080025cc                LTDC_ER_IRQHandler
                0x00000000080025cc                CAN2_SCE_IRQHandler
                0x00000000080025cc                DMA2_Stream2_IRQHandler
                0x00000000080025cc                SPI1_IRQHandler
                0x00000000080025cc                TIM6_DAC_IRQHandler
                0x00000000080025cc                TIM1_BRK_TIM9_IRQHandler
                0x00000000080025cc                DCMI_IRQHandler
                0x00000000080025cc                CAN2_RX0_IRQHandler
                0x00000000080025cc                DMA2_Stream3_IRQHandler
                0x00000000080025cc                SAI2_IRQHandler
                0x00000000080025cc                DFSDM1_FLT3_IRQHandler
                0x00000000080025cc                USART6_IRQHandler
                0x00000000080025cc                CAN3_RX0_IRQHandler
                0x00000000080025cc                USART3_IRQHandler
                0x00000000080025cc                CAN1_RX1_IRQHandler
                0x00000000080025cc                UART5_IRQHandler
                0x00000000080025cc                TIM4_IRQHandler
                0x00000000080025cc                QUADSPI_IRQHandler
                0x00000000080025cc                DMA1_Stream6_IRQHandler
                0x00000000080025cc                DMA1_Stream1_IRQHandler
                0x00000000080025cc                UART4_IRQHandler
                0x00000000080025cc                RCC_IRQHandler
                0x00000000080025cc                TIM8_BRK_TIM12_IRQHandler
                0x00000000080025cc                Default_Handler
                0x00000000080025cc                CEC_IRQHandler
                0x00000000080025cc                EXTI15_10_IRQHandler
                0x00000000080025cc                DMA1_Stream7_IRQHandler
                0x00000000080025cc                SPI5_IRQHandler
                0x00000000080025cc                TIM7_IRQHandler
                0x00000000080025cc                SDMMC1_IRQHandler
                0x00000000080025cc                CAN2_TX_IRQHandler
                0x00000000080025cc                TIM5_IRQHandler
                0x00000000080025cc                DMA2_Stream7_IRQHandler
                0x00000000080025cc                I2C3_EV_IRQHandler
                0x00000000080025cc                EXTI9_5_IRQHandler
                0x00000000080025cc                RTC_WKUP_IRQHandler
                0x00000000080025cc                LTDC_IRQHandler
                0x00000000080025cc                ETH_WKUP_IRQHandler
                0x00000000080025cc                SPDIF_RX_IRQHandler
                0x00000000080025cc                SPI2_IRQHandler
                0x00000000080025cc                OTG_HS_EP1_IN_IRQHandler
                0x00000000080025cc                MemManage_Handler
                0x00000000080025cc                DMA1_Stream0_IRQHandler
                0x00000000080025cc                CAN1_TX_IRQHandler
                0x00000000080025cc                SVC_Handler
                0x00000000080025cc                EXTI4_IRQHandler
                0x00000000080025cc                RNG_IRQHandler
                0x00000000080025cc                ETH_IRQHandler
                0x00000000080025cc                OTG_HS_EP1_OUT_IRQHandler
                0x00000000080025cc                WWDG_IRQHandler
                0x00000000080025cc                SPI6_IRQHandler
                0x00000000080025cc                MDIOS_IRQHandler
                0x00000000080025cc                I2C4_EV_IRQHandler
                0x00000000080025cc                CAN3_TX_IRQHandler
                0x00000000080025cc                TIM2_IRQHandler
                0x00000000080025cc                OTG_FS_WKUP_IRQHandler
                0x00000000080025cc                TIM1_TRG_COM_TIM11_IRQHandler
                0x00000000080025cc                OTG_HS_IRQHandler
                0x00000000080025cc                DMA2D_IRQHandler
                0x00000000080025cc                EXTI1_IRQHandler
                0x00000000080025cc                SDMMC2_IRQHandler
                0x00000000080025cc                UART7_IRQHandler
                0x00000000080025cc                USART2_IRQHandler
                0x00000000080025cc                DFSDM1_FLT0_IRQHandler
                0x00000000080025cc                I2C2_ER_IRQHandler
                0x00000000080025cc                DMA2_Stream1_IRQHandler
                0x00000000080025cc                CAN1_SCE_IRQHandler
                0x00000000080025cc                FLASH_IRQHandler
                0x00000000080025cc                DMA2_Stream4_IRQHandler
                0x00000000080025cc                BusFault_Handler
                0x00000000080025cc                USART1_IRQHandler
                0x00000000080025cc                OTG_FS_IRQHandler
                0x00000000080025cc                SPI3_IRQHandler
                0x00000000080025cc                DMA1_Stream4_IRQHandler
                0x00000000080025cc                FMC_IRQHandler
                0x00000000080025cc                LPTIM1_IRQHandler
                0x00000000080025cc                I2C4_ER_IRQHandler
                0x00000000080025cc                DMA2_Stream6_IRQHandler
                0x00000000080025cc                SAI1_IRQHandler
                0x00000000080025cc                DMA1_Stream3_IRQHandler
 .text.ILI9341_Draw_Hollow_Rectangle_Coord
                0x00000000080025ce      0x102 ./Drivers/ILI9341/ILI9341_GFX.o
                0x00000000080025ce                ILI9341_Draw_Hollow_Rectangle_Coord
 .text.ILI9341_Draw_Filled_Rectangle_Coord
                0x00000000080026d0       0xbc ./Drivers/ILI9341/ILI9341_GFX.o
                0x00000000080026d0                ILI9341_Draw_Filled_Rectangle_Coord
 .text.ILI9341_Draw_Char
                0x000000000800278c      0x134 ./Drivers/ILI9341/ILI9341_GFX.o
                0x000000000800278c                ILI9341_Draw_Char
 .text.ILI9341_Draw_Text
                0x00000000080028c0       0x5e ./Drivers/ILI9341/ILI9341_GFX.o
                0x00000000080028c0                ILI9341_Draw_Text
 *fill*         0x000000000800291e        0x2 
 .text.ILI9341_SPI_Init
                0x0000000008002920       0x20 ./Drivers/ILI9341/ILI9341_STM32_Driver.o
                0x0000000008002920                ILI9341_SPI_Init
 .text.ILI9341_SPI_Send
                0x0000000008002940       0x24 ./Drivers/ILI9341/ILI9341_STM32_Driver.o
                0x0000000008002940                ILI9341_SPI_Send
 .text.ILI9341_Write_Command
                0x0000000008002964       0x44 ./Drivers/ILI9341/ILI9341_STM32_Driver.o
                0x0000000008002964                ILI9341_Write_Command
 .text.ILI9341_Write_Data
                0x00000000080029a8       0x44 ./Drivers/ILI9341/ILI9341_STM32_Driver.o
                0x00000000080029a8                ILI9341_Write_Data
 .text.ILI9341_Set_Address
                0x00000000080029ec       0x98 ./Drivers/ILI9341/ILI9341_STM32_Driver.o
                0x00000000080029ec                ILI9341_Set_Address
 .text.ILI9341_Reset
                0x0000000008002a84       0x3c ./Drivers/ILI9341/ILI9341_STM32_Driver.o
                0x0000000008002a84                ILI9341_Reset
 .text.ILI9341_Set_Rotation
                0x0000000008002ac0       0xa4 ./Drivers/ILI9341/ILI9341_STM32_Driver.o
                0x0000000008002ac0                ILI9341_Set_Rotation
 .text.ILI9341_Enable
                0x0000000008002b64       0x18 ./Drivers/ILI9341/ILI9341_STM32_Driver.o
                0x0000000008002b64                ILI9341_Enable
 .text.ILI9341_Init
                0x0000000008002b7c      0x21a ./Drivers/ILI9341/ILI9341_STM32_Driver.o
                0x0000000008002b7c                ILI9341_Init
 *fill*         0x0000000008002d96        0x2 
 .text.ILI9341_Draw_Colour_Burst
                0x0000000008002d98      0x13c ./Drivers/ILI9341/ILI9341_STM32_Driver.o
                0x0000000008002d98                ILI9341_Draw_Colour_Burst
 .text.ILI9341_Fill_Screen
                0x0000000008002ed4       0x4c ./Drivers/ILI9341/ILI9341_STM32_Driver.o
                0x0000000008002ed4                ILI9341_Fill_Screen
 .text.ILI9341_Draw_Pixel
                0x0000000008002f20      0x1b4 ./Drivers/ILI9341/ILI9341_STM32_Driver.o
                0x0000000008002f20                ILI9341_Draw_Pixel
 .text.ILI9341_Draw_Rectangle
                0x00000000080030d4       0xb8 ./Drivers/ILI9341/ILI9341_STM32_Driver.o
                0x00000000080030d4                ILI9341_Draw_Rectangle
 .text.ILI9341_Draw_Horizontal_Line
                0x000000000800318c       0x88 ./Drivers/ILI9341/ILI9341_STM32_Driver.o
                0x000000000800318c                ILI9341_Draw_Horizontal_Line
 .text.ILI9341_Draw_Vertical_Line
                0x0000000008003214       0x88 ./Drivers/ILI9341/ILI9341_STM32_Driver.o
                0x0000000008003214                ILI9341_Draw_Vertical_Line
 .text.TP_Read  0x000000000800329c       0x58 ./Drivers/ILI9341/ILI9341_Touchscreen.o
                0x000000000800329c                TP_Read
 .text.TP_Write
                0x00000000080032f4       0x6c ./Drivers/ILI9341/ILI9341_Touchscreen.o
                0x00000000080032f4                TP_Write
 .text.TP_Read_Coordinates
                0x0000000008003360      0x184 ./Drivers/ILI9341/ILI9341_Touchscreen.o
                0x0000000008003360                TP_Read_Coordinates
 .text.TP_Touchpad_Pressed
                0x00000000080034e4       0x20 ./Drivers/ILI9341/ILI9341_Touchscreen.o
                0x00000000080034e4                TP_Touchpad_Pressed
 .text.HAL_Init
                0x0000000008003504       0x2c ./Drivers/STM32F7xx_HAL_Driver/Src/stm32f7xx_hal.o
                0x0000000008003504                HAL_Init
 .text.HAL_InitTick
                0x0000000008003530       0x60 ./Drivers/STM32F7xx_HAL_Driver/Src/stm32f7xx_hal.o
                0x0000000008003530                HAL_InitTick
 .text.HAL_IncTick
                0x0000000008003590       0x28 ./Drivers/STM32F7xx_HAL_Driver/Src/stm32f7xx_hal.o
                0x0000000008003590                HAL_IncTick
 .text.HAL_GetTick
                0x00000000080035b8       0x18 ./Drivers/STM32F7xx_HAL_Driver/Src/stm32f7xx_hal.o
                0x00000000080035b8                HAL_GetTick
 .text.HAL_Delay
                0x00000000080035d0       0x48 ./Drivers/STM32F7xx_HAL_Driver/Src/stm32f7xx_hal.o
                0x00000000080035d0                HAL_Delay
 .text.HAL_ADC_Init
                0x0000000008003618       0x88 ./Drivers/STM32F7xx_HAL_Driver/Src/stm32f7xx_hal_adc.o
                0x0000000008003618                HAL_ADC_Init
 .text.HAL_ADC_IRQHandler
                0x00000000080036a0      0x220 ./Drivers/STM32F7xx_HAL_Driver/Src/stm32f7xx_hal_adc.o
                0x00000000080036a0                HAL_ADC_IRQHandler
 .text.HAL_ADC_ConvCpltCallback
                0x00000000080038c0       0x14 ./Drivers/STM32F7xx_HAL_Driver/Src/stm32f7xx_hal_adc.o
                0x00000000080038c0                HAL_ADC_ConvCpltCallback
 .text.HAL_ADC_LevelOutOfWindowCallback
                0x00000000080038d4       0x14 ./Drivers/STM32F7xx_HAL_Driver/Src/stm32f7xx_hal_adc.o
                0x00000000080038d4                HAL_ADC_LevelOutOfWindowCallback
 .text.HAL_ADC_ErrorCallback
                0x00000000080038e8       0x14 ./Drivers/STM32F7xx_HAL_Driver/Src/stm32f7xx_hal_adc.o
                0x00000000080038e8                HAL_ADC_ErrorCallback
 .text.HAL_ADC_ConfigChannel
                0x00000000080038fc      0x2ac ./Drivers/STM32F7xx_HAL_Driver/Src/stm32f7xx_hal_adc.o
                0x00000000080038fc                HAL_ADC_ConfigChannel
 .text.ADC_Init
                0x0000000008003ba8      0x1f4 ./Drivers/STM32F7xx_HAL_Driver/Src/stm32f7xx_hal_adc.o
 .text.HAL_ADCEx_InjectedConvCpltCallback
                0x0000000008003d9c       0x14 ./Drivers/STM32F7xx_HAL_Driver/Src/stm32f7xx_hal_adc_ex.o
                0x0000000008003d9c                HAL_ADCEx_InjectedConvCpltCallback
 .text.__NVIC_SetPriorityGrouping
                0x0000000008003db0       0x48 ./Drivers/STM32F7xx_HAL_Driver/Src/stm32f7xx_hal_cortex.o
 .text.__NVIC_GetPriorityGrouping
                0x0000000008003df8       0x1c ./Drivers/STM32F7xx_HAL_Driver/Src/stm32f7xx_hal_cortex.o
 .text.__NVIC_EnableIRQ
                0x0000000008003e14       0x3c ./Drivers/STM32F7xx_HAL_Driver/Src/stm32f7xx_hal_cortex.o
 .text.__NVIC_SetPriority
                0x0000000008003e50       0x54 ./Drivers/STM32F7xx_HAL_Driver/Src/stm32f7xx_hal_cortex.o
 .text.NVIC_EncodePriority
                0x0000000008003ea4       0x66 ./Drivers/STM32F7xx_HAL_Driver/Src/stm32f7xx_hal_cortex.o
 *fill*         0x0000000008003f0a        0x2 
 .text.SysTick_Config
                0x0000000008003f0c       0x44 ./Drivers/STM32F7xx_HAL_Driver/Src/stm32f7xx_hal_cortex.o
 .text.HAL_NVIC_SetPriorityGrouping
                0x0000000008003f50       0x16 ./Drivers/STM32F7xx_HAL_Driver/Src/stm32f7xx_hal_cortex.o
                0x0000000008003f50                HAL_NVIC_SetPriorityGrouping
 .text.HAL_NVIC_SetPriority
                0x0000000008003f66       0x38 ./Drivers/STM32F7xx_HAL_Driver/Src/stm32f7xx_hal_cortex.o
                0x0000000008003f66                HAL_NVIC_SetPriority
 .text.HAL_NVIC_EnableIRQ
                0x0000000008003f9e       0x1c ./Drivers/STM32F7xx_HAL_Driver/Src/stm32f7xx_hal_cortex.o
                0x0000000008003f9e                HAL_NVIC_EnableIRQ
 .text.HAL_SYSTICK_Config
                0x0000000008003fba       0x18 ./Drivers/STM32F7xx_HAL_Driver/Src/stm32f7xx_hal_cortex.o
                0x0000000008003fba                HAL_SYSTICK_Config
 *fill*         0x0000000008003fd2        0x2 
 .text.HAL_DMA_Init
                0x0000000008003fd4      0x15c ./Drivers/STM32F7xx_HAL_Driver/Src/stm32f7xx_hal_dma.o
                0x0000000008003fd4                HAL_DMA_Init
 .text.HAL_DMA_Abort_IT
                0x0000000008004130       0x44 ./Drivers/STM32F7xx_HAL_Driver/Src/stm32f7xx_hal_dma.o
                0x0000000008004130                HAL_DMA_Abort_IT
 .text.HAL_DMA_IRQHandler
                0x0000000008004174      0x314 ./Drivers/STM32F7xx_HAL_Driver/Src/stm32f7xx_hal_dma.o
                0x0000000008004174                HAL_DMA_IRQHandler
 .text.HAL_DMA_GetState
                0x0000000008004488       0x1c ./Drivers/STM32F7xx_HAL_Driver/Src/stm32f7xx_hal_dma.o
                0x0000000008004488                HAL_DMA_GetState
 .text.DMA_CalcBaseAndBitshift
                0x00000000080044a4       0x6c ./Drivers/STM32F7xx_HAL_Driver/Src/stm32f7xx_hal_dma.o
 .text.DMA_CheckFifoParam
                0x0000000008004510       0xf8 ./Drivers/STM32F7xx_HAL_Driver/Src/stm32f7xx_hal_dma.o
 .text.HAL_GPIO_Init
                0x0000000008004608      0x358 ./Drivers/STM32F7xx_HAL_Driver/Src/stm32f7xx_hal_gpio.o
                0x0000000008004608                HAL_GPIO_Init
 .text.HAL_GPIO_ReadPin
                0x0000000008004960       0x30 ./Drivers/STM32F7xx_HAL_Driver/Src/stm32f7xx_hal_gpio.o
                0x0000000008004960                HAL_GPIO_ReadPin
 .text.HAL_GPIO_WritePin
                0x0000000008004990       0x32 ./Drivers/STM32F7xx_HAL_Driver/Src/stm32f7xx_hal_gpio.o
                0x0000000008004990                HAL_GPIO_WritePin
 *fill*         0x00000000080049c2        0x2 
 .text.HAL_I2C_Init
                0x00000000080049c4      0x120 ./Drivers/STM32F7xx_HAL_Driver/Src/stm32f7xx_hal_i2c.o
                0x00000000080049c4                HAL_I2C_Init
 .text.HAL_I2C_EV_IRQHandler
                0x0000000008004ae4       0x34 ./Drivers/STM32F7xx_HAL_Driver/Src/stm32f7xx_hal_i2c.o
                0x0000000008004ae4                HAL_I2C_EV_IRQHandler
 .text.HAL_I2C_ER_IRQHandler
                0x0000000008004b18       0xb6 ./Drivers/STM32F7xx_HAL_Driver/Src/stm32f7xx_hal_i2c.o
                0x0000000008004b18                HAL_I2C_ER_IRQHandler
 .text.HAL_I2C_SlaveTxCpltCallback
                0x0000000008004bce       0x14 ./Drivers/STM32F7xx_HAL_Driver/Src/stm32f7xx_hal_i2c.o
                0x0000000008004bce                HAL_I2C_SlaveTxCpltCallback
 .text.HAL_I2C_SlaveRxCpltCallback
                0x0000000008004be2       0x14 ./Drivers/STM32F7xx_HAL_Driver/Src/stm32f7xx_hal_i2c.o
                0x0000000008004be2                HAL_I2C_SlaveRxCpltCallback
 .text.HAL_I2C_AddrCallback
                0x0000000008004bf6       0x1c ./Drivers/STM32F7xx_HAL_Driver/Src/stm32f7xx_hal_i2c.o
                0x0000000008004bf6                HAL_I2C_AddrCallback
 .text.HAL_I2C_ListenCpltCallback
                0x0000000008004c12       0x14 ./Drivers/STM32F7xx_HAL_Driver/Src/stm32f7xx_hal_i2c.o
                0x0000000008004c12                HAL_I2C_ListenCpltCallback
 .text.HAL_I2C_ErrorCallback
                0x0000000008004c26       0x14 ./Drivers/STM32F7xx_HAL_Driver/Src/stm32f7xx_hal_i2c.o
                0x0000000008004c26                HAL_I2C_ErrorCallback
 .text.HAL_I2C_AbortCpltCallback
                0x0000000008004c3a       0x14 ./Drivers/STM32F7xx_HAL_Driver/Src/stm32f7xx_hal_i2c.o
                0x0000000008004c3a                HAL_I2C_AbortCpltCallback
 .text.I2C_Slave_ISR_IT
                0x0000000008004c4e      0x1f0 ./Drivers/STM32F7xx_HAL_Driver/Src/stm32f7xx_hal_i2c.o
 .text.I2C_ITAddrCplt
                0x0000000008004e3e      0x108 ./Drivers/STM32F7xx_HAL_Driver/Src/stm32f7xx_hal_i2c.o
 .text.I2C_ITSlaveSeqCplt
                0x0000000008004f46       0xb8 ./Drivers/STM32F7xx_HAL_Driver/Src/stm32f7xx_hal_i2c.o
 *fill*         0x0000000008004ffe        0x2 
 .text.I2C_ITSlaveCplt
                0x0000000008005000      0x20c ./Drivers/STM32F7xx_HAL_Driver/Src/stm32f7xx_hal_i2c.o
 .text.I2C_ITListenCplt
                0x000000000800520c       0xa8 ./Drivers/STM32F7xx_HAL_Driver/Src/stm32f7xx_hal_i2c.o
 .text.I2C_ITError
                0x00000000080052b4      0x1a0 ./Drivers/STM32F7xx_HAL_Driver/Src/stm32f7xx_hal_i2c.o
 .text.I2C_TreatErrorCallback
                0x0000000008005454       0x4e ./Drivers/STM32F7xx_HAL_Driver/Src/stm32f7xx_hal_i2c.o
 .text.I2C_Flush_TXDR
                0x00000000080054a2       0x48 ./Drivers/STM32F7xx_HAL_Driver/Src/stm32f7xx_hal_i2c.o
 .text.I2C_DMAAbort
                0x00000000080054ea       0x3c ./Drivers/STM32F7xx_HAL_Driver/Src/stm32f7xx_hal_i2c.o
 .text.I2C_Disable_IRQ
                0x0000000008005526       0xbc ./Drivers/STM32F7xx_HAL_Driver/Src/stm32f7xx_hal_i2c.o
 .text.HAL_I2CEx_ConfigAnalogFilter
                0x00000000080055e2       0x96 ./Drivers/STM32F7xx_HAL_Driver/Src/stm32f7xx_hal_i2c_ex.o
                0x00000000080055e2                HAL_I2CEx_ConfigAnalogFilter
 .text.HAL_I2CEx_ConfigDigitalFilter
                0x0000000008005678       0x98 ./Drivers/STM32F7xx_HAL_Driver/Src/stm32f7xx_hal_i2c_ex.o
                0x0000000008005678                HAL_I2CEx_ConfigDigitalFilter
 .text.HAL_PWR_EnableBkUpAccess
                0x0000000008005710       0x20 ./Drivers/STM32F7xx_HAL_Driver/Src/stm32f7xx_hal_pwr.o
                0x0000000008005710                HAL_PWR_EnableBkUpAccess
 .text.HAL_PWREx_EnableOverDrive
                0x0000000008005730       0xa0 ./Drivers/STM32F7xx_HAL_Driver/Src/stm32f7xx_hal_pwr_ex.o
                0x0000000008005730                HAL_PWREx_EnableOverDrive
 .text.HAL_RCC_OscConfig
                0x00000000080057d0      0x55c ./Drivers/STM32F7xx_HAL_Driver/Src/stm32f7xx_hal_rcc.o
                0x00000000080057d0                HAL_RCC_OscConfig
 .text.HAL_RCC_ClockConfig
                0x0000000008005d2c      0x1d8 ./Drivers/STM32F7xx_HAL_Driver/Src/stm32f7xx_hal_rcc.o
                0x0000000008005d2c                HAL_RCC_ClockConfig
 .text.HAL_RCC_GetSysClockFreq
                0x0000000008005f04      0x20c ./Drivers/STM32F7xx_HAL_Driver/Src/stm32f7xx_hal_rcc.o
                0x0000000008005f04                HAL_RCC_GetSysClockFreq
 .text.HAL_RCC_GetHCLKFreq
                0x0000000008006110       0x18 ./Drivers/STM32F7xx_HAL_Driver/Src/stm32f7xx_hal_rcc.o
                0x0000000008006110                HAL_RCC_GetHCLKFreq
 .text.HAL_RCC_GetPCLK1Freq
                0x0000000008006128       0x28 ./Drivers/STM32F7xx_HAL_Driver/Src/stm32f7xx_hal_rcc.o
                0x0000000008006128                HAL_RCC_GetPCLK1Freq
 .text.HAL_RCC_GetPCLK2Freq
                0x0000000008006150       0x28 ./Drivers/STM32F7xx_HAL_Driver/Src/stm32f7xx_hal_rcc.o
                0x0000000008006150                HAL_RCC_GetPCLK2Freq
 .text.HAL_RCCEx_PeriphCLKConfig
                0x0000000008006178      0x850 ./Drivers/STM32F7xx_HAL_Driver/Src/stm32f7xx_hal_rcc_ex.o
                0x0000000008006178                HAL_RCCEx_PeriphCLKConfig
 .text.HAL_RNG_Init
                0x00000000080069c8       0x54 ./Drivers/STM32F7xx_HAL_Driver/Src/stm32f7xx_hal_rng.o
                0x00000000080069c8                HAL_RNG_Init
 .text.HAL_SPI_Init
                0x0000000008006a1c      0x156 ./Drivers/STM32F7xx_HAL_Driver/Src/stm32f7xx_hal_spi.o
                0x0000000008006a1c                HAL_SPI_Init
 .text.HAL_SPI_Transmit
                0x0000000008006b72      0x2dc ./Drivers/STM32F7xx_HAL_Driver/Src/stm32f7xx_hal_spi.o
                0x0000000008006b72                HAL_SPI_Transmit
 *fill*         0x0000000008006e4e        0x2 
 .text.SPI_WaitFlagStateUntilTimeout
                0x0000000008006e50      0x110 ./Drivers/STM32F7xx_HAL_Driver/Src/stm32f7xx_hal_spi.o
 .text.SPI_WaitFifoStateUntilTimeout
                0x0000000008006f60      0x12c ./Drivers/STM32F7xx_HAL_Driver/Src/stm32f7xx_hal_spi.o
 .text.SPI_EndRxTxTransaction
                0x000000000800708c       0xd4 ./Drivers/STM32F7xx_HAL_Driver/Src/stm32f7xx_hal_spi.o
 .text.HAL_TIM_Base_Init
                0x0000000008007160       0xae ./Drivers/STM32F7xx_HAL_Driver/Src/stm32f7xx_hal_tim.o
                0x0000000008007160                HAL_TIM_Base_Init
 .text.HAL_TIM_PWM_Init
                0x000000000800720e       0xae ./Drivers/STM32F7xx_HAL_Driver/Src/stm32f7xx_hal_tim.o
                0x000000000800720e                HAL_TIM_PWM_Init
 .text.HAL_TIM_PWM_MspInit
                0x00000000080072bc       0x14 ./Drivers/STM32F7xx_HAL_Driver/Src/stm32f7xx_hal_tim.o
                0x00000000080072bc                HAL_TIM_PWM_MspInit
 .text.HAL_TIM_IRQHandler
                0x00000000080072d0      0x23e ./Drivers/STM32F7xx_HAL_Driver/Src/stm32f7xx_hal_tim.o
                0x00000000080072d0                HAL_TIM_IRQHandler
 *fill*         0x000000000800750e        0x2 
 .text.HAL_TIM_PWM_ConfigChannel
                0x0000000008007510      0x228 ./Drivers/STM32F7xx_HAL_Driver/Src/stm32f7xx_hal_tim.o
                0x0000000008007510                HAL_TIM_PWM_ConfigChannel
 .text.HAL_TIM_ConfigClockSource
                0x0000000008007738      0x194 ./Drivers/STM32F7xx_HAL_Driver/Src/stm32f7xx_hal_tim.o
                0x0000000008007738                HAL_TIM_ConfigClockSource
 .text.HAL_TIM_PeriodElapsedCallback
                0x00000000080078cc       0x14 ./Drivers/STM32F7xx_HAL_Driver/Src/stm32f7xx_hal_tim.o
                0x00000000080078cc                HAL_TIM_PeriodElapsedCallback
 .text.HAL_TIM_OC_DelayElapsedCallback
                0x00000000080078e0       0x14 ./Drivers/STM32F7xx_HAL_Driver/Src/stm32f7xx_hal_tim.o
                0x00000000080078e0                HAL_TIM_OC_DelayElapsedCallback
 .text.HAL_TIM_IC_CaptureCallback
                0x00000000080078f4       0x14 ./Drivers/STM32F7xx_HAL_Driver/Src/stm32f7xx_hal_tim.o
                0x00000000080078f4                HAL_TIM_IC_CaptureCallback
 .text.HAL_TIM_PWM_PulseFinishedCallback
                0x0000000008007908       0x14 ./Drivers/STM32F7xx_HAL_Driver/Src/stm32f7xx_hal_tim.o
                0x0000000008007908                HAL_TIM_PWM_PulseFinishedCallback
 .text.HAL_TIM_TriggerCallback
                0x000000000800791c       0x14 ./Drivers/STM32F7xx_HAL_Driver/Src/stm32f7xx_hal_tim.o
                0x000000000800791c                HAL_TIM_TriggerCallback
 .text.TIM_Base_SetConfig
                0x0000000008007930      0x140 ./Drivers/STM32F7xx_HAL_Driver/Src/stm32f7xx_hal_tim.o
                0x0000000008007930                TIM_Base_SetConfig
 .text.TIM_OC1_SetConfig
                0x0000000008007a70       0xe4 ./Drivers/STM32F7xx_HAL_Driver/Src/stm32f7xx_hal_tim.o
 .text.TIM_OC2_SetConfig
                0x0000000008007b54       0xf0 ./Drivers/STM32F7xx_HAL_Driver/Src/stm32f7xx_hal_tim.o
                0x0000000008007b54                TIM_OC2_SetConfig
 .text.TIM_OC3_SetConfig
                0x0000000008007c44       0xec ./Drivers/STM32F7xx_HAL_Driver/Src/stm32f7xx_hal_tim.o
 .text.TIM_OC4_SetConfig
                0x0000000008007d30       0xb0 ./Drivers/STM32F7xx_HAL_Driver/Src/stm32f7xx_hal_tim.o
 .text.TIM_OC5_SetConfig
                0x0000000008007de0       0xa4 ./Drivers/STM32F7xx_HAL_Driver/Src/stm32f7xx_hal_tim.o
 .text.TIM_OC6_SetConfig
                0x0000000008007e84       0xa8 ./Drivers/STM32F7xx_HAL_Driver/Src/stm32f7xx_hal_tim.o
 .text.TIM_TI1_ConfigInputStage
                0x0000000008007f2c       0x5e ./Drivers/STM32F7xx_HAL_Driver/Src/stm32f7xx_hal_tim.o
 .text.TIM_TI2_ConfigInputStage
                0x0000000008007f8a       0x60 ./Drivers/STM32F7xx_HAL_Driver/Src/stm32f7xx_hal_tim.o
 .text.TIM_ITRx_SetConfig
                0x0000000008007fea       0x36 ./Drivers/STM32F7xx_HAL_Driver/Src/stm32f7xx_hal_tim.o
 .text.TIM_ETR_SetConfig
                0x0000000008008020       0x40 ./Drivers/STM32F7xx_HAL_Driver/Src/stm32f7xx_hal_tim.o
                0x0000000008008020                TIM_ETR_SetConfig
 .text.HAL_TIMEx_MasterConfigSynchronization
                0x0000000008008060      0x11c ./Drivers/STM32F7xx_HAL_Driver/Src/stm32f7xx_hal_tim_ex.o
                0x0000000008008060                HAL_TIMEx_MasterConfigSynchronization
 .text.HAL_TIMEx_CommutCallback
                0x000000000800817c       0x14 ./Drivers/STM32F7xx_HAL_Driver/Src/stm32f7xx_hal_tim_ex.o
                0x000000000800817c                HAL_TIMEx_CommutCallback
 .text.HAL_TIMEx_BreakCallback
                0x0000000008008190       0x14 ./Drivers/STM32F7xx_HAL_Driver/Src/stm32f7xx_hal_tim_ex.o
                0x0000000008008190                HAL_TIMEx_BreakCallback
 .text.HAL_TIMEx_Break2Callback
                0x00000000080081a4       0x14 ./Drivers/STM32F7xx_HAL_Driver/Src/stm32f7xx_hal_tim_ex.o
                0x00000000080081a4                HAL_TIMEx_Break2Callback
 .text.HAL_UART_Init
                0x00000000080081b8       0x9c ./Drivers/STM32F7xx_HAL_Driver/Src/stm32f7xx_hal_uart.o
                0x00000000080081b8                HAL_UART_Init
 .text.UART_SetConfig
                0x0000000008008254      0x4c8 ./Drivers/STM32F7xx_HAL_Driver/Src/stm32f7xx_hal_uart.o
                0x0000000008008254                UART_SetConfig
 .text.UART_AdvFeatureConfig
                0x000000000800871c      0x144 ./Drivers/STM32F7xx_HAL_Driver/Src/stm32f7xx_hal_uart.o
                0x000000000800871c                UART_AdvFeatureConfig
 .text.UART_CheckIdleState
                0x0000000008008860       0x9a ./Drivers/STM32F7xx_HAL_Driver/Src/stm32f7xx_hal_uart.o
                0x0000000008008860                UART_CheckIdleState
 .text.UART_WaitOnFlagUntilTimeout
                0x00000000080088fa      0x18c ./Drivers/STM32F7xx_HAL_Driver/Src/stm32f7xx_hal_uart.o
                0x00000000080088fa                UART_WaitOnFlagUntilTimeout
 .text.setRotation
                0x0000000008008a86       0x1a ./MyLib/my_lcd.o
                0x0000000008008a86                setRotation
 .text.drawImageAtPoint
                0x0000000008008aa0      0x1dc ./MyLib/my_lcd.o
                0x0000000008008aa0                drawImageAtPoint
 .text.__cvt    0x0000000008008c7c       0xa4 C:/Users/sunsu/.eclipse/com.st.stm32cube.ide.mcu.rcp.product_1.13.0_559691278_win32_win32_x86_64/plugins/com.st.stm32cube.ide.mcu.externaltools.gnu-tools-for-stm32.11.3.rel1.win32_1.1.1.202309131626/tools/bin/../lib/gcc/arm-none-eabi/11.3.1/../../../../arm-none-eabi/lib/thumb/v7e-m+dp/hard\libc_nano.a(libc_a-nano-vfprintf_float.o)
                0x0000000008008c7c                __cvt
 .text.__exponent
                0x0000000008008d20       0x7c C:/Users/sunsu/.eclipse/com.st.stm32cube.ide.mcu.rcp.product_1.13.0_559691278_win32_win32_x86_64/plugins/com.st.stm32cube.ide.mcu.externaltools.gnu-tools-for-stm32.11.3.rel1.win32_1.1.1.202309131626/tools/bin/../lib/gcc/arm-none-eabi/11.3.1/../../../../arm-none-eabi/lib/thumb/v7e-m+dp/hard\libc_nano.a(libc_a-nano-vfprintf_float.o)
                0x0000000008008d20                __exponent
 *fill*         0x0000000008008d9c        0x4 
 .text._printf_float
                0x0000000008008da0      0x434 C:/Users/sunsu/.eclipse/com.st.stm32cube.ide.mcu.rcp.product_1.13.0_559691278_win32_win32_x86_64/plugins/com.st.stm32cube.ide.mcu.externaltools.gnu-tools-for-stm32.11.3.rel1.win32_1.1.1.202309131626/tools/bin/../lib/gcc/arm-none-eabi/11.3.1/../../../../arm-none-eabi/lib/thumb/v7e-m+dp/hard\libc_nano.a(libc_a-nano-vfprintf_float.o)
                0x0000000008008da0                _printf_float
 .text._printf_common
                0x00000000080091d4       0xda C:/Users/sunsu/.eclipse/com.st.stm32cube.ide.mcu.rcp.product_1.13.0_559691278_win32_win32_x86_64/plugins/com.st.stm32cube.ide.mcu.externaltools.gnu-tools-for-stm32.11.3.rel1.win32_1.1.1.202309131626/tools/bin/../lib/gcc/arm-none-eabi/11.3.1/../../../../arm-none-eabi/lib/thumb/v7e-m+dp/hard\libc_nano.a(libc_a-nano-vfprintf_i.o)
                0x00000000080091d4                _printf_common
 *fill*         0x00000000080092ae        0x2 
 .text._printf_i
                0x00000000080092b0      0x244 C:/Users/sunsu/.eclipse/com.st.stm32cube.ide.mcu.rcp.product_1.13.0_559691278_win32_win32_x86_64/plugins/com.st.stm32cube.ide.mcu.externaltools.gnu-tools-for-stm32.11.3.rel1.win32_1.1.1.202309131626/tools/bin/../lib/gcc/arm-none-eabi/11.3.1/../../../../arm-none-eabi/lib/thumb/v7e-m+dp/hard\libc_nano.a(libc_a-nano-vfprintf_i.o)
                0x00000000080092b0                _printf_i
 .text._scanf_float
                0x00000000080094f4      0x408 C:/Users/sunsu/.eclipse/com.st.stm32cube.ide.mcu.rcp.product_1.13.0_559691278_win32_win32_x86_64/plugins/com.st.stm32cube.ide.mcu.externaltools.gnu-tools-for-stm32.11.3.rel1.win32_1.1.1.202309131626/tools/bin/../lib/gcc/arm-none-eabi/11.3.1/../../../../arm-none-eabi/lib/thumb/v7e-m+dp/hard\libc_nano.a(libc_a-nano-vfscanf_float.o)
                0x00000000080094f4                _scanf_float
 .text.std      0x00000000080098fc       0x6c C:/Users/sunsu/.eclipse/com.st.stm32cube.ide.mcu.rcp.product_1.13.0_559691278_win32_win32_x86_64/plugins/com.st.stm32cube.ide.mcu.externaltools.gnu-tools-for-stm32.11.3.rel1.win32_1.1.1.202309131626/tools/bin/../lib/gcc/arm-none-eabi/11.3.1/../../../../arm-none-eabi/lib/thumb/v7e-m+dp/hard\libc_nano.a(libc_a-findfp.o)
 .text.stdio_exit_handler
                0x0000000008009968       0x18 C:/Users/sunsu/.eclipse/com.st.stm32cube.ide.mcu.rcp.product_1.13.0_559691278_win32_win32_x86_64/plugins/com.st.stm32cube.ide.mcu.externaltools.gnu-tools-for-stm32.11.3.rel1.win32_1.1.1.202309131626/tools/bin/../lib/gcc/arm-none-eabi/11.3.1/../../../../arm-none-eabi/lib/thumb/v7e-m+dp/hard\libc_nano.a(libc_a-findfp.o)
 .text.cleanup_stdio
                0x0000000008009980       0x40 C:/Users/sunsu/.eclipse/com.st.stm32cube.ide.mcu.rcp.product_1.13.0_559691278_win32_win32_x86_64/plugins/com.st.stm32cube.ide.mcu.externaltools.gnu-tools-for-stm32.11.3.rel1.win32_1.1.1.202309131626/tools/bin/../lib/gcc/arm-none-eabi/11.3.1/../../../../arm-none-eabi/lib/thumb/v7e-m+dp/hard\libc_nano.a(libc_a-findfp.o)
 .text.global_stdio_init.part.0
                0x00000000080099c0       0x3c C:/Users/sunsu/.eclipse/com.st.stm32cube.ide.mcu.rcp.product_1.13.0_559691278_win32_win32_x86_64/plugins/com.st.stm32cube.ide.mcu.externaltools.gnu-tools-for-stm32.11.3.rel1.win32_1.1.1.202309131626/tools/bin/../lib/gcc/arm-none-eabi/11.3.1/../../../../arm-none-eabi/lib/thumb/v7e-m+dp/hard\libc_nano.a(libc_a-findfp.o)
 .text.__sfp_lock_acquire
                0x00000000080099fc        0xc C:/Users/sunsu/.eclipse/com.st.stm32cube.ide.mcu.rcp.product_1.13.0_559691278_win32_win32_x86_64/plugins/com.st.stm32cube.ide.mcu.externaltools.gnu-tools-for-stm32.11.3.rel1.win32_1.1.1.202309131626/tools/bin/../lib/gcc/arm-none-eabi/11.3.1/../../../../arm-none-eabi/lib/thumb/v7e-m+dp/hard\libc_nano.a(libc_a-findfp.o)
                0x00000000080099fc                __sfp_lock_acquire
 .text.__sfp_lock_release
                0x0000000008009a08        0xc C:/Users/sunsu/.eclipse/com.st.stm32cube.ide.mcu.rcp.product_1.13.0_559691278_win32_win32_x86_64/plugins/com.st.stm32cube.ide.mcu.externaltools.gnu-tools-for-stm32.11.3.rel1.win32_1.1.1.202309131626/tools/bin/../lib/gcc/arm-none-eabi/11.3.1/../../../../arm-none-eabi/lib/thumb/v7e-m+dp/hard\libc_nano.a(libc_a-findfp.o)
                0x0000000008009a08                __sfp_lock_release
 .text.__sinit  0x0000000008009a14       0x30 C:/Users/sunsu/.eclipse/com.st.stm32cube.ide.mcu.rcp.product_1.13.0_559691278_win32_win32_x86_64/plugins/com.st.stm32cube.ide.mcu.externaltools.gnu-tools-for-stm32.11.3.rel1.win32_1.1.1.202309131626/tools/bin/../lib/gcc/arm-none-eabi/11.3.1/../../../../arm-none-eabi/lib/thumb/v7e-m+dp/hard\libc_nano.a(libc_a-findfp.o)
                0x0000000008009a14                __sinit
 .text._fwalk_sglue
                0x0000000008009a44       0x3c C:/Users/sunsu/.eclipse/com.st.stm32cube.ide.mcu.rcp.product_1.13.0_559691278_win32_win32_x86_64/plugins/com.st.stm32cube.ide.mcu.externaltools.gnu-tools-for-stm32.11.3.rel1.win32_1.1.1.202309131626/tools/bin/../lib/gcc/arm-none-eabi/11.3.1/../../../../arm-none-eabi/lib/thumb/v7e-m+dp/hard\libc_nano.a(libc_a-fwalk.o)
                0x0000000008009a44                _fwalk_sglue
 .text.sprintf  0x0000000008009a80       0x40 C:/Users/sunsu/.eclipse/com.st.stm32cube.ide.mcu.rcp.product_1.13.0_559691278_win32_win32_x86_64/plugins/com.st.stm32cube.ide.mcu.externaltools.gnu-tools-for-stm32.11.3.rel1.win32_1.1.1.202309131626/tools/bin/../lib/gcc/arm-none-eabi/11.3.1/../../../../arm-none-eabi/lib/thumb/v7e-m+dp/hard\libc_nano.a(libc_a-sprintf.o)
                0x0000000008009a80                siprintf
                0x0000000008009a80                sprintf
 .text.__sread  0x0000000008009ac0       0x22 C:/Users/sunsu/.eclipse/com.st.stm32cube.ide.mcu.rcp.product_1.13.0_559691278_win32_win32_x86_64/plugins/com.st.stm32cube.ide.mcu.externaltools.gnu-tools-for-stm32.11.3.rel1.win32_1.1.1.202309131626/tools/bin/../lib/gcc/arm-none-eabi/11.3.1/../../../../arm-none-eabi/lib/thumb/v7e-m+dp/hard\libc_nano.a(libc_a-stdio.o)
                0x0000000008009ac0                __sread
 .text.__swrite
                0x0000000008009ae2       0x38 C:/Users/sunsu/.eclipse/com.st.stm32cube.ide.mcu.rcp.product_1.13.0_559691278_win32_win32_x86_64/plugins/com.st.stm32cube.ide.mcu.externaltools.gnu-tools-for-stm32.11.3.rel1.win32_1.1.1.202309131626/tools/bin/../lib/gcc/arm-none-eabi/11.3.1/../../../../arm-none-eabi/lib/thumb/v7e-m+dp/hard\libc_nano.a(libc_a-stdio.o)
                0x0000000008009ae2                __swrite
 .text.__sseek  0x0000000008009b1a       0x24 C:/Users/sunsu/.eclipse/com.st.stm32cube.ide.mcu.rcp.product_1.13.0_559691278_win32_win32_x86_64/plugins/com.st.stm32cube.ide.mcu.externaltools.gnu-tools-for-stm32.11.3.rel1.win32_1.1.1.202309131626/tools/bin/../lib/gcc/arm-none-eabi/11.3.1/../../../../arm-none-eabi/lib/thumb/v7e-m+dp/hard\libc_nano.a(libc_a-stdio.o)
                0x0000000008009b1a                __sseek
 .text.__sclose
                0x0000000008009b3e        0x8 C:/Users/sunsu/.eclipse/com.st.stm32cube.ide.mcu.rcp.product_1.13.0_559691278_win32_win32_x86_64/plugins/com.st.stm32cube.ide.mcu.externaltools.gnu-tools-for-stm32.11.3.rel1.win32_1.1.1.202309131626/tools/bin/../lib/gcc/arm-none-eabi/11.3.1/../../../../arm-none-eabi/lib/thumb/v7e-m+dp/hard\libc_nano.a(libc_a-stdio.o)
                0x0000000008009b3e                __sclose
 .text.memset   0x0000000008009b46       0x10 C:/Users/sunsu/.eclipse/com.st.stm32cube.ide.mcu.rcp.product_1.13.0_559691278_win32_win32_x86_64/plugins/com.st.stm32cube.ide.mcu.externaltools.gnu-tools-for-stm32.11.3.rel1.win32_1.1.1.202309131626/tools/bin/../lib/gcc/arm-none-eabi/11.3.1/../../../../arm-none-eabi/lib/thumb/v7e-m+dp/hard\libc_nano.a(libc_a-memset.o)
                0x0000000008009b46                memset
 *fill*         0x0000000008009b56        0x2 
 .text._localeconv_r
                0x0000000008009b58        0x8 C:/Users/sunsu/.eclipse/com.st.stm32cube.ide.mcu.rcp.product_1.13.0_559691278_win32_win32_x86_64/plugins/com.st.stm32cube.ide.mcu.externaltools.gnu-tools-for-stm32.11.3.rel1.win32_1.1.1.202309131626/tools/bin/../lib/gcc/arm-none-eabi/11.3.1/../../../../arm-none-eabi/lib/thumb/v7e-m+dp/hard\libc_nano.a(libc_a-localeconv.o)
                0x0000000008009b58                _localeconv_r
 .text._close_r
                0x0000000008009b60       0x20 C:/Users/sunsu/.eclipse/com.st.stm32cube.ide.mcu.rcp.product_1.13.0_559691278_win32_win32_x86_64/plugins/com.st.stm32cube.ide.mcu.externaltools.gnu-tools-for-stm32.11.3.rel1.win32_1.1.1.202309131626/tools/bin/../lib/gcc/arm-none-eabi/11.3.1/../../../../arm-none-eabi/lib/thumb/v7e-m+dp/hard\libc_nano.a(libc_a-closer.o)
                0x0000000008009b60                _close_r
 .text._lseek_r
                0x0000000008009b80       0x24 C:/Users/sunsu/.eclipse/com.st.stm32cube.ide.mcu.rcp.product_1.13.0_559691278_win32_win32_x86_64/plugins/com.st.stm32cube.ide.mcu.externaltools.gnu-tools-for-stm32.11.3.rel1.win32_1.1.1.202309131626/tools/bin/../lib/gcc/arm-none-eabi/11.3.1/../../../../arm-none-eabi/lib/thumb/v7e-m+dp/hard\libc_nano.a(libc_a-lseekr.o)
                0x0000000008009b80                _lseek_r
 .text._read_r  0x0000000008009ba4       0x24 C:/Users/sunsu/.eclipse/com.st.stm32cube.ide.mcu.rcp.product_1.13.0_559691278_win32_win32_x86_64/plugins/com.st.stm32cube.ide.mcu.externaltools.gnu-tools-for-stm32.11.3.rel1.win32_1.1.1.202309131626/tools/bin/../lib/gcc/arm-none-eabi/11.3.1/../../../../arm-none-eabi/lib/thumb/v7e-m+dp/hard\libc_nano.a(libc_a-readr.o)
                0x0000000008009ba4                _read_r
 .text._write_r
                0x0000000008009bc8       0x24 C:/Users/sunsu/.eclipse/com.st.stm32cube.ide.mcu.rcp.product_1.13.0_559691278_win32_win32_x86_64/plugins/com.st.stm32cube.ide.mcu.externaltools.gnu-tools-for-stm32.11.3.rel1.win32_1.1.1.202309131626/tools/bin/../lib/gcc/arm-none-eabi/11.3.1/../../../../arm-none-eabi/lib/thumb/v7e-m+dp/hard\libc_nano.a(libc_a-writer.o)
                0x0000000008009bc8                _write_r
 .text.__errno  0x0000000008009bec        0xc C:/Users/sunsu/.eclipse/com.st.stm32cube.ide.mcu.rcp.product_1.13.0_559691278_win32_win32_x86_64/plugins/com.st.stm32cube.ide.mcu.externaltools.gnu-tools-for-stm32.11.3.rel1.win32_1.1.1.202309131626/tools/bin/../lib/gcc/arm-none-eabi/11.3.1/../../../../arm-none-eabi/lib/thumb/v7e-m+dp/hard\libc_nano.a(libc_a-errno.o)
                0x0000000008009bec                __errno
 .text.__libc_init_array
                0x0000000008009bf8       0x48 C:/Users/sunsu/.eclipse/com.st.stm32cube.ide.mcu.rcp.product_1.13.0_559691278_win32_win32_x86_64/plugins/com.st.stm32cube.ide.mcu.externaltools.gnu-tools-for-stm32.11.3.rel1.win32_1.1.1.202309131626/tools/bin/../lib/gcc/arm-none-eabi/11.3.1/../../../../arm-none-eabi/lib/thumb/v7e-m+dp/hard\libc_nano.a(libc_a-init.o)
                0x0000000008009bf8                __libc_init_array
 .text.__retarget_lock_init_recursive
                0x0000000008009c40        0x2 C:/Users/sunsu/.eclipse/com.st.stm32cube.ide.mcu.rcp.product_1.13.0_559691278_win32_win32_x86_64/plugins/com.st.stm32cube.ide.mcu.externaltools.gnu-tools-for-stm32.11.3.rel1.win32_1.1.1.202309131626/tools/bin/../lib/gcc/arm-none-eabi/11.3.1/../../../../arm-none-eabi/lib/thumb/v7e-m+dp/hard\libc_nano.a(libc_a-lock.o)
                0x0000000008009c40                __retarget_lock_init_recursive
 .text.__retarget_lock_acquire_recursive
                0x0000000008009c42        0x2 C:/Users/sunsu/.eclipse/com.st.stm32cube.ide.mcu.rcp.product_1.13.0_559691278_win32_win32_x86_64/plugins/com.st.stm32cube.ide.mcu.externaltools.gnu-tools-for-stm32.11.3.rel1.win32_1.1.1.202309131626/tools/bin/../lib/gcc/arm-none-eabi/11.3.1/../../../../arm-none-eabi/lib/thumb/v7e-m+dp/hard\libc_nano.a(libc_a-lock.o)
                0x0000000008009c42                __retarget_lock_acquire_recursive
 .text.__retarget_lock_release_recursive
                0x0000000008009c44        0x2 C:/Users/sunsu/.eclipse/com.st.stm32cube.ide.mcu.rcp.product_1.13.0_559691278_win32_win32_x86_64/plugins/com.st.stm32cube.ide.mcu.externaltools.gnu-tools-for-stm32.11.3.rel1.win32_1.1.1.202309131626/tools/bin/../lib/gcc/arm-none-eabi/11.3.1/../../../../arm-none-eabi/lib/thumb/v7e-m+dp/hard\libc_nano.a(libc_a-lock.o)
                0x0000000008009c44                __retarget_lock_release_recursive
 *fill*         0x0000000008009c46        0x2 
 .text.nanf     0x0000000008009c48        0xc C:/Users/sunsu/.eclipse/com.st.stm32cube.ide.mcu.rcp.product_1.13.0_559691278_win32_win32_x86_64/plugins/com.st.stm32cube.ide.mcu.externaltools.gnu-tools-for-stm32.11.3.rel1.win32_1.1.1.202309131626/tools/bin/../lib/gcc/arm-none-eabi/11.3.1/../../../../arm-none-eabi/lib/thumb/v7e-m+dp/hard\libc_nano.a(libm_a-sf_nan.o)
                0x0000000008009c48                nanf
 .text.quorem   0x0000000008009c54      0x110 C:/Users/sunsu/.eclipse/com.st.stm32cube.ide.mcu.rcp.product_1.13.0_559691278_win32_win32_x86_64/plugins/com.st.stm32cube.ide.mcu.externaltools.gnu-tools-for-stm32.11.3.rel1.win32_1.1.1.202309131626/tools/bin/../lib/gcc/arm-none-eabi/11.3.1/../../../../arm-none-eabi/lib/thumb/v7e-m+dp/hard\libc_nano.a(libc_a-dtoa.o)
 *fill*         0x0000000008009d64        0x4 
 .text._dtoa_r  0x0000000008009d68      0xad8 C:/Users/sunsu/.eclipse/com.st.stm32cube.ide.mcu.rcp.product_1.13.0_559691278_win32_win32_x86_64/plugins/com.st.stm32cube.ide.mcu.externaltools.gnu-tools-for-stm32.11.3.rel1.win32_1.1.1.202309131626/tools/bin/../lib/gcc/arm-none-eabi/11.3.1/../../../../arm-none-eabi/lib/thumb/v7e-m+dp/hard\libc_nano.a(libc_a-dtoa.o)
                0x0000000008009d68                _dtoa_r
 .text._free_r  0x000000000800a840       0x98 C:/Users/sunsu/.eclipse/com.st.stm32cube.ide.mcu.rcp.product_1.13.0_559691278_win32_win32_x86_64/plugins/com.st.stm32cube.ide.mcu.externaltools.gnu-tools-for-stm32.11.3.rel1.win32_1.1.1.202309131626/tools/bin/../lib/gcc/arm-none-eabi/11.3.1/../../../../arm-none-eabi/lib/thumb/v7e-m+dp/hard\libc_nano.a(libc_a-freer.o)
                0x000000000800a840                _free_r
 .text.malloc   0x000000000800a8d8       0x10 C:/Users/sunsu/.eclipse/com.st.stm32cube.ide.mcu.rcp.product_1.13.0_559691278_win32_win32_x86_64/plugins/com.st.stm32cube.ide.mcu.externaltools.gnu-tools-for-stm32.11.3.rel1.win32_1.1.1.202309131626/tools/bin/../lib/gcc/arm-none-eabi/11.3.1/../../../../arm-none-eabi/lib/thumb/v7e-m+dp/hard\libc_nano.a(libc_a-malloc.o)
                0x000000000800a8d8                malloc
 .text.sbrk_aligned
                0x000000000800a8e8       0x40 C:/Users/sunsu/.eclipse/com.st.stm32cube.ide.mcu.rcp.product_1.13.0_559691278_win32_win32_x86_64/plugins/com.st.stm32cube.ide.mcu.externaltools.gnu-tools-for-stm32.11.3.rel1.win32_1.1.1.202309131626/tools/bin/../lib/gcc/arm-none-eabi/11.3.1/../../../../arm-none-eabi/lib/thumb/v7e-m+dp/hard\libc_nano.a(libc_a-mallocr.o)
 .text._malloc_r
                0x000000000800a928      0x100 C:/Users/sunsu/.eclipse/com.st.stm32cube.ide.mcu.rcp.product_1.13.0_559691278_win32_win32_x86_64/plugins/com.st.stm32cube.ide.mcu.externaltools.gnu-tools-for-stm32.11.3.rel1.win32_1.1.1.202309131626/tools/bin/../lib/gcc/arm-none-eabi/11.3.1/../../../../arm-none-eabi/lib/thumb/v7e-m+dp/hard\libc_nano.a(libc_a-mallocr.o)
                0x000000000800a928                _malloc_r
 .text.__malloc_lock
                0x000000000800aa28        0xc C:/Users/sunsu/.eclipse/com.st.stm32cube.ide.mcu.rcp.product_1.13.0_559691278_win32_win32_x86_64/plugins/com.st.stm32cube.ide.mcu.externaltools.gnu-tools-for-stm32.11.3.rel1.win32_1.1.1.202309131626/tools/bin/../lib/gcc/arm-none-eabi/11.3.1/../../../../arm-none-eabi/lib/thumb/v7e-m+dp/hard\libc_nano.a(libc_a-mlock.o)
                0x000000000800aa28                __malloc_lock
 .text.__malloc_unlock
                0x000000000800aa34        0xc C:/Users/sunsu/.eclipse/com.st.stm32cube.ide.mcu.rcp.product_1.13.0_559691278_win32_win32_x86_64/plugins/com.st.stm32cube.ide.mcu.externaltools.gnu-tools-for-stm32.11.3.rel1.win32_1.1.1.202309131626/tools/bin/../lib/gcc/arm-none-eabi/11.3.1/../../../../arm-none-eabi/lib/thumb/v7e-m+dp/hard\libc_nano.a(libc_a-mlock.o)
                0x000000000800aa34                __malloc_unlock
 .text._Balloc  0x000000000800aa40       0x80 C:/Users/sunsu/.eclipse/com.st.stm32cube.ide.mcu.rcp.product_1.13.0_559691278_win32_win32_x86_64/plugins/com.st.stm32cube.ide.mcu.externaltools.gnu-tools-for-stm32.11.3.rel1.win32_1.1.1.202309131626/tools/bin/../lib/gcc/arm-none-eabi/11.3.1/../../../../arm-none-eabi/lib/thumb/v7e-m+dp/hard\libc_nano.a(libc_a-mprec.o)
                0x000000000800aa40                _Balloc
 .text._Bfree   0x000000000800aac0       0x44 C:/Users/sunsu/.eclipse/com.st.stm32cube.ide.mcu.rcp.product_1.13.0_559691278_win32_win32_x86_64/plugins/com.st.stm32cube.ide.mcu.externaltools.gnu-tools-for-stm32.11.3.rel1.win32_1.1.1.202309131626/tools/bin/../lib/gcc/arm-none-eabi/11.3.1/../../../../arm-none-eabi/lib/thumb/v7e-m+dp/hard\libc_nano.a(libc_a-mprec.o)
                0x000000000800aac0                _Bfree
 .text.__multadd
                0x000000000800ab04       0x8c C:/Users/sunsu/.eclipse/com.st.stm32cube.ide.mcu.rcp.product_1.13.0_559691278_win32_win32_x86_64/plugins/com.st.stm32cube.ide.mcu.externaltools.gnu-tools-for-stm32.11.3.rel1.win32_1.1.1.202309131626/tools/bin/../lib/gcc/arm-none-eabi/11.3.1/../../../../arm-none-eabi/lib/thumb/v7e-m+dp/hard\libc_nano.a(libc_a-mprec.o)
                0x000000000800ab04                __multadd
 .text.__s2b    0x000000000800ab90       0x94 C:/Users/sunsu/.eclipse/com.st.stm32cube.ide.mcu.rcp.product_1.13.0_559691278_win32_win32_x86_64/plugins/com.st.stm32cube.ide.mcu.externaltools.gnu-tools-for-stm32.11.3.rel1.win32_1.1.1.202309131626/tools/bin/../lib/gcc/arm-none-eabi/11.3.1/../../../../arm-none-eabi/lib/thumb/v7e-m+dp/hard\libc_nano.a(libc_a-mprec.o)
                0x000000000800ab90                __s2b
 .text.__hi0bits
                0x000000000800ac24       0x40 C:/Users/sunsu/.eclipse/com.st.stm32cube.ide.mcu.rcp.product_1.13.0_559691278_win32_win32_x86_64/plugins/com.st.stm32cube.ide.mcu.externaltools.gnu-tools-for-stm32.11.3.rel1.win32_1.1.1.202309131626/tools/bin/../lib/gcc/arm-none-eabi/11.3.1/../../../../arm-none-eabi/lib/thumb/v7e-m+dp/hard\libc_nano.a(libc_a-mprec.o)
                0x000000000800ac24                __hi0bits
 .text.__lo0bits
                0x000000000800ac64       0x5a C:/Users/sunsu/.eclipse/com.st.stm32cube.ide.mcu.rcp.product_1.13.0_559691278_win32_win32_x86_64/plugins/com.st.stm32cube.ide.mcu.externaltools.gnu-tools-for-stm32.11.3.rel1.win32_1.1.1.202309131626/tools/bin/../lib/gcc/arm-none-eabi/11.3.1/../../../../arm-none-eabi/lib/thumb/v7e-m+dp/hard\libc_nano.a(libc_a-mprec.o)
                0x000000000800ac64                __lo0bits
 *fill*         0x000000000800acbe        0x2 
 .text.__i2b    0x000000000800acc0       0x2c C:/Users/sunsu/.eclipse/com.st.stm32cube.ide.mcu.rcp.product_1.13.0_559691278_win32_win32_x86_64/plugins/com.st.stm32cube.ide.mcu.externaltools.gnu-tools-for-stm32.11.3.rel1.win32_1.1.1.202309131626/tools/bin/../lib/gcc/arm-none-eabi/11.3.1/../../../../arm-none-eabi/lib/thumb/v7e-m+dp/hard\libc_nano.a(libc_a-mprec.o)
                0x000000000800acc0                __i2b
 .text.__multiply
                0x000000000800acec      0x154 C:/Users/sunsu/.eclipse/com.st.stm32cube.ide.mcu.rcp.product_1.13.0_559691278_win32_win32_x86_64/plugins/com.st.stm32cube.ide.mcu.externaltools.gnu-tools-for-stm32.11.3.rel1.win32_1.1.1.202309131626/tools/bin/../lib/gcc/arm-none-eabi/11.3.1/../../../../arm-none-eabi/lib/thumb/v7e-m+dp/hard\libc_nano.a(libc_a-mprec.o)
                0x000000000800acec                __multiply
 .text.__pow5mult
                0x000000000800ae40       0xb4 C:/Users/sunsu/.eclipse/com.st.stm32cube.ide.mcu.rcp.product_1.13.0_559691278_win32_win32_x86_64/plugins/com.st.stm32cube.ide.mcu.externaltools.gnu-tools-for-stm32.11.3.rel1.win32_1.1.1.202309131626/tools/bin/../lib/gcc/arm-none-eabi/11.3.1/../../../../arm-none-eabi/lib/thumb/v7e-m+dp/hard\libc_nano.a(libc_a-mprec.o)
                0x000000000800ae40                __pow5mult
 .text.__lshift
                0x000000000800aef4       0xd8 C:/Users/sunsu/.eclipse/com.st.stm32cube.ide.mcu.rcp.product_1.13.0_559691278_win32_win32_x86_64/plugins/com.st.stm32cube.ide.mcu.externaltools.gnu-tools-for-stm32.11.3.rel1.win32_1.1.1.202309131626/tools/bin/../lib/gcc/arm-none-eabi/11.3.1/../../../../arm-none-eabi/lib/thumb/v7e-m+dp/hard\libc_nano.a(libc_a-mprec.o)
                0x000000000800aef4                __lshift
 .text.__mcmp   0x000000000800afcc       0x38 C:/Users/sunsu/.eclipse/com.st.stm32cube.ide.mcu.rcp.product_1.13.0_559691278_win32_win32_x86_64/plugins/com.st.stm32cube.ide.mcu.externaltools.gnu-tools-for-stm32.11.3.rel1.win32_1.1.1.202309131626/tools/bin/../lib/gcc/arm-none-eabi/11.3.1/../../../../arm-none-eabi/lib/thumb/v7e-m+dp/hard\libc_nano.a(libc_a-mprec.o)
                0x000000000800afcc                __mcmp
 .text.__mdiff  0x000000000800b004      0x114 C:/Users/sunsu/.eclipse/com.st.stm32cube.ide.mcu.rcp.product_1.13.0_559691278_win32_win32_x86_64/plugins/com.st.stm32cube.ide.mcu.externaltools.gnu-tools-for-stm32.11.3.rel1.win32_1.1.1.202309131626/tools/bin/../lib/gcc/arm-none-eabi/11.3.1/../../../../arm-none-eabi/lib/thumb/v7e-m+dp/hard\libc_nano.a(libc_a-mprec.o)
                0x000000000800b004                __mdiff
 .text.__ulp    0x000000000800b118       0x4c C:/Users/sunsu/.eclipse/com.st.stm32cube.ide.mcu.rcp.product_1.13.0_559691278_win32_win32_x86_64/plugins/com.st.stm32cube.ide.mcu.externaltools.gnu-tools-for-stm32.11.3.rel1.win32_1.1.1.202309131626/tools/bin/../lib/gcc/arm-none-eabi/11.3.1/../../../../arm-none-eabi/lib/thumb/v7e-m+dp/hard\libc_nano.a(libc_a-mprec.o)
                0x000000000800b118                __ulp
 .text.__b2d    0x000000000800b164       0x94 C:/Users/sunsu/.eclipse/com.st.stm32cube.ide.mcu.rcp.product_1.13.0_559691278_win32_win32_x86_64/plugins/com.st.stm32cube.ide.mcu.externaltools.gnu-tools-for-stm32.11.3.rel1.win32_1.1.1.202309131626/tools/bin/../lib/gcc/arm-none-eabi/11.3.1/../../../../arm-none-eabi/lib/thumb/v7e-m+dp/hard\libc_nano.a(libc_a-mprec.o)
                0x000000000800b164                __b2d
 .text.__d2b    0x000000000800b1f8       0xb4 C:/Users/sunsu/.eclipse/com.st.stm32cube.ide.mcu.rcp.product_1.13.0_559691278_win32_win32_x86_64/plugins/com.st.stm32cube.ide.mcu.externaltools.gnu-tools-for-stm32.11.3.rel1.win32_1.1.1.202309131626/tools/bin/../lib/gcc/arm-none-eabi/11.3.1/../../../../arm-none-eabi/lib/thumb/v7e-m+dp/hard\libc_nano.a(libc_a-mprec.o)
                0x000000000800b1f8                __d2b
 .text.__ratio  0x000000000800b2ac       0x60 C:/Users/sunsu/.eclipse/com.st.stm32cube.ide.mcu.rcp.product_1.13.0_559691278_win32_win32_x86_64/plugins/com.st.stm32cube.ide.mcu.externaltools.gnu-tools-for-stm32.11.3.rel1.win32_1.1.1.202309131626/tools/bin/../lib/gcc/arm-none-eabi/11.3.1/../../../../arm-none-eabi/lib/thumb/v7e-m+dp/hard\libc_nano.a(libc_a-mprec.o)
                0x000000000800b2ac                __ratio
 .text.__copybits
                0x000000000800b30c       0x46 C:/Users/sunsu/.eclipse/com.st.stm32cube.ide.mcu.rcp.product_1.13.0_559691278_win32_win32_x86_64/plugins/com.st.stm32cube.ide.mcu.externaltools.gnu-tools-for-stm32.11.3.rel1.win32_1.1.1.202309131626/tools/bin/../lib/gcc/arm-none-eabi/11.3.1/../../../../arm-none-eabi/lib/thumb/v7e-m+dp/hard\libc_nano.a(libc_a-mprec.o)
                0x000000000800b30c                __copybits
 .text.__any_on
                0x000000000800b352       0x42 C:/Users/sunsu/.eclipse/com.st.stm32cube.ide.mcu.rcp.product_1.13.0_559691278_win32_win32_x86_64/plugins/com.st.stm32cube.ide.mcu.externaltools.gnu-tools-for-stm32.11.3.rel1.win32_1.1.1.202309131626/tools/bin/../lib/gcc/arm-none-eabi/11.3.1/../../../../arm-none-eabi/lib/thumb/v7e-m+dp/hard\libc_nano.a(libc_a-mprec.o)
                0x000000000800b352                __any_on
 .text.sulp     0x000000000800b394       0x34 C:/Users/sunsu/.eclipse/com.st.stm32cube.ide.mcu.rcp.product_1.13.0_559691278_win32_win32_x86_64/plugins/com.st.stm32cube.ide.mcu.externaltools.gnu-tools-for-stm32.11.3.rel1.win32_1.1.1.202309131626/tools/bin/../lib/gcc/arm-none-eabi/11.3.1/../../../../arm-none-eabi/lib/thumb/v7e-m+dp/hard\libc_nano.a(libc_a-strtod.o)
 .text._strtod_l
                0x000000000800b3c8      0xb64 C:/Users/sunsu/.eclipse/com.st.stm32cube.ide.mcu.rcp.product_1.13.0_559691278_win32_win32_x86_64/plugins/com.st.stm32cube.ide.mcu.externaltools.gnu-tools-for-stm32.11.3.rel1.win32_1.1.1.202309131626/tools/bin/../lib/gcc/arm-none-eabi/11.3.1/../../../../arm-none-eabi/lib/thumb/v7e-m+dp/hard\libc_nano.a(libc_a-strtod.o)
                0x000000000800b3c8                _strtod_l
 .text._strtod_r
                0x000000000800bf2c        0xc C:/Users/sunsu/.eclipse/com.st.stm32cube.ide.mcu.rcp.product_1.13.0_559691278_win32_win32_x86_64/plugins/com.st.stm32cube.ide.mcu.externaltools.gnu-tools-for-stm32.11.3.rel1.win32_1.1.1.202309131626/tools/bin/../lib/gcc/arm-none-eabi/11.3.1/../../../../arm-none-eabi/lib/thumb/v7e-m+dp/hard\libc_nano.a(libc_a-strtod.o)
                0x000000000800bf2c                _strtod_r
 .text._strtol_l.constprop.0
                0x000000000800bf38      0x104 C:/Users/sunsu/.eclipse/com.st.stm32cube.ide.mcu.rcp.product_1.13.0_559691278_win32_win32_x86_64/plugins/com.st.stm32cube.ide.mcu.externaltools.gnu-tools-for-stm32.11.3.rel1.win32_1.1.1.202309131626/tools/bin/../lib/gcc/arm-none-eabi/11.3.1/../../../../arm-none-eabi/lib/thumb/v7e-m+dp/hard\libc_nano.a(libc_a-strtol.o)
 .text._strtol_r
                0x000000000800c03c        0x4 C:/Users/sunsu/.eclipse/com.st.stm32cube.ide.mcu.rcp.product_1.13.0_559691278_win32_win32_x86_64/plugins/com.st.stm32cube.ide.mcu.externaltools.gnu-tools-for-stm32.11.3.rel1.win32_1.1.1.202309131626/tools/bin/../lib/gcc/arm-none-eabi/11.3.1/../../../../arm-none-eabi/lib/thumb/v7e-m+dp/hard\libc_nano.a(libc_a-strtol.o)
                0x000000000800c03c                _strtol_r
 .text.__ssputs_r
                0x000000000800c040       0xb4 C:/Users/sunsu/.eclipse/com.st.stm32cube.ide.mcu.rcp.product_1.13.0_559691278_win32_win32_x86_64/plugins/com.st.stm32cube.ide.mcu.externaltools.gnu-tools-for-stm32.11.3.rel1.win32_1.1.1.202309131626/tools/bin/../lib/gcc/arm-none-eabi/11.3.1/../../../../arm-none-eabi/lib/thumb/v7e-m+dp/hard\libc_nano.a(libc_a-nano-svfprintf.o)
                0x000000000800c040                __ssputs_r
 .text._svfprintf_r
                0x000000000800c0f4      0x1fc C:/Users/sunsu/.eclipse/com.st.stm32cube.ide.mcu.rcp.product_1.13.0_559691278_win32_win32_x86_64/plugins/com.st.stm32cube.ide.mcu.externaltools.gnu-tools-for-stm32.11.3.rel1.win32_1.1.1.202309131626/tools/bin/../lib/gcc/arm-none-eabi/11.3.1/../../../../arm-none-eabi/lib/thumb/v7e-m+dp/hard\libc_nano.a(libc_a-nano-svfprintf.o)
                0x000000000800c0f4                _svfiprintf_r
                0x000000000800c0f4                _svfprintf_r
 .text.__sflush_r
                0x000000000800c2f0      0x10c C:/Users/sunsu/.eclipse/com.st.stm32cube.ide.mcu.rcp.product_1.13.0_559691278_win32_win32_x86_64/plugins/com.st.stm32cube.ide.mcu.externaltools.gnu-tools-for-stm32.11.3.rel1.win32_1.1.1.202309131626/tools/bin/../lib/gcc/arm-none-eabi/11.3.1/../../../../arm-none-eabi/lib/thumb/v7e-m+dp/hard\libc_nano.a(libc_a-fflush.o)
                0x000000000800c2f0                __sflush_r
 .text._fflush_r
                0x000000000800c3fc       0x50 C:/Users/sunsu/.eclipse/com.st.stm32cube.ide.mcu.rcp.product_1.13.0_559691278_win32_win32_x86_64/plugins/com.st.stm32cube.ide.mcu.externaltools.gnu-tools-for-stm32.11.3.rel1.win32_1.1.1.202309131626/tools/bin/../lib/gcc/arm-none-eabi/11.3.1/../../../../arm-none-eabi/lib/thumb/v7e-m+dp/hard\libc_nano.a(libc_a-fflush.o)
                0x000000000800c3fc                _fflush_r
 .text.memmove  0x000000000800c44c       0x34 C:/Users/sunsu/.eclipse/com.st.stm32cube.ide.mcu.rcp.product_1.13.0_559691278_win32_win32_x86_64/plugins/com.st.stm32cube.ide.mcu.externaltools.gnu-tools-for-stm32.11.3.rel1.win32_1.1.1.202309131626/tools/bin/../lib/gcc/arm-none-eabi/11.3.1/../../../../arm-none-eabi/lib/thumb/v7e-m+dp/hard\libc_nano.a(libc_a-memmove.o)
                0x000000000800c44c                memmove
 .text.strncmp  0x000000000800c480       0x24 C:/Users/sunsu/.eclipse/com.st.stm32cube.ide.mcu.rcp.product_1.13.0_559691278_win32_win32_x86_64/plugins/com.st.stm32cube.ide.mcu.externaltools.gnu-tools-for-stm32.11.3.rel1.win32_1.1.1.202309131626/tools/bin/../lib/gcc/arm-none-eabi/11.3.1/../../../../arm-none-eabi/lib/thumb/v7e-m+dp/hard\libc_nano.a(libc_a-strncmp.o)
                0x000000000800c480                strncmp
 .text._sbrk_r  0x000000000800c4a4       0x20 C:/Users/sunsu/.eclipse/com.st.stm32cube.ide.mcu.rcp.product_1.13.0_559691278_win32_win32_x86_64/plugins/com.st.stm32cube.ide.mcu.externaltools.gnu-tools-for-stm32.11.3.rel1.win32_1.1.1.202309131626/tools/bin/../lib/gcc/arm-none-eabi/11.3.1/../../../../arm-none-eabi/lib/thumb/v7e-m+dp/hard\libc_nano.a(libc_a-sbrkr.o)
                0x000000000800c4a4                _sbrk_r
 .text.memcpy   0x000000000800c4c4       0x1c C:/Users/sunsu/.eclipse/com.st.stm32cube.ide.mcu.rcp.product_1.13.0_559691278_win32_win32_x86_64/plugins/com.st.stm32cube.ide.mcu.externaltools.gnu-tools-for-stm32.11.3.rel1.win32_1.1.1.202309131626/tools/bin/../lib/gcc/arm-none-eabi/11.3.1/../../../../arm-none-eabi/lib/thumb/v7e-m+dp/hard\libc_nano.a(libc_a-memcpy-stub.o)
                0x000000000800c4c4                memcpy
 .text.nan      0x000000000800c4e0       0x10 C:/Users/sunsu/.eclipse/com.st.stm32cube.ide.mcu.rcp.product_1.13.0_559691278_win32_win32_x86_64/plugins/com.st.stm32cube.ide.mcu.externaltools.gnu-tools-for-stm32.11.3.rel1.win32_1.1.1.202309131626/tools/bin/../lib/gcc/arm-none-eabi/11.3.1/../../../../arm-none-eabi/lib/thumb/v7e-m+dp/hard\libc_nano.a(libm_a-s_nan.o)
                0x000000000800c4e0                nan
 .text.__assert_func
                0x000000000800c4f0       0x3c C:/Users/sunsu/.eclipse/com.st.stm32cube.ide.mcu.rcp.product_1.13.0_559691278_win32_win32_x86_64/plugins/com.st.stm32cube.ide.mcu.externaltools.gnu-tools-for-stm32.11.3.rel1.win32_1.1.1.202309131626/tools/bin/../lib/gcc/arm-none-eabi/11.3.1/../../../../arm-none-eabi/lib/thumb/v7e-m+dp/hard\libc_nano.a(libc_a-assert.o)
                0x000000000800c4f0                __assert_func
 .text._calloc_r
                0x000000000800c52c       0x2c C:/Users/sunsu/.eclipse/com.st.stm32cube.ide.mcu.rcp.product_1.13.0_559691278_win32_win32_x86_64/plugins/com.st.stm32cube.ide.mcu.externaltools.gnu-tools-for-stm32.11.3.rel1.win32_1.1.1.202309131626/tools/bin/../lib/gcc/arm-none-eabi/11.3.1/../../../../arm-none-eabi/lib/thumb/v7e-m+dp/hard\libc_nano.a(libc_a-callocr.o)
                0x000000000800c52c                _calloc_r
 .text.rshift   0x000000000800c558       0xa4 C:/Users/sunsu/.eclipse/com.st.stm32cube.ide.mcu.rcp.product_1.13.0_559691278_win32_win32_x86_64/plugins/com.st.stm32cube.ide.mcu.externaltools.gnu-tools-for-stm32.11.3.rel1.win32_1.1.1.202309131626/tools/bin/../lib/gcc/arm-none-eabi/11.3.1/../../../../arm-none-eabi/lib/thumb/v7e-m+dp/hard\libc_nano.a(libc_a-gdtoa-gethex.o)
 .text.__hexdig_fun
                0x000000000800c5fc       0x2a C:/Users/sunsu/.eclipse/com.st.stm32cube.ide.mcu.rcp.product_1.13.0_559691278_win32_win32_x86_64/plugins/com.st.stm32cube.ide.mcu.externaltools.gnu-tools-for-stm32.11.3.rel1.win32_1.1.1.202309131626/tools/bin/../lib/gcc/arm-none-eabi/11.3.1/../../../../arm-none-eabi/lib/thumb/v7e-m+dp/hard\libc_nano.a(libc_a-gdtoa-gethex.o)
                0x000000000800c5fc                __hexdig_fun
 *fill*         0x000000000800c626        0x2 
 .text.__gethex
                0x000000000800c628      0x45c C:/Users/sunsu/.eclipse/com.st.stm32cube.ide.mcu.rcp.product_1.13.0_559691278_win32_win32_x86_64/plugins/com.st.stm32cube.ide.mcu.externaltools.gnu-tools-for-stm32.11.3.rel1.win32_1.1.1.202309131626/tools/bin/../lib/gcc/arm-none-eabi/11.3.1/../../../../arm-none-eabi/lib/thumb/v7e-m+dp/hard\libc_nano.a(libc_a-gdtoa-gethex.o)
                0x000000000800c628                __gethex
 .text.L_shift  0x000000000800ca84       0x24 C:/Users/sunsu/.eclipse/com.st.stm32cube.ide.mcu.rcp.product_1.13.0_559691278_win32_win32_x86_64/plugins/com.st.stm32cube.ide.mcu.externaltools.gnu-tools-for-stm32.11.3.rel1.win32_1.1.1.202309131626/tools/bin/../lib/gcc/arm-none-eabi/11.3.1/../../../../arm-none-eabi/lib/thumb/v7e-m+dp/hard\libc_nano.a(libc_a-gdtoa-hexnan.o)
 .text.__match  0x000000000800caa8       0x28 C:/Users/sunsu/.eclipse/com.st.stm32cube.ide.mcu.rcp.product_1.13.0_559691278_win32_win32_x86_64/plugins/com.st.stm32cube.ide.mcu.externaltools.gnu-tools-for-stm32.11.3.rel1.win32_1.1.1.202309131626/tools/bin/../lib/gcc/arm-none-eabi/11.3.1/../../../../arm-none-eabi/lib/thumb/v7e-m+dp/hard\libc_nano.a(libc_a-gdtoa-hexnan.o)
                0x000000000800caa8                __match
 .text.__hexnan
                0x000000000800cad0      0x136 C:/Users/sunsu/.eclipse/com.st.stm32cube.ide.mcu.rcp.product_1.13.0_559691278_win32_win32_x86_64/plugins/com.st.stm32cube.ide.mcu.externaltools.gnu-tools-for-stm32.11.3.rel1.win32_1.1.1.202309131626/tools/bin/../lib/gcc/arm-none-eabi/11.3.1/../../../../arm-none-eabi/lib/thumb/v7e-m+dp/hard\libc_nano.a(libc_a-gdtoa-hexnan.o)
                0x000000000800cad0                __hexnan
 .text.__ascii_mbtowc
                0x000000000800cc06       0x24 C:/Users/sunsu/.eclipse/com.st.stm32cube.ide.mcu.rcp.product_1.13.0_559691278_win32_win32_x86_64/plugins/com.st.stm32cube.ide.mcu.externaltools.gnu-tools-for-stm32.11.3.rel1.win32_1.1.1.202309131626/tools/bin/../lib/gcc/arm-none-eabi/11.3.1/../../../../arm-none-eabi/lib/thumb/v7e-m+dp/hard\libc_nano.a(libc_a-mbtowc_r.o)
                0x000000000800cc06                __ascii_mbtowc
 .text._realloc_r
                0x000000000800cc2a       0x5e C:/Users/sunsu/.eclipse/com.st.stm32cube.ide.mcu.rcp.product_1.13.0_559691278_win32_win32_x86_64/plugins/com.st.stm32cube.ide.mcu.externaltools.gnu-tools-for-stm32.11.3.rel1.win32_1.1.1.202309131626/tools/bin/../lib/gcc/arm-none-eabi/11.3.1/../../../../arm-none-eabi/lib/thumb/v7e-m+dp/hard\libc_nano.a(libc_a-reallocr.o)
                0x000000000800cc2a                _realloc_r
 .text.__ascii_wctomb
                0x000000000800cc88       0x1a C:/Users/sunsu/.eclipse/com.st.stm32cube.ide.mcu.rcp.product_1.13.0_559691278_win32_win32_x86_64/plugins/com.st.stm32cube.ide.mcu.externaltools.gnu-tools-for-stm32.11.3.rel1.win32_1.1.1.202309131626/tools/bin/../lib/gcc/arm-none-eabi/11.3.1/../../../../arm-none-eabi/lib/thumb/v7e-m+dp/hard\libc_nano.a(libc_a-wctomb_r.o)
                0x000000000800cc88                __ascii_wctomb
 *fill*         0x000000000800cca2        0x2 
 .text.fprintf  0x000000000800cca4       0x24 C:/Users/sunsu/.eclipse/com.st.stm32cube.ide.mcu.rcp.product_1.13.0_559691278_win32_win32_x86_64/plugins/com.st.stm32cube.ide.mcu.externaltools.gnu-tools-for-stm32.11.3.rel1.win32_1.1.1.202309131626/tools/bin/../lib/gcc/arm-none-eabi/11.3.1/../../../../arm-none-eabi/lib/thumb/v7e-m+dp/hard\libc_nano.a(libc_a-fprintf.o)
                0x000000000800cca4                fiprintf
                0x000000000800cca4                fprintf
 .text.abort    0x000000000800ccc8        0xe C:/Users/sunsu/.eclipse/com.st.stm32cube.ide.mcu.rcp.product_1.13.0_559691278_win32_win32_x86_64/plugins/com.st.stm32cube.ide.mcu.externaltools.gnu-tools-for-stm32.11.3.rel1.win32_1.1.1.202309131626/tools/bin/../lib/gcc/arm-none-eabi/11.3.1/../../../../arm-none-eabi/lib/thumb/v7e-m+dp/hard\libc_nano.a(libc_a-abort.o)
                0x000000000800ccc8                abort
 .text._malloc_usable_size_r
                0x000000000800ccd6       0x10 C:/Users/sunsu/.eclipse/com.st.stm32cube.ide.mcu.rcp.product_1.13.0_559691278_win32_win32_x86_64/plugins/com.st.stm32cube.ide.mcu.externaltools.gnu-tools-for-stm32.11.3.rel1.win32_1.1.1.202309131626/tools/bin/../lib/gcc/arm-none-eabi/11.3.1/../../../../arm-none-eabi/lib/thumb/v7e-m+dp/hard\libc_nano.a(libc_a-msizer.o)
                0x000000000800ccd6                _malloc_usable_size_r
 .text.__sfputc_r
                0x000000000800cce6       0x2e C:/Users/sunsu/.eclipse/com.st.stm32cube.ide.mcu.rcp.product_1.13.0_559691278_win32_win32_x86_64/plugins/com.st.stm32cube.ide.mcu.externaltools.gnu-tools-for-stm32.11.3.rel1.win32_1.1.1.202309131626/tools/bin/../lib/gcc/arm-none-eabi/11.3.1/../../../../arm-none-eabi/lib/thumb/v7e-m+dp/hard\libc_nano.a(libc_a-nano-vfprintf.o)
 .text.__sfputs_r
                0x000000000800cd14       0x24 C:/Users/sunsu/.eclipse/com.st.stm32cube.ide.mcu.rcp.product_1.13.0_559691278_win32_win32_x86_64/plugins/com.st.stm32cube.ide.mcu.externaltools.gnu-tools-for-stm32.11.3.rel1.win32_1.1.1.202309131626/tools/bin/../lib/gcc/arm-none-eabi/11.3.1/../../../../arm-none-eabi/lib/thumb/v7e-m+dp/hard\libc_nano.a(libc_a-nano-vfprintf.o)
                0x000000000800cd14                __sfputs_r
 .text._vfprintf_r
                0x000000000800cd38      0x234 C:/Users/sunsu/.eclipse/com.st.stm32cube.ide.mcu.rcp.product_1.13.0_559691278_win32_win32_x86_64/plugins/com.st.stm32cube.ide.mcu.externaltools.gnu-tools-for-stm32.11.3.rel1.win32_1.1.1.202309131626/tools/bin/../lib/gcc/arm-none-eabi/11.3.1/../../../../arm-none-eabi/lib/thumb/v7e-m+dp/hard\libc_nano.a(libc_a-nano-vfprintf.o)
                0x000000000800cd38                _vfprintf_r
                0x000000000800cd38                _vfiprintf_r
 .text.__swbuf_r
                0x000000000800cf6c       0x7a C:/Users/sunsu/.eclipse/com.st.stm32cube.ide.mcu.rcp.product_1.13.0_559691278_win32_win32_x86_64/plugins/com.st.stm32cube.ide.mcu.externaltools.gnu-tools-for-stm32.11.3.rel1.win32_1.1.1.202309131626/tools/bin/../lib/gcc/arm-none-eabi/11.3.1/../../../../arm-none-eabi/lib/thumb/v7e-m+dp/hard\libc_nano.a(libc_a-wbuf.o)
                0x000000000800cf6c                __swbuf_r
 *fill*         0x000000000800cfe6        0x2 
 .text.__swsetup_r
                0x000000000800cfe8       0xb0 C:/Users/sunsu/.eclipse/com.st.stm32cube.ide.mcu.rcp.product_1.13.0_559691278_win32_win32_x86_64/plugins/com.st.stm32cube.ide.mcu.externaltools.gnu-tools-for-stm32.11.3.rel1.win32_1.1.1.202309131626/tools/bin/../lib/gcc/arm-none-eabi/11.3.1/../../../../arm-none-eabi/lib/thumb/v7e-m+dp/hard\libc_nano.a(libc_a-wsetup.o)
                0x000000000800cfe8                __swsetup_r
 .text._raise_r
                0x000000000800d098       0x50 C:/Users/sunsu/.eclipse/com.st.stm32cube.ide.mcu.rcp.product_1.13.0_559691278_win32_win32_x86_64/plugins/com.st.stm32cube.ide.mcu.externaltools.gnu-tools-for-stm32.11.3.rel1.win32_1.1.1.202309131626/tools/bin/../lib/gcc/arm-none-eabi/11.3.1/../../../../arm-none-eabi/lib/thumb/v7e-m+dp/hard\libc_nano.a(libc_a-signal.o)
                0x000000000800d098                _raise_r
 .text.raise    0x000000000800d0e8       0x10 C:/Users/sunsu/.eclipse/com.st.stm32cube.ide.mcu.rcp.product_1.13.0_559691278_win32_win32_x86_64/plugins/com.st.stm32cube.ide.mcu.externaltools.gnu-tools-for-stm32.11.3.rel1.win32_1.1.1.202309131626/tools/bin/../lib/gcc/arm-none-eabi/11.3.1/../../../../arm-none-eabi/lib/thumb/v7e-m+dp/hard\libc_nano.a(libc_a-signal.o)
                0x000000000800d0e8                raise
 .text._kill_r  0x000000000800d0f8       0x24 C:/Users/sunsu/.eclipse/com.st.stm32cube.ide.mcu.rcp.product_1.13.0_559691278_win32_win32_x86_64/plugins/com.st.stm32cube.ide.mcu.externaltools.gnu-tools-for-stm32.11.3.rel1.win32_1.1.1.202309131626/tools/bin/../lib/gcc/arm-none-eabi/11.3.1/../../../../arm-none-eabi/lib/thumb/v7e-m+dp/hard\libc_nano.a(libc_a-signalr.o)
                0x000000000800d0f8                _kill_r
 .text._getpid_r
                0x000000000800d11c        0x4 C:/Users/sunsu/.eclipse/com.st.stm32cube.ide.mcu.rcp.product_1.13.0_559691278_win32_win32_x86_64/plugins/com.st.stm32cube.ide.mcu.externaltools.gnu-tools-for-stm32.11.3.rel1.win32_1.1.1.202309131626/tools/bin/../lib/gcc/arm-none-eabi/11.3.1/../../../../arm-none-eabi/lib/thumb/v7e-m+dp/hard\libc_nano.a(libc_a-signalr.o)
                0x000000000800d11c                _getpid_r
 .text.__swhatbuf_r
                0x000000000800d120       0x4c C:/Users/sunsu/.eclipse/com.st.stm32cube.ide.mcu.rcp.product_1.13.0_559691278_win32_win32_x86_64/plugins/com.st.stm32cube.ide.mcu.externaltools.gnu-tools-for-stm32.11.3.rel1.win32_1.1.1.202309131626/tools/bin/../lib/gcc/arm-none-eabi/11.3.1/../../../../arm-none-eabi/lib/thumb/v7e-m+dp/hard\libc_nano.a(libc_a-makebuf.o)
                0x000000000800d120                __swhatbuf_r
 .text.__smakebuf_r
                0x000000000800d16c       0x78 C:/Users/sunsu/.eclipse/com.st.stm32cube.ide.mcu.rcp.product_1.13.0_559691278_win32_win32_x86_64/plugins/com.st.stm32cube.ide.mcu.externaltools.gnu-tools-for-stm32.11.3.rel1.win32_1.1.1.202309131626/tools/bin/../lib/gcc/arm-none-eabi/11.3.1/../../../../arm-none-eabi/lib/thumb/v7e-m+dp/hard\libc_nano.a(libc_a-makebuf.o)
                0x000000000800d16c                __smakebuf_r
 .text._fstat_r
                0x000000000800d1e4       0x24 C:/Users/sunsu/.eclipse/com.st.stm32cube.ide.mcu.rcp.product_1.13.0_559691278_win32_win32_x86_64/plugins/com.st.stm32cube.ide.mcu.externaltools.gnu-tools-for-stm32.11.3.rel1.win32_1.1.1.202309131626/tools/bin/../lib/gcc/arm-none-eabi/11.3.1/../../../../arm-none-eabi/lib/thumb/v7e-m+dp/hard\libc_nano.a(libc_a-fstatr.o)
                0x000000000800d1e4                _fstat_r
 .text._isatty_r
                0x000000000800d208       0x20 C:/Users/sunsu/.eclipse/com.st.stm32cube.ide.mcu.rcp.product_1.13.0_559691278_win32_win32_x86_64/plugins/com.st.stm32cube.ide.mcu.externaltools.gnu-tools-for-stm32.11.3.rel1.win32_1.1.1.202309131626/tools/bin/../lib/gcc/arm-none-eabi/11.3.1/../../../../arm-none-eabi/lib/thumb/v7e-m+dp/hard\libc_nano.a(libc_a-isattyr.o)
                0x000000000800d208                _isatty_r
 *(.glue_7)
 .glue_7        0x000000000800d228        0x0 linker stubs
 *(.glue_7t)
 .glue_7t       0x000000000800d228        0x0 linker stubs
 *(.eh_frame)
 .eh_frame      0x000000000800d228        0x0 C:/Users/sunsu/.eclipse/com.st.stm32cube.ide.mcu.rcp.product_1.13.0_559691278_win32_win32_x86_64/plugins/com.st.stm32cube.ide.mcu.externaltools.gnu-tools-for-stm32.11.3.rel1.win32_1.1.1.202309131626/tools/bin/../lib/gcc/arm-none-eabi/11.3.1/thumb/v7e-m+dp/hard/crtbegin.o
 *(.init)
 .init          0x000000000800d228        0x4 C:/Users/sunsu/.eclipse/com.st.stm32cube.ide.mcu.rcp.product_1.13.0_559691278_win32_win32_x86_64/plugins/com.st.stm32cube.ide.mcu.externaltools.gnu-tools-for-stm32.11.3.rel1.win32_1.1.1.202309131626/tools/bin/../lib/gcc/arm-none-eabi/11.3.1/thumb/v7e-m+dp/hard/crti.o
                0x000000000800d228                _init
 .init          0x000000000800d22c        0x8 C:/Users/sunsu/.eclipse/com.st.stm32cube.ide.mcu.rcp.product_1.13.0_559691278_win32_win32_x86_64/plugins/com.st.stm32cube.ide.mcu.externaltools.gnu-tools-for-stm32.11.3.rel1.win32_1.1.1.202309131626/tools/bin/../lib/gcc/arm-none-eabi/11.3.1/thumb/v7e-m+dp/hard/crtn.o
 *(.fini)
 .fini          0x000000000800d234        0x4 C:/Users/sunsu/.eclipse/com.st.stm32cube.ide.mcu.rcp.product_1.13.0_559691278_win32_win32_x86_64/plugins/com.st.stm32cube.ide.mcu.externaltools.gnu-tools-for-stm32.11.3.rel1.win32_1.1.1.202309131626/tools/bin/../lib/gcc/arm-none-eabi/11.3.1/thumb/v7e-m+dp/hard/crti.o
                0x000000000800d234                _fini
 .fini          0x000000000800d238        0x8 C:/Users/sunsu/.eclipse/com.st.stm32cube.ide.mcu.rcp.product_1.13.0_559691278_win32_win32_x86_64/plugins/com.st.stm32cube.ide.mcu.externaltools.gnu-tools-for-stm32.11.3.rel1.win32_1.1.1.202309131626/tools/bin/../lib/gcc/arm-none-eabi/11.3.1/thumb/v7e-m+dp/hard/crtn.o
                0x000000000800d240                . = ALIGN (0x4)
                0x000000000800d240                _etext = .

.vfp11_veneer   0x000000000800d240        0x0
 .vfp11_veneer  0x000000000800d240        0x0 linker stubs

.v4_bx          0x000000000800d240        0x0
 .v4_bx         0x000000000800d240        0x0 linker stubs

.iplt           0x000000000800d240        0x0
 .iplt          0x000000000800d240        0x0 C:/Users/sunsu/.eclipse/com.st.stm32cube.ide.mcu.rcp.product_1.13.0_559691278_win32_win32_x86_64/plugins/com.st.stm32cube.ide.mcu.externaltools.gnu-tools-for-stm32.11.3.rel1.win32_1.1.1.202309131626/tools/bin/../lib/gcc/arm-none-eabi/11.3.1/thumb/v7e-m+dp/hard/crtbegin.o

.rodata         0x000000000800d240      0xf30
                0x000000000800d240                . = ALIGN (0x4)
 *(.rodata)
 .rodata        0x000000000800d240       0xa8 ./Core/Src/main.o
 *(.rodata*)
 .rodata.AHBPrescTable
                0x000000000800d2e8       0x10 ./Core/Src/system_stm32f7xx.o