../Core/Src/main.c:83:6:generatePwm	8	static
../Core/Src/main.c:92:6:generatePwm2	16	static
../Core/Src/main.c:101:6:printOut	16	static
../Core/Src/main.c:107:6:printOutLine	16	static
../Core/Src/main.c:113:6:receiveUserInput	16	static
../Core/Src/main.c:121:6:setRedIntensity	16	static
../Core/Src/main.c:125:6:setGreenIntensity	16	static
../Core/Src/main.c:130:6:setBlueIntensity	16	static
../Core/Src/main.c:135:6:controlRgb	96	static
../Core/Src/main.c:182:6:controlRgb_s	96	static
../Core/Src/main.c:229:6:setColorInfo	4	static
../Core/Src/main.c:254:6:startPwmRgb	8	static
../Core/Src/main.c:265:6:startPwmRgb_s	8	static
../Core/Src/main.c:276:6:updatePwmRgb_s	8	static
../Core/Src/main.c:288:6:HAL_UART_RxCpltCallback	16	static
../Core/Src/main.c:300:5:main	16	static
../Core/Src/main.c:373:6:SystemClock_Config	88	static
../Core/Src/main.c:431:6:Error_Handler	4	static,ignoring_inline_asm
