../Core/Src/main.c:76:6:generatePwm	8	static
../Core/Src/main.c:85:6:generatePwm2	16	static
../Core/Src/main.c:94:6:printOut	16	static
../Core/Src/main.c:100:6:printOutLine	16	static
../Core/Src/main.c:106:6:setRedIntensity	16	static
../Core/Src/main.c:110:6:setGreenIntensity	16	static
../Core/Src/main.c:115:6:setBlueIntensity	16	static
../Core/Src/main.c:121:6:addIntensity	24	static
../Core/Src/main.c:135:6:controlRgb_s	96	static
../Core/Src/main.c:164:6:setColorInfo	4	static
../Core/Src/main.c:188:6:startPwmRgb_s	8	static
../Core/Src/main.c:200:6:updatePwmRgb_s	8	static
../Core/Src/main.c:212:6:HAL_UART_RxCpltCallback	16	static
../Core/Src/main.c:224:5:main	16	static
../Core/Src/main.c:288:6:SystemClock_Config	88	static
../Core/Src/main.c:346:6:Error_Handler	4	static,ignoring_inline_asm
