Archive member included to satisfy reference by file (symbol)

C:/Users/sunsu/.eclipse/com.st.stm32cube.ide.mcu.rcp.product_1.13.0_559691278_win32_win32_x86_64/plugins/com.st.stm32cube.ide.mcu.externaltools.gnu-tools-for-stm32.11.3.rel1.win32_1.1.1.202309131626/tools/bin/../lib/gcc/arm-none-eabi/11.3.1/../../../../arm-none-eabi/lib/thumb/v7e-m+dp/hard\libc_nano.a(libc_a-exit.o)
                              C:/Users/sunsu/.eclipse/com.st.stm32cube.ide.mcu.rcp.product_1.13.0_559691278_win32_win32_x86_64/plugins/com.st.stm32cube.ide.mcu.externaltools.gnu-tools-for-stm32.11.3.rel1.win32_1.1.1.202309131626/tools/bin/../lib/gcc/arm-none-eabi/11.3.1/../../../../arm-none-eabi/lib/thumb/v7e-m+dp/hard/crt0.o (exit)
C:/Users/sunsu/.eclipse/com.st.stm32cube.ide.mcu.rcp.product_1.13.0_559691278_win32_win32_x86_64/plugins/com.st.stm32cube.ide.mcu.externaltools.gnu-tools-for-stm32.11.3.rel1.win32_1.1.1.202309131626/tools/bin/../lib/gcc/arm-none-eabi/11.3.1/../../../../arm-none-eabi/lib/thumb/v7e-m+dp/hard\libc_nano.a(libc_a-nano-vfprintf_float.o)
                              (_printf_float)
C:/Users/sunsu/.eclipse/com.st.stm32cube.ide.mcu.rcp.product_1.13.0_559691278_win32_win32_x86_64/plugins/com.st.stm32cube.ide.mcu.externaltools.gnu-tools-for-stm32.11.3.rel1.win32_1.1.1.202309131626/tools/bin/../lib/gcc/arm-none-eabi/11.3.1/../../../../arm-none-eabi/lib/thumb/v7e-m+dp/hard\libc_nano.a(libc_a-nano-vfprintf_i.o)
                              C:/Users/sunsu/.eclipse/com.st.stm32cube.ide.mcu.rcp.product_1.13.0_559691278_win32_win32_x86_64/plugins/com.st.stm32cube.ide.mcu.externaltools.gnu-tools-for-stm32.11.3.rel1.win32_1.1.1.202309131626/tools/bin/../lib/gcc/arm-none-eabi/11.3.1/../../../../arm-none-eabi/lib/thumb/v7e-m+dp/hard\libc_nano.a(libc_a-nano-vfprintf_float.o) (_printf_common)
C:/Users/sunsu/.eclipse/com.st.stm32cube.ide.mcu.rcp.product_1.13.0_559691278_win32_win32_x86_64/plugins/com.st.stm32cube.ide.mcu.externaltools.gnu-tools-for-stm32.11.3.rel1.win32_1.1.1.202309131626/tools/bin/../lib/gcc/arm-none-eabi/11.3.1/../../../../arm-none-eabi/lib/thumb/v7e-m+dp/hard\libc_nano.a(libc_a-nano-vfscanf_float.o)
                              (_scanf_float)
C:/Users/sunsu/.eclipse/com.st.stm32cube.ide.mcu.rcp.product_1.13.0_559691278_win32_win32_x86_64/plugins/com.st.stm32cube.ide.mcu.externaltools.gnu-tools-for-stm32.11.3.rel1.win32_1.1.1.202309131626/tools/bin/../lib/gcc/arm-none-eabi/11.3.1/../../../../arm-none-eabi/lib/thumb/v7e-m+dp/hard\libc_nano.a(libc_a-findfp.o)
                              C:/Users/sunsu/.eclipse/com.st.stm32cube.ide.mcu.rcp.product_1.13.0_559691278_win32_win32_x86_64/plugins/com.st.stm32cube.ide.mcu.externaltools.gnu-tools-for-stm32.11.3.rel1.win32_1.1.1.202309131626/tools/bin/../lib/gcc/arm-none-eabi/11.3.1/../../../../arm-none-eabi/lib/thumb/v7e-m+dp/hard\libc_nano.a(libc_a-exit.o) (__stdio_exit_handler)
C:/Users/sunsu/.eclipse/com.st.stm32cube.ide.mcu.rcp.product_1.13.0_559691278_win32_win32_x86_64/plugins/com.st.stm32cube.ide.mcu.externaltools.gnu-tools-for-stm32.11.3.rel1.win32_1.1.1.202309131626/tools/bin/../lib/gcc/arm-none-eabi/11.3.1/../../../../arm-none-eabi/lib/thumb/v7e-m+dp/hard\libc_nano.a(libc_a-fwalk.o)
                              C:/Users/sunsu/.eclipse/com.st.stm32cube.ide.mcu.rcp.product_1.13.0_559691278_win32_win32_x86_64/plugins/com.st.stm32cube.ide.mcu.externaltools.gnu-tools-for-stm32.11.3.rel1.win32_1.1.1.202309131626/tools/bin/../lib/gcc/arm-none-eabi/11.3.1/../../../../arm-none-eabi/lib/thumb/v7e-m+dp/hard\libc_nano.a(libc_a-findfp.o) (_fwalk_sglue)
C:/Users/sunsu/.eclipse/com.st.stm32cube.ide.mcu.rcp.product_1.13.0_559691278_win32_win32_x86_64/plugins/com.st.stm32cube.ide.mcu.externaltools.gnu-tools-for-stm32.11.3.rel1.win32_1.1.1.202309131626/tools/bin/../lib/gcc/arm-none-eabi/11.3.1/../../../../arm-none-eabi/lib/thumb/v7e-m+dp/hard\libc_nano.a(libc_a-sprintf.o)
                              ./Core/Src/main.o (sprintf)
C:/Users/sunsu/.eclipse/com.st.stm32cube.ide.mcu.rcp.product_1.13.0_559691278_win32_win32_x86_64/plugins/com.st.stm32cube.ide.mcu.externaltools.gnu-tools-for-stm32.11.3.rel1.win32_1.1.1.202309131626/tools/bin/../lib/gcc/arm-none-eabi/11.3.1/../../../../arm-none-eabi/lib/thumb/v7e-m+dp/hard\libc_nano.a(libc_a-stdio.o)
                              C:/Users/sunsu/.eclipse/com.st.stm32cube.ide.mcu.rcp.product_1.13.0_559691278_win32_win32_x86_64/plugins/com.st.stm32cube.ide.mcu.externaltools.gnu-tools-for-stm32.11.3.rel1.win32_1.1.1.202309131626/tools/bin/../lib/gcc/arm-none-eabi/11.3.1/../../../../arm-none-eabi/lib/thumb/v7e-m+dp/hard\libc_nano.a(libc_a-findfp.o) (__sread)
C:/Users/sunsu/.eclipse/com.st.stm32cube.ide.mcu.rcp.product_1.13.0_559691278_win32_win32_x86_64/plugins/com.st.stm32cube.ide.mcu.externaltools.gnu-tools-for-stm32.11.3.rel1.win32_1.1.1.202309131626/tools/bin/../lib/gcc/arm-none-eabi/11.3.1/../../../../arm-none-eabi/lib/thumb/v7e-m+dp/hard\libc_nano.a(libc_a-memset.o)
[...]
Memory Configuration

Name             Origin             Length             Attributes
RAM              0x0000000020000000 0x0000000000080000 xrw
FLASH            0x0000000008000000 0x0000000000200000 xr
*default*        0x0000000000000000 0xffffffffffffffff

Linker script and memory map

LOAD C:/Users/sunsu/.eclipse/com.st.stm32cube.ide.mcu.rcp.product_1.13.0_559691278_win32_win32_x86_64/plugins/com.st.stm32cube.ide.mcu.externaltools.gnu-tools-for-stm32.11.3.rel1.win32_1.1.1.202309131626/tools/bin/../lib/gcc/arm-none-eabi/11.3.1/thumb/v7e-m+dp/hard/crti.o
LOAD C:/Users/sunsu/.eclipse/com.st.stm32cube.ide.mcu.rcp.product_1.13.0_559691278_win32_win32_x86_64/plugins/com.st.stm32cube.ide.mcu.externaltools.gnu-tools-for-stm32.11.3.rel1.win32_1.1.1.202309131626/tools/bin/../lib/gcc/arm-none-eabi/11.3.1/thumb/v7e-m+dp/hard/crtbegin.o
LOAD C:/Users/sunsu/.eclipse/com.st.stm32cube.ide.mcu.rcp.product_1.13.0_559691278_win32_win32_x86_64/plugins/com.st.stm32cube.ide.mcu.externaltools.gnu-tools-for-stm32.11.3.rel1.win32_1.1.1.202309131626/tools/bin/../lib/gcc/arm-none-eabi/11.3.1/../../../../arm-none-eabi/lib/thumb/v7e-m+dp/hard/crt0.o
LOAD ./Core/Src/gpio.o
LOAD ./Core/Src/main.o
LOAD ./Core/Src/stm32f7xx_hal_msp.o
LOAD ./Core/Src/stm32f7xx_it.o
LOAD ./Core/Src/syscalls.o
LOAD ./Core/Src/sysmem.o
LOAD ./Core/Src/system_stm32f7xx.o
LOAD ./Core/Src/tim.o
LOAD ./Core/Src/usart.o
LOAD ./Core/Startup/startup_stm32f767zitx.o
LOAD ./Drivers/STM32F7xx_HAL_Driver/Src/stm32f7xx_hal.o
LOAD ./Drivers/STM32F7xx_HAL_Driver/Src/stm32f7xx_hal_cortex.o
LOAD ./Drivers/STM32F7xx_HAL_Driver/Src/stm32f7xx_hal_dma.o
LOAD ./Drivers/STM32F7xx_HAL_Driver/Src/stm32f7xx_hal_dma_ex.o
LOAD ./Drivers/STM32F7xx_HAL_Driver/Src/stm32f7xx_hal_exti.o
LOAD ./Drivers/STM32F7xx_HAL_Driver/Src/stm32f7xx_hal_flash.o
LOAD ./Drivers/STM32F7xx_HAL_Driver/Src/stm32f7xx_hal_flash_ex.o
LOAD ./Drivers/STM32F7xx_HAL_Driver/Src/stm32f7xx_hal_gpio.o
LOAD ./Drivers/STM32F7xx_HAL_Driver/Src/stm32f7xx_hal_i2c.o
LOAD ./Drivers/STM32F7xx_HAL_Driver/Src/stm32f7xx_hal_i2c_ex.o
LOAD ./Drivers/STM32F7xx_HAL_Driver/Src/stm32f7xx_hal_pwr.o
LOAD ./Drivers/STM32F7xx_HAL_Driver/Src/stm32f7xx_hal_pwr_ex.o
LOAD ./Drivers/STM32F7xx_HAL_Driver/Src/stm32f7xx_hal_rcc.o
LOAD ./Drivers/STM32F7xx_HAL_Driver/Src/stm32f7xx_hal_rcc_ex.o
LOAD ./Drivers/STM32F7xx_HAL_Driver/Src/stm32f7xx_hal_tim.o
LOAD ./Drivers/STM32F7xx_HAL_Driver/Src/stm32f7xx_hal_tim_ex.o
LOAD ./Drivers/STM32F7xx_HAL_Driver/Src/stm32f7xx_hal_uart.o
LOAD ./Drivers/STM32F7xx_HAL_Driver/Src/stm32f7xx_hal_uart_ex.o
START GROUP
LOAD C:/Users/sunsu/.eclipse/com.st.stm32cube.ide.mcu.rcp.product_1.13.0_559691278_win32_win32_x86_64/plugins/com.st.stm32cube.ide.mcu.externaltools.gnu-tools-for-stm32.11.3.rel1.win32_1.1.1.202309131626/tools/bin/../lib/gcc/arm-none-eabi/11.3.1/../../../../arm-none-eabi/lib/thumb/v7e-m+dp/hard\libc_nano.a
LOAD C:/Users/sunsu/.eclipse/com.st.stm32cube.ide.mcu.rcp.product_1.13.0_559691278_win32_win32_x86_64/plugins/com.st.stm32cube.ide.mcu.externaltools.gnu-tools-for-stm32.11.3.rel1.win32_1.1.1.202309131626/tools/bin/../lib/gcc/arm-none-eabi/11.3.1/../../../../arm-none-eabi/lib/thumb/v7e-m+dp/hard\libm.a
END GROUP
START GROUP
LOAD C:/Users/sunsu/.eclipse/com.st.stm32cube.ide.mcu.rcp.product_1.13.0_559691278_win32_win32_x86_64/plugins/com.st.stm32cube.ide.mcu.externaltools.gnu-tools-for-stm32.11.3.rel1.win32_1.1.1.202309131626/tools/bin/../lib/gcc/arm-none-eabi/11.3.1/thumb/v7e-m+dp/hard\libgcc.a
LOAD C:/Users/sunsu/.eclipse/com.st.stm32cube.ide.mcu.rcp.product_1.13.0_559691278_win32_win32_x86_64/plugins/com.st.stm32cube.ide.mcu.externaltools.gnu-tools-for-stm32.11.3.rel1.win32_1.1.1.202309131626/tools/bin/../lib/gcc/arm-none-eabi/11.3.1/../../../../arm-none-eabi/lib/thumb/v7e-m+dp/hard\libc_nano.a
END GROUP
START GROUP
LOAD C:/Users/sunsu/.eclipse/com.st.stm32cube.ide.mcu.rcp.product_1.13.0_559691278_win32_win32_x86_64/plugins/com.st.stm32cube.ide.mcu.externaltools.gnu-tools-for-stm32.11.3.rel1.win32_1.1.1.202309131626/tools/bin/../lib/gcc/arm-none-eabi/11.3.1/thumb/v7e-m+dp/hard\libgcc.a
LOAD C:/Users/sunsu/.eclipse/com.st.stm32cube.ide.mcu.rcp.product_1.13.0_559691278_win32_win32_x86_64/plugins/com.st.stm32cube.ide.mcu.externaltools.gnu-tools-for-stm32.11.3.rel1.win32_1.1.1.202309131626/tools/bin/../lib/gcc/arm-none-eabi/11.3.1/../../../../arm-none-eabi/lib/thumb/v7e-m+dp/hard\libc_nano.a
LOAD C:/Users/sunsu/.eclipse/com.st.stm32cube.ide.mcu.rcp.product_1.13.0_559691278_win32_win32_x86_64/plugins/com.st.stm32cube.ide.mcu.externaltools.gnu-tools-for-stm32.11.3.rel1.win32_1.1.1.202309131626/tools/bin/../lib/gcc/arm-none-eabi/11.3.1/../../../../arm-none-eabi/lib/thumb/v7e-m+dp/hard\libnosys.a
END GROUP
START GROUP
LOAD C:/Users/sunsu/.eclipse/com.st.stm32cube.ide.mcu.rcp.product_1.13.0_559691278_win32_win32_x86_64/plugins/com.st.stm32cube.ide.mcu.externaltools.gnu-tools-for-stm32.11.3.rel1.win32_1.1.1.202309131626/tools/bin/../lib/gcc/arm-none-eabi/11.3.1/thumb/v7e-m+dp/hard\libgcc.a
LOAD C:/Users/sunsu/.eclipse/com.st.stm32cube.ide.mcu.rcp.product_1.13.0_559691278_win32_win32_x86_64/plugins/com.st.stm32cube.ide.mcu.externaltools.gnu-tools-for-stm32.11.3.rel1.win32_1.1.1.202309131626/tools/bin/../lib/gcc/arm-none-eabi/11.3.1/../../../../arm-none-eabi/lib/thumb/v7e-m+dp/hard\libc_nano.a
LOAD C:/Users/sunsu/.eclipse/com.st.stm32cube.ide.mcu.rcp.product_1.13.0_559691278_win32_win32_x86_64/plugins/com.st.stm32cube.ide.mcu.externaltools.gnu-tools-for-stm32.11.3.rel1.win32_1.1.1.202309131626/tools/bin/../lib/gcc/arm-none-eabi/11.3.1/../../../../arm-none-eabi/lib/thumb/v7e-m+dp/hard\libnosys.a
END GROUP
LOAD C:/Users/sunsu/.eclipse/com.st.stm32cube.ide.mcu.rcp.product_1.13.0_559691278_win32_win32_x86_64/plugins/com.st.stm32cube.ide.mcu.externaltools.gnu-tools-for-stm32.11.3.rel1.win32_1.1.1.202309131626/tools/bin/../lib/gcc/arm-none-eabi/11.3.1/thumb/v7e-m+dp/hard/crtend.o
LOAD C:/Users/sunsu/.eclipse/com.st.stm32cube.ide.mcu.rcp.product_1.13.0_559691278_win32_win32_x86_64/plugins/com.st.stm32cube.ide.mcu.externaltools.gnu-tools-for-stm32.11.3.rel1.win32_1.1.1.202309131626/tools/bin/../lib/gcc/arm-none-eabi/11.3.1/thumb/v7e-m+dp/hard/crtn.o
                0x0000000020080000                _estack = (ORIGIN (RAM) + LENGTH (RAM))
                0x0000000000000200                _Min_Heap_Size = 0x200
                0x0000000000000400                _Min_Stack_Size = 0x400

.isr_vector     0x0000000008000000      0x1f8
                0x0000000008000000                . = ALIGN (0x4)
 *(.isr_vector)
 .isr_vector    0x0000000008000000      0x1f8 ./Core/Startup/startup_stm32f767zitx.o
                0x0000000008000000                g_pfnVectors
                0x00000000080001f8                . = ALIGN (0x4)

.text           0x0000000008000200     0x9ae8
                0x0000000008000200                . = ALIGN (0x4)
 *(.text)
 .text          0x0000000008000200       0x40 C:/Users/sunsu/.eclipse/com.st.stm32cube.ide.mcu.rcp.product_1.13.0_559691278_win32_win32_x86_64/plugins/com.st.stm32cube.ide.mcu.externaltools.gnu-tools-for-stm32.11.3.rel1.win32_1.1.1.202309131626/tools/bin/../lib/gcc/arm-none-eabi/11.3.1/thumb/v7e-m+dp/hard/crtbegin.o
 .text          0x0000000008000240       0xa0 C:/Users/sunsu/.eclipse/com.st.stm32cube.ide.mcu.rcp.product_1.13.0_559691278_win32_win32_x86_64/plugins/com.st.stm32cube.ide.mcu.externaltools.gnu-tools-for-stm32.11.3.rel1.win32_1.1.1.202309131626/tools/bin/../lib/gcc/arm-none-eabi/11.3.1/../../../../arm-none-eabi/lib/thumb/v7e-m+dp/hard\libc_nano.a(libc_a-memchr.o)
                0x0000000008000240                memchr
 .text          0x00000000080002e0       0x10 C:/Users/sunsu/.eclipse/com.st.stm32cube.ide.mcu.rcp.product_1.13.0_559691278_win32_win32_x86_64/plugins/com.st.stm32cube.ide.mcu.externaltools.gnu-tools-for-stm32.11.3.rel1.win32_1.1.1.202309131626/tools/bin/../lib/gcc/arm-none-eabi/11.3.1/../../../../arm-none-eabi/lib/thumb/v7e-m+dp/hard\libc_nano.a(libc_a-strlen.o)
                0x00000000080002e0                strlen
 .text          0x00000000080002f0      0x378 C:/Users/sunsu/.eclipse/com.st.stm32cube.ide.mcu.rcp.product_1.13.0_559691278_win32_win32_x86_64/plugins/com.st.stm32cube.ide.mcu.externaltools.gnu-tools-for-stm32.11.3.rel1.win32_1.1.1.202309131626/tools/bin/../lib/gcc/arm-none-eabi/11.3.1/thumb/v7e-m+dp/hard\libgcc.a(_arm_addsubdf3.o)
                0x00000000080002f0                __aeabi_drsub
                0x00000000080002f8                __aeabi_dsub
                0x00000000080002f8                __subdf3
                0x00000000080002fc                __aeabi_dadd
                0x00000000080002fc                __adddf3
                0x0000000008000574                __floatunsidf
                0x0000000008000574                __aeabi_ui2d
                0x0000000008000594                __floatsidf
                0x0000000008000594                __aeabi_i2d
                0x00000000080005b8                __aeabi_f2d
                0x00000000080005b8                __extendsfdf2
                0x00000000080005fc                __floatundidf
                0x00000000080005fc                __aeabi_ul2d
                0x000000000800060c                __floatdidf
                0x000000000800060c                __aeabi_l2d
 .text          0x0000000008000668       0x30 C:/Users/sunsu/.eclipse/com.st.stm32cube.ide.mcu.rcp.product_1.13.0_559691278_win32_win32_x86_64/plugins/com.st.stm32cube.ide.mcu.externaltools.gnu-tools-for-stm32.11.3.rel1.win32_1.1.1.202309131626/tools/bin/../lib/gcc/arm-none-eabi/11.3.1/thumb/v7e-m+dp/hard\libgcc.a(_aeabi_uldivmod.o)
                0x0000000008000668                __aeabi_uldivmod
 .text          0x0000000008000698       0x30 C:/Users/sunsu/.eclipse/com.st.stm32cube.ide.mcu.rcp.product_1.13.0_559691278_win32_win32_x86_64/plugins/com.st.stm32cube.ide.mcu.externaltools.gnu-tools-for-stm32.11.3.rel1.win32_1.1.1.202309131626/tools/bin/../lib/gcc/arm-none-eabi/11.3.1/thumb/v7e-m+dp/hard\libgcc.a(_fixdfdi.o)
                0x0000000008000698                __fixdfdi
                0x0000000008000698                __aeabi_d2lz
 .text          0x00000000080006c8       0x40 C:/Users/sunsu/.eclipse/com.st.stm32cube.ide.mcu.rcp.product_1.13.0_559691278_win32_win32_x86_64/plugins/com.st.stm32cube.ide.mcu.externaltools.gnu-tools-for-stm32.11.3.rel1.win32_1.1.1.202309131626/tools/bin/../lib/gcc/arm-none-eabi/11.3.1/thumb/v7e-m+dp/hard\libgcc.a(_fixunsdfdi.o)
                0x00000000080006c8                __fixunsdfdi
                0x00000000080006c8                __aeabi_d2ulz
 .text          0x0000000008000708      0x2c8 C:/Users/sunsu/.eclipse/com.st.stm32cube.ide.mcu.rcp.product_1.13.0_559691278_win32_win32_x86_64/plugins/com.st.stm32cube.ide.mcu.externaltools.gnu-tools-for-stm32.11.3.rel1.win32_1.1.1.202309131626/tools/bin/../lib/gcc/arm-none-eabi/11.3.1/thumb/v7e-m+dp/hard\libgcc.a(_udivmoddi4.o)
                0x0000000008000708                __udivmoddi4
 .text          0x00000000080009d0        0x4 C:/Users/sunsu/.eclipse/com.st.stm32cube.ide.mcu.rcp.product_1.13.0_559691278_win32_win32_x86_64/plugins/com.st.stm32cube.ide.mcu.externaltools.gnu-tools-for-stm32.11.3.rel1.win32_1.1.1.202309131626/tools/bin/../lib/gcc/arm-none-eabi/11.3.1/thumb/v7e-m+dp/hard\libgcc.a(_dvmd_tls.o)
                0x00000000080009d0                __aeabi_idiv0
                0x00000000080009d0                __aeabi_ldiv0
 *(.text*)
 .text.MX_GPIO_Init
                0x00000000080009d4       0x78 ./Core/Src/gpio.o
                0x00000000080009d4                MX_GPIO_Init
 .text.printOut
                0x0000000008000a4c       0x38 ./Core/Src/main.o
                0x0000000008000a4c                printOut
 .text.printOutLine
                0x0000000008000a84       0x20 ./Core/Src/main.o
                0x0000000008000a84                printOutLine
 .text.setRedIntensity
                0x0000000008000aa4       0x38 ./Core/Src/main.o
                0x0000000008000aa4                setRedIntensity
 .text.setGreenIntensity
                0x0000000008000adc       0x38 ./Core/Src/main.o
                0x0000000008000adc                setGreenIntensity
 .text.setBlueIntensity
                0x0000000008000b14       0x38 ./Core/Src/main.o
                0x0000000008000b14                setBlueIntensity
 .text.addIntensity
                0x0000000008000b4c       0x54 ./Core/Src/main.o
                0x0000000008000b4c                addIntensity
 .text.controlRgb_s
                0x0000000008000ba0       0xec ./Core/Src/main.o
                0x0000000008000ba0                controlRgb_s
 .text.setColorInfo
                0x0000000008000c8c       0x9c ./Core/Src/main.o
                0x0000000008000c8c                setColorInfo
 .text.startPwmRgb_s
                0x0000000008000d28       0x70 ./Core/Src/main.o
                0x0000000008000d28                startPwmRgb_s
 .text.HAL_UART_RxCpltCallback
                0x0000000008000d98       0x34 ./Core/Src/main.o
                0x0000000008000d98                HAL_UART_RxCpltCallback
 .text.main     0x0000000008000dcc       0x4c ./Core/Src/main.o
                0x0000000008000dcc                main
 .text.SystemClock_Config
                0x0000000008000e18       0xdc ./Core/Src/main.o
                0x0000000008000e18                SystemClock_Config
 .text.Error_Handler
                0x0000000008000ef4        0xa ./Core/Src/main.o
                0x0000000008000ef4                Error_Handler
 *fill*         0x0000000008000efe        0x2 
 .text.HAL_MspInit
                0x0000000008000f00       0x48 ./Core/Src/stm32f7xx_hal_msp.o
                0x0000000008000f00                HAL_MspInit
 .text.NMI_Handler
                0x0000000008000f48        0x6 ./Core/Src/stm32f7xx_it.o
                0x0000000008000f48                NMI_Handler
 .text.HardFault_Handler
                0x0000000008000f4e        0x6 ./Core/Src/stm32f7xx_it.o
                0x0000000008000f4e                HardFault_Handler
 .text.MemManage_Handler
                0x0000000008000f54        0x6 ./Core/Src/stm32f7xx_it.o
                0x0000000008000f54                MemManage_Handler
 .text.BusFault_Handler
                0x0000000008000f5a        0x6 ./Core/Src/stm32f7xx_it.o
                0x0000000008000f5a                BusFault_Handler
 .text.UsageFault_Handler
                0x0000000008000f60        0x6 ./Core/Src/stm32f7xx_it.o
                0x0000000008000f60                UsageFault_Handler
 .text.SVC_Handler
                0x0000000008000f66        0xe ./Core/Src/stm32f7xx_it.o
                0x0000000008000f66                SVC_Handler
 .text.DebugMon_Handler
                0x0000000008000f74        0xe ./Core/Src/stm32f7xx_it.o
                0x0000000008000f74                DebugMon_Handler
 .text.PendSV_Handler
                0x0000000008000f82        0xe ./Core/Src/stm32f7xx_it.o
                0x0000000008000f82                PendSV_Handler
 .text.SysTick_Handler
                0x0000000008000f90        0xc ./Core/Src/stm32f7xx_it.o
                0x0000000008000f90                SysTick_Handler
 .text.USART3_IRQHandler
                0x0000000008000f9c       0x14 ./Core/Src/stm32f7xx_it.o
                0x0000000008000f9c                USART3_IRQHandler
 .text._getpid  0x0000000008000fb0       0x10 ./Core/Src/syscalls.o
                0x0000000008000fb0                _getpid
 .text._kill    0x0000000008000fc0       0x20 ./Core/Src/syscalls.o
                0x0000000008000fc0                _kill
 .text._exit    0x0000000008000fe0       0x14 ./Core/Src/syscalls.o
                0x0000000008000fe0                _exit
 .text._read    0x0000000008000ff4       0x3a ./Core/Src/syscalls.o
                0x0000000008000ff4                _read
 .text._write   0x000000000800102e       0x38 ./Core/Src/syscalls.o
                0x000000000800102e                _write
 .text._close   0x0000000008001066       0x18 ./Core/Src/syscalls.o
                0x0000000008001066                _close
 .text._fstat   0x000000000800107e       0x20 ./Core/Src/syscalls.o
                0x000000000800107e                _fstat
 .text._isatty  0x000000000800109e       0x16 ./Core/Src/syscalls.o
                0x000000000800109e                _isatty
 .text._lseek   0x00000000080010b4       0x1a ./Core/Src/syscalls.o
                0x00000000080010b4                _lseek
 *fill*         0x00000000080010ce        0x2 
 .text._sbrk    0x00000000080010d0       0x6c ./Core/Src/sysmem.o
                0x00000000080010d0                _sbrk
 .text.SystemInit
                0x000000000800113c       0x24 ./Core/Src/system_stm32f7xx.o
                0x000000000800113c                SystemInit
 .text.MX_TIM2_Init
                0x0000000008001160       0xf0 ./Core/Src/tim.o
                0x0000000008001160                MX_TIM2_Init
 .text.MX_TIM3_Init
                0x0000000008001250      0x11c ./Core/Src/tim.o
                0x0000000008001250                MX_TIM3_Init
 .text.MX_TIM4_Init
                0x000000000800136c      0x11c ./Core/Src/tim.o
                0x000000000800136c                MX_TIM4_Init
 .text.HAL_TIM_Base_MspInit
                0x0000000008001488       0x8c ./Core/Src/tim.o
                0x0000000008001488                HAL_TIM_Base_MspInit
 .text.HAL_TIM_MspPostInit
                0x0000000008001514      0x144 ./Core/Src/tim.o
                0x0000000008001514                HAL_TIM_MspPostInit
 .text.MX_USART3_UART_Init
                0x0000000008001658       0x60 ./Core/Src/usart.o
                0x0000000008001658                MX_USART3_UART_Init
 .text.HAL_UART_MspInit
                0x00000000080016b8       0xd0 ./Core/Src/usart.o
                0x00000000080016b8                HAL_UART_MspInit
 .text.Reset_Handler
                0x0000000008001788       0x50 ./Core/Startup/startup_stm32f767zitx.o
                0x0000000008001788                Reset_Handler
 .text.Default_Handler
                0x00000000080017d8        0x2 ./Core/Startup/startup_stm32f767zitx.o
                0x00000000080017d8                RTC_Alarm_IRQHandler
                0x00000000080017d8                EXTI2_IRQHandler
                0x00000000080017d8                TIM8_CC_IRQHandler
                0x00000000080017d8                UART8_IRQHandler
                0x00000000080017d8                SPI4_IRQHandler
                0x00000000080017d8                TIM1_CC_IRQHandler
                0x00000000080017d8                DMA2_Stream5_IRQHandler
                0x00000000080017d8                JPEG_IRQHandler
                0x00000000080017d8                DMA1_Stream5_IRQHandler
                0x00000000080017d8                CAN3_RX1_IRQHandler
                0x00000000080017d8                PVD_IRQHandler
                0x00000000080017d8                TAMP_STAMP_IRQHandler
                0x00000000080017d8                CAN2_RX1_IRQHandler
                0x00000000080017d8                EXTI3_IRQHandler
                0x00000000080017d8                TIM8_TRG_COM_TIM14_IRQHandler
                0x00000000080017d8                DFSDM1_FLT1_IRQHandler
                0x00000000080017d8                TIM1_UP_TIM10_IRQHandler
                0x00000000080017d8                TIM8_UP_TIM13_IRQHandler
                0x00000000080017d8                I2C3_ER_IRQHandler
                0x00000000080017d8                DFSDM1_FLT2_IRQHandler
                0x00000000080017d8                EXTI0_IRQHandler
                0x00000000080017d8                I2C2_EV_IRQHandler
                0x00000000080017d8                DMA1_Stream2_IRQHandler
                0x00000000080017d8                CAN1_RX0_IRQHandler
                0x00000000080017d8                FPU_IRQHandler
                0x00000000080017d8                OTG_HS_WKUP_IRQHandler
                0x00000000080017d8                CAN3_SCE_IRQHandler
                0x00000000080017d8                LTDC_ER_IRQHandler
                0x00000000080017d8                CAN2_SCE_IRQHandler
                0x00000000080017d8                DMA2_Stream2_IRQHandler
                0x00000000080017d8                SPI1_IRQHandler
                0x00000000080017d8                TIM6_DAC_IRQHandler
                0x00000000080017d8                TIM1_BRK_TIM9_IRQHandler
                0x00000000080017d8                DCMI_IRQHandler
                0x00000000080017d8                CAN2_RX0_IRQHandler
                0x00000000080017d8                DMA2_Stream3_IRQHandler
                0x00000000080017d8                SAI2_IRQHandler
                0x00000000080017d8                DFSDM1_FLT3_IRQHandler
                0x00000000080017d8                USART6_IRQHandler
                0x00000000080017d8                CAN3_RX0_IRQHandler
                0x00000000080017d8                CAN1_RX1_IRQHandler
                0x00000000080017d8                UART5_IRQHandler
                0x00000000080017d8                DMA2_Stream0_IRQHandler
                0x00000000080017d8                TIM4_IRQHandler
                0x00000000080017d8                QUADSPI_IRQHandler
                0x00000000080017d8                I2C1_EV_IRQHandler
                0x00000000080017d8                DMA1_Stream6_IRQHandler
                0x00000000080017d8                DMA1_Stream1_IRQHandler
                0x00000000080017d8                UART4_IRQHandler
                0x00000000080017d8                TIM3_IRQHandler
                0x00000000080017d8                RCC_IRQHandler
                0x00000000080017d8                TIM8_BRK_TIM12_IRQHandler
                0x00000000080017d8                Default_Handler
                0x00000000080017d8                CEC_IRQHandler
                0x00000000080017d8                EXTI15_10_IRQHandler
                0x00000000080017d8                ADC_IRQHandler
                0x00000000080017d8                DMA1_Stream7_IRQHandler
                0x00000000080017d8                SPI5_IRQHandler
                0x00000000080017d8                TIM7_IRQHandler
                0x00000000080017d8                SDMMC1_IRQHandler
                0x00000000080017d8                CAN2_TX_IRQHandler
                0x00000000080017d8                TIM5_IRQHandler
                0x00000000080017d8                DMA2_Stream7_IRQHandler
                0x00000000080017d8                I2C3_EV_IRQHandler
                0x00000000080017d8                EXTI9_5_IRQHandler
                0x00000000080017d8                RTC_WKUP_IRQHandler
                0x00000000080017d8                LTDC_IRQHandler
                0x00000000080017d8                ETH_WKUP_IRQHandler
                0x00000000080017d8                SPDIF_RX_IRQHandler
                0x00000000080017d8                SPI2_IRQHandler
                0x00000000080017d8                OTG_HS_EP1_IN_IRQHandler
                0x00000000080017d8                DMA1_Stream0_IRQHandler
                0x00000000080017d8                CAN1_TX_IRQHandler
                0x00000000080017d8                EXTI4_IRQHandler
                0x00000000080017d8                RNG_IRQHandler
                0x00000000080017d8                ETH_IRQHandler
                0x00000000080017d8                OTG_HS_EP1_OUT_IRQHandler
                0x00000000080017d8                WWDG_IRQHandler
                0x00000000080017d8                SPI6_IRQHandler
                0x00000000080017d8                MDIOS_IRQHandler
                0x00000000080017d8                I2C4_EV_IRQHandler
                0x00000000080017d8                CAN3_TX_IRQHandler
                0x00000000080017d8                TIM2_IRQHandler
                0x00000000080017d8                OTG_FS_WKUP_IRQHandler
                0x00000000080017d8                TIM1_TRG_COM_TIM11_IRQHandler
                0x00000000080017d8                OTG_HS_IRQHandler
                0x00000000080017d8                DMA2D_IRQHandler
                0x00000000080017d8                EXTI1_IRQHandler
                0x00000000080017d8                SDMMC2_IRQHandler
                0x00000000080017d8                UART7_IRQHandler
                0x00000000080017d8                USART2_IRQHandler
                0x00000000080017d8                DFSDM1_FLT0_IRQHandler
                0x00000000080017d8                I2C2_ER_IRQHandler
                0x00000000080017d8                DMA2_Stream1_IRQHandler
                0x00000000080017d8                CAN1_SCE_IRQHandler
                0x00000000080017d8                FLASH_IRQHandler
                0x00000000080017d8                DMA2_Stream4_IRQHandler
                0x00000000080017d8                USART1_IRQHandler
                0x00000000080017d8                OTG_FS_IRQHandler
                0x00000000080017d8                SPI3_IRQHandler
                0x00000000080017d8                DMA1_Stream4_IRQHandler
                0x00000000080017d8                I2C1_ER_IRQHandler
                0x00000000080017d8                FMC_IRQHandler
                0x00000000080017d8                LPTIM1_IRQHandler
                0x00000000080017d8                I2C4_ER_IRQHandler
                0x00000000080017d8                DMA2_Stream6_IRQHandler
                0x00000000080017d8                SAI1_IRQHandler
                0x00000000080017d8                DMA1_Stream3_IRQHandler
 .text.HAL_Init
                0x00000000080017da       0x1a ./Drivers/STM32F7xx_HAL_Driver/Src/stm32f7xx_hal.o
                0x00000000080017da                HAL_Init
 .text.HAL_InitTick
                0x00000000080017f4       0x60 ./Drivers/STM32F7xx_HAL_Driver/Src/stm32f7xx_hal.o
                0x00000000080017f4                HAL_InitTick
 .text.HAL_IncTick
                0x0000000008001854       0x28 ./Drivers/STM32F7xx_HAL_Driver/Src/stm32f7xx_hal.o
                0x0000000008001854                HAL_IncTick
 .text.HAL_GetTick
                0x000000000800187c       0x18 ./Drivers/STM32F7xx_HAL_Driver/Src/stm32f7xx_hal.o
                0x000000000800187c                HAL_GetTick
 .text.__NVIC_SetPriorityGrouping
                0x0000000008001894       0x48 ./Drivers/STM32F7xx_HAL_Driver/Src/stm32f7xx_hal_cortex.o
 .text.__NVIC_GetPriorityGrouping
                0x00000000080018dc       0x1c ./Drivers/STM32F7xx_HAL_Driver/Src/stm32f7xx_hal_cortex.o
 .text.__NVIC_EnableIRQ
                0x00000000080018f8       0x3c ./Drivers/STM32F7xx_HAL_Driver/Src/stm32f7xx_hal_cortex.o
 .text.__NVIC_SetPriority
                0x0000000008001934       0x54 ./Drivers/STM32F7xx_HAL_Driver/Src/stm32f7xx_hal_cortex.o
 .text.NVIC_EncodePriority
                0x0000000008001988       0x66 ./Drivers/STM32F7xx_HAL_Driver/Src/stm32f7xx_hal_cortex.o
 *fill*         0x00000000080019ee        0x2 
 .text.SysTick_Config
                0x00000000080019f0       0x44 ./Drivers/STM32F7xx_HAL_Driver/Src/stm32f7xx_hal_cortex.o
 .text.HAL_NVIC_SetPriorityGrouping
                0x0000000008001a34       0x16 ./Drivers/STM32F7xx_HAL_Driver/Src/stm32f7xx_hal_cortex.o
                0x0000000008001a34                HAL_NVIC_SetPriorityGrouping
 .text.HAL_NVIC_SetPriority
                0x0000000008001a4a       0x38 ./Drivers/STM32F7xx_HAL_Driver/Src/stm32f7xx_hal_cortex.o
                0x0000000008001a4a                HAL_NVIC_SetPriority
 .text.HAL_NVIC_EnableIRQ
                0x0000000008001a82       0x1c ./Drivers/STM32F7xx_HAL_Driver/Src/stm32f7xx_hal_cortex.o
                0x0000000008001a82                HAL_NVIC_EnableIRQ
 .text.HAL_SYSTICK_Config
                0x0000000008001a9e       0x18 ./Drivers/STM32F7xx_HAL_Driver/Src/stm32f7xx_hal_cortex.o
                0x0000000008001a9e                HAL_SYSTICK_Config
 .text.HAL_DMA_Abort
                0x0000000008001ab6       0xe0 ./Drivers/STM32F7xx_HAL_Driver/Src/stm32f7xx_hal_dma.o
                0x0000000008001ab6                HAL_DMA_Abort
 .text.HAL_DMA_Abort_IT
                0x0000000008001b96       0x44 ./Drivers/STM32F7xx_HAL_Driver/Src/stm32f7xx_hal_dma.o
                0x0000000008001b96                HAL_DMA_Abort_IT
 *fill*         0x0000000008001bda        0x2 
 .text.HAL_GPIO_Init
                0x0000000008001bdc      0x358 ./Drivers/STM32F7xx_HAL_Driver/Src/stm32f7xx_hal_gpio.o
                0x0000000008001bdc                HAL_GPIO_Init
 .text.HAL_PWREx_EnableOverDrive
                0x0000000008001f34       0xa0 ./Drivers/STM32F7xx_HAL_Driver/Src/stm32f7xx_hal_pwr_ex.o
                0x0000000008001f34                HAL_PWREx_EnableOverDrive
 .text.HAL_RCC_OscConfig
                0x0000000008001fd4      0x55c ./Drivers/STM32F7xx_HAL_Driver/Src/stm32f7xx_hal_rcc.o
                0x0000000008001fd4                HAL_RCC_OscConfig
 .text.HAL_RCC_ClockConfig
                0x0000000008002530      0x1d8 ./Drivers/STM32F7xx_HAL_Driver/Src/stm32f7xx_hal_rcc.o
                0x0000000008002530                HAL_RCC_ClockConfig
 .text.HAL_RCC_GetSysClockFreq
                0x0000000008002708      0x18c ./Drivers/STM32F7xx_HAL_Driver/Src/stm32f7xx_hal_rcc.o
                0x0000000008002708                HAL_RCC_GetSysClockFreq
 .text.HAL_RCC_GetHCLKFreq
                0x0000000008002894       0x18 ./Drivers/STM32F7xx_HAL_Driver/Src/stm32f7xx_hal_rcc.o
                0x0000000008002894                HAL_RCC_GetHCLKFreq
 .text.HAL_RCC_GetPCLK1Freq
                0x00000000080028ac       0x28 ./Drivers/STM32F7xx_HAL_Driver/Src/stm32f7xx_hal_rcc.o
                0x00000000080028ac                HAL_RCC_GetPCLK1Freq
 .text.HAL_RCC_GetPCLK2Freq
                0x00000000080028d4       0x28 ./Drivers/STM32F7xx_HAL_Driver/Src/stm32f7xx_hal_rcc.o
                0x00000000080028d4                HAL_RCC_GetPCLK2Freq
 .text.HAL_RCCEx_PeriphCLKConfig
                0x00000000080028fc      0x850 ./Drivers/STM32F7xx_HAL_Driver/Src/stm32f7xx_hal_rcc_ex.o
                0x00000000080028fc                HAL_RCCEx_PeriphCLKConfig
 .text.HAL_TIM_Base_Init
                0x000000000800314c       0xae ./Drivers/STM32F7xx_HAL_Driver/Src/stm32f7xx_hal_tim.o
                0x000000000800314c                HAL_TIM_Base_Init
 .text.HAL_TIM_PWM_Init
                0x00000000080031fa       0xae ./Drivers/STM32F7xx_HAL_Driver/Src/stm32f7xx_hal_tim.o
                0x00000000080031fa                HAL_TIM_PWM_Init
 .text.HAL_TIM_PWM_MspInit
                0x00000000080032a8       0x14 ./Drivers/STM32F7xx_HAL_Driver/Src/stm32f7xx_hal_tim.o
                0x00000000080032a8                HAL_TIM_PWM_MspInit
 .text.HAL_TIM_PWM_Start
                0x00000000080032bc      0x1f4 ./Drivers/STM32F7xx_HAL_Driver/Src/stm32f7xx_hal_tim.o
                0x00000000080032bc                HAL_TIM_PWM_Start
 .text.HAL_TIM_PWM_ConfigChannel
                0x00000000080034b0      0x228 ./Drivers/STM32F7xx_HAL_Driver/Src/stm32f7xx_hal_tim.o
                0x00000000080034b0                HAL_TIM_PWM_ConfigChannel
 .text.HAL_TIM_ConfigClockSource
                0x00000000080036d8      0x194 ./Drivers/STM32F7xx_HAL_Driver/Src/stm32f7xx_hal_tim.o
                0x00000000080036d8                HAL_TIM_ConfigClockSource
 .text.TIM_Base_SetConfig
                0x000000000800386c      0x140 ./Drivers/STM32F7xx_HAL_Driver/Src/stm32f7xx_hal_tim.o
                0x000000000800386c                TIM_Base_SetConfig
 .text.TIM_OC1_SetConfig
                0x00000000080039ac       0xe4 ./Drivers/STM32F7xx_HAL_Driver/Src/stm32f7xx_hal_tim.o
 .text.TIM_OC2_SetConfig
                0x0000000008003a90       0xf0 ./Drivers/STM32F7xx_HAL_Driver/Src/stm32f7xx_hal_tim.o
                0x0000000008003a90                TIM_OC2_SetConfig
 .text.TIM_OC3_SetConfig
                0x0000000008003b80       0xec ./Drivers/STM32F7xx_HAL_Driver/Src/stm32f7xx_hal_tim.o
 .text.TIM_OC4_SetConfig
                0x0000000008003c6c       0xb0 ./Drivers/STM32F7xx_HAL_Driver/Src/stm32f7xx_hal_tim.o
 .text.TIM_OC5_SetConfig
                0x0000000008003d1c       0xa4 ./Drivers/STM32F7xx_HAL_Driver/Src/stm32f7xx_hal_tim.o
 .text.TIM_OC6_SetConfig
                0x0000000008003dc0       0xa8 ./Drivers/STM32F7xx_HAL_Driver/Src/stm32f7xx_hal_tim.o
 .text.TIM_TI1_ConfigInputStage
                0x0000000008003e68       0x5e ./Drivers/STM32F7xx_HAL_Driver/Src/stm32f7xx_hal_tim.o
 .text.TIM_TI2_ConfigInputStage
                0x0000000008003ec6       0x60 ./Drivers/STM32F7xx_HAL_Driver/Src/stm32f7xx_hal_tim.o
 .text.TIM_ITRx_SetConfig
                0x0000000008003f26       0x36 ./Drivers/STM32F7xx_HAL_Driver/Src/stm32f7xx_hal_tim.o
 .text.TIM_ETR_SetConfig
                0x0000000008003f5c       0x40 ./Drivers/STM32F7xx_HAL_Driver/Src/stm32f7xx_hal_tim.o
                0x0000000008003f5c                TIM_ETR_SetConfig
 .text.TIM_CCxChannelCmd
                0x0000000008003f9c       0x4a ./Drivers/STM32F7xx_HAL_Driver/Src/stm32f7xx_hal_tim.o
                0x0000000008003f9c                TIM_CCxChannelCmd
 *fill*         0x0000000008003fe6        0x2 
 .text.HAL_TIMEx_MasterConfigSynchronization
                0x0000000008003fe8      0x11c ./Drivers/STM32F7xx_HAL_Driver/Src/stm32f7xx_hal_tim_ex.o
                0x0000000008003fe8                HAL_TIMEx_MasterConfigSynchronization
 .text.HAL_UART_Init
                0x0000000008004104       0x9c ./Drivers/STM32F7xx_HAL_Driver/Src/stm32f7xx_hal_uart.o
                0x0000000008004104                HAL_UART_Init
 .text.HAL_UART_Transmit
                0x00000000080041a0      0x106 ./Drivers/STM32F7xx_HAL_Driver/Src/stm32f7xx_hal_uart.o
                0x00000000080041a0                HAL_UART_Transmit
 .text.HAL_UART_Receive_IT
                0x00000000080042a6       0x88 ./Drivers/STM32F7xx_HAL_Driver/Src/stm32f7xx_hal_uart.o
                0x00000000080042a6                HAL_UART_Receive_IT
 *fill*         0x000000000800432e        0x2 
 .text.HAL_UART_IRQHandler
                0x0000000008004330      0x5d0 ./Drivers/STM32F7xx_HAL_Driver/Src/stm32f7xx_hal_uart.o
                0x0000000008004330                HAL_UART_IRQHandler
 .text.HAL_UART_TxCpltCallback
                0x0000000008004900       0x14 ./Drivers/STM32F7xx_HAL_Driver/Src/stm32f7xx_hal_uart.o
                0x0000000008004900                HAL_UART_TxCpltCallback
 .text.HAL_UART_ErrorCallback
                0x0000000008004914       0x14 ./Drivers/STM32F7xx_HAL_Driver/Src/stm32f7xx_hal_uart.o
                0x0000000008004914                HAL_UART_ErrorCallback
 .text.HAL_UARTEx_RxEventCallback
                0x0000000008004928       0x18 ./Drivers/STM32F7xx_HAL_Driver/Src/stm32f7xx_hal_uart.o
                0x0000000008004928                HAL_UARTEx_RxEventCallback
 .text.HAL_UARTEx_WakeupCallback
                0x0000000008004940       0x14 ./Drivers/STM32F7xx_HAL_Driver/Src/stm32f7xx_hal_uart.o
                0x0000000008004940                HAL_UARTEx_WakeupCallback
 .text.UART_SetConfig
                0x0000000008004954      0x4c8 ./Drivers/STM32F7xx_HAL_Driver/Src/stm32f7xx_hal_uart.o
                0x0000000008004954                UART_SetConfig
 .text.UART_AdvFeatureConfig
                0x0000000008004e1c      0x144 ./Drivers/STM32F7xx_HAL_Driver/Src/stm32f7xx_hal_uart.o
                0x0000000008004e1c                UART_AdvFeatureConfig
 .text.UART_CheckIdleState
                0x0000000008004f60       0x9a ./Drivers/STM32F7xx_HAL_Driver/Src/stm32f7xx_hal_uart.o
                0x0000000008004f60                UART_CheckIdleState
 .text.UART_WaitOnFlagUntilTimeout
                0x0000000008004ffa      0x18c ./Drivers/STM32F7xx_HAL_Driver/Src/stm32f7xx_hal_uart.o
                0x0000000008004ffa                UART_WaitOnFlagUntilTimeout
 *fill*         0x0000000008005186        0x2 
 .text.UART_Start_Receive_IT
                0x0000000008005188      0x18c ./Drivers/STM32F7xx_HAL_Driver/Src/stm32f7xx_hal_uart.o
                0x0000000008005188                UART_Start_Receive_IT
 .text.UART_EndRxTransfer
                0x0000000008005314       0xc8 ./Drivers/STM32F7xx_HAL_Driver/Src/stm32f7xx_hal_uart.o
 .text.UART_DMAAbortOnError
                0x00000000080053dc       0x2c ./Drivers/STM32F7xx_HAL_Driver/Src/stm32f7xx_hal_uart.o
 .text.UART_EndTransmit_IT
                0x0000000008005408       0x54 ./Drivers/STM32F7xx_HAL_Driver/Src/stm32f7xx_hal_uart.o
 .text.UART_RxISR_8BIT
                0x000000000800545c      0x166 ./Drivers/STM32F7xx_HAL_Driver/Src/stm32f7xx_hal_uart.o
 .text.UART_RxISR_16BIT
                0x00000000080055c2      0x166 ./Drivers/STM32F7xx_HAL_Driver/Src/stm32f7xx_hal_uart.o
 .text.__cvt    0x0000000008005728       0xa4 C:/Users/sunsu/.eclipse/com.st.stm32cube.ide.mcu.rcp.product_1.13.0_559691278_win32_win32_x86_64/plugins/com.st.stm32cube.ide.mcu.externaltools.gnu-tools-for-stm32.11.3.rel1.win32_1.1.1.202309131626/tools/bin/../lib/gcc/arm-none-eabi/11.3.1/../../../../arm-none-eabi/lib/thumb/v7e-m+dp/hard\libc_nano.a(libc_a-nano-vfprintf_float.o)
                0x0000000008005728                __cvt
 .text.__exponent
                0x00000000080057cc       0x7c C:/Users/sunsu/.eclipse/com.st.stm32cube.ide.mcu.rcp.product_1.13.0_559691278_win32_win32_x86_64/plugins/com.st.stm32cube.ide.mcu.externaltools.gnu-tools-for-stm32.11.3.rel1.win32_1.1.1.202309131626/tools/bin/../lib/gcc/arm-none-eabi/11.3.1/../../../../arm-none-eabi/lib/thumb/v7e-m+dp/hard\libc_nano.a(libc_a-nano-vfprintf_float.o)
                0x00000000080057cc                __exponent
 .text._printf_float
                0x0000000008005848      0x434 C:/Users/sunsu/.eclipse/com.st.stm32cube.ide.mcu.rcp.product_1.13.0_559691278_win32_win32_x86_64/plugins/com.st.stm32cube.ide.mcu.externaltools.gnu-tools-for-stm32.11.3.rel1.win32_1.1.1.202309131626/tools/bin/../lib/gcc/arm-none-eabi/11.3.1/../../../../arm-none-eabi/lib/thumb/v7e-m+dp/hard\libc_nano.a(libc_a-nano-vfprintf_float.o)
                0x0000000008005848                _printf_float
 .text._printf_common
                0x0000000008005c7c       0xda C:/Users/sunsu/.eclipse/com.st.stm32cube.ide.mcu.rcp.product_1.13.0_559691278_win32_win32_x86_64/plugins/com.st.stm32cube.ide.mcu.externaltools.gnu-tools-for-stm32.11.3.rel1.win32_1.1.1.202309131626/tools/bin/../lib/gcc/arm-none-eabi/11.3.1/../../../../arm-none-eabi/lib/thumb/v7e-m+dp/hard\libc_nano.a(libc_a-nano-vfprintf_i.o)
                0x0000000008005c7c                _printf_common
 *fill*         0x0000000008005d56        0x2 
 .text._printf_i
                0x0000000008005d58      0x244 C:/Users/sunsu/.eclipse/com.st.stm32cube.ide.mcu.rcp.product_1.13.0_559691278_win32_win32_x86_64/plugins/com.st.stm32cube.ide.mcu.externaltools.gnu-tools-for-stm32.11.3.rel1.win32_1.1.1.202309131626/tools/bin/../lib/gcc/arm-none-eabi/11.3.1/../../../../arm-none-eabi/lib/thumb/v7e-m+dp/hard\libc_nano.a(libc_a-nano-vfprintf_i.o)
                0x0000000008005d58                _printf_i
 .text._scanf_float
                0x0000000008005f9c      0x408 C:/Users/sunsu/.eclipse/com.st.stm32cube.ide.mcu.rcp.product_1.13.0_559691278_win32_win32_x86_64/plugins/com.st.stm32cube.ide.mcu.externaltools.gnu-tools-for-stm32.11.3.rel1.win32_1.1.1.202309131626/tools/bin/../lib/gcc/arm-none-eabi/11.3.1/../../../../arm-none-eabi/lib/thumb/v7e-m+dp/hard\libc_nano.a(libc_a-nano-vfscanf_float.o)
                0x0000000008005f9c                _scanf_float
 .text.std      0x00000000080063a4       0x6c C:/Users/sunsu/.eclipse/com.st.stm32cube.ide.mcu.rcp.product_1.13.0_559691278_win32_win32_x86_64/plugins/com.st.stm32cube.ide.mcu.externaltools.gnu-tools-for-stm32.11.3.rel1.win32_1.1.1.202309131626/tools/bin/../lib/gcc/arm-none-eabi/11.3.1/../../../../arm-none-eabi/lib/thumb/v7e-m+dp/hard\libc_nano.a(libc_a-findfp.o)
 .text.stdio_exit_handler
                0x0000000008006410       0x18 C:/Users/sunsu/.eclipse/com.st.stm32cube.ide.mcu.rcp.product_1.13.0_559691278_win32_win32_x86_64/plugins/com.st.stm32cube.ide.mcu.externaltools.gnu-tools-for-stm32.11.3.rel1.win32_1.1.1.202309131626/tools/bin/../lib/gcc/arm-none-eabi/11.3.1/../../../../arm-none-eabi/lib/thumb/v7e-m+dp/hard\libc_nano.a(libc_a-findfp.o)
 .text.cleanup_stdio
                0x0000000008006428       0x40 C:/Users/sunsu/.eclipse/com.st.stm32cube.ide.mcu.rcp.product_1.13.0_559691278_win32_win32_x86_64/plugins/com.st.stm32cube.ide.mcu.externaltools.gnu-tools-for-stm32.11.3.rel1.win32_1.1.1.202309131626/tools/bin/../lib/gcc/arm-none-eabi/11.3.1/../../../../arm-none-eabi/lib/thumb/v7e-m+dp/hard\libc_nano.a(libc_a-findfp.o)
 .text.global_stdio_init.part.0
                0x0000000008006468       0x3c C:/Users/sunsu/.eclipse/com.st.stm32cube.ide.mcu.rcp.product_1.13.0_559691278_win32_win32_x86_64/plugins/com.st.stm32cube.ide.mcu.externaltools.gnu-tools-for-stm32.11.3.rel1.win32_1.1.1.202309131626/tools/bin/../lib/gcc/arm-none-eabi/11.3.1/../../../../arm-none-eabi/lib/thumb/v7e-m+dp/hard\libc_nano.a(libc_a-findfp.o)
 .text.__sfp_lock_acquire
                0x00000000080064a4        0xc C:/Users/sunsu/.eclipse/com.st.stm32cube.ide.mcu.rcp.product_1.13.0_559691278_win32_win32_x86_64/plugins/com.st.stm32cube.ide.mcu.externaltools.gnu-tools-for-stm32.11.3.rel1.win32_1.1.1.202309131626/tools/bin/../lib/gcc/arm-none-eabi/11.3.1/../../../../arm-none-eabi/lib/thumb/v7e-m+dp/hard\libc_nano.a(libc_a-findfp.o)
                0x00000000080064a4                __sfp_lock_acquire
 .text.__sfp_lock_release
                0x00000000080064b0        0xc C:/Users/sunsu/.eclipse/com.st.stm32cube.ide.mcu.rcp.product_1.13.0_559691278_win32_win32_x86_64/plugins/com.st.stm32cube.ide.mcu.externaltools.gnu-tools-for-stm32.11.3.rel1.win32_1.1.1.202309131626/tools/bin/../lib/gcc/arm-none-eabi/11.3.1/../../../../arm-none-eabi/lib/thumb/v7e-m+dp/hard\libc_nano.a(libc_a-findfp.o)
                0x00000000080064b0                __sfp_lock_release
 .text.__sinit  0x00000000080064bc       0x30 C:/Users/sunsu/.eclipse/com.st.stm32cube.ide.mcu.rcp.product_1.13.0_559691278_win32_win32_x86_64/plugins/com.st.stm32cube.ide.mcu.externaltools.gnu-tools-for-stm32.11.3.rel1.win32_1.1.1.202309131626/tools/bin/../lib/gcc/arm-none-eabi/11.3.1/../../../../arm-none-eabi/lib/thumb/v7e-m+dp/hard\libc_nano.a(libc_a-findfp.o)
                0x00000000080064bc                __sinit
 .text._fwalk_sglue
                0x00000000080064ec       0x3c C:/Users/sunsu/.eclipse/com.st.stm32cube.ide.mcu.rcp.product_1.13.0_559691278_win32_win32_x86_64/plugins/com.st.stm32cube.ide.mcu.externaltools.gnu-tools-for-stm32.11.3.rel1.win32_1.1.1.202309131626/tools/bin/../lib/gcc/arm-none-eabi/11.3.1/../../../../arm-none-eabi/lib/thumb/v7e-m+dp/hard\libc_nano.a(libc_a-fwalk.o)
                0x00000000080064ec                _fwalk_sglue
 .text.sprintf  0x0000000008006528       0x40 C:/Users/sunsu/.eclipse/com.st.stm32cube.ide.mcu.rcp.product_1.13.0_559691278_win32_win32_x86_64/plugins/com.st.stm32cube.ide.mcu.externaltools.gnu-tools-for-stm32.11.3.rel1.win32_1.1.1.202309131626/tools/bin/../lib/gcc/arm-none-eabi/11.3.1/../../../../arm-none-eabi/lib/thumb/v7e-m+dp/hard\libc_nano.a(libc_a-sprintf.o)
                0x0000000008006528                siprintf
                0x0000000008006528                sprintf
 .text.__sread  0x0000000008006568       0x22 C:/Users/sunsu/.eclipse/com.st.stm32cube.ide.mcu.rcp.product_1.13.0_559691278_win32_win32_x86_64/plugins/com.st.stm32cube.ide.mcu.externaltools.gnu-tools-for-stm32.11.3.rel1.win32_1.1.1.202309131626/tools/bin/../lib/gcc/arm-none-eabi/11.3.1/../../../../arm-none-eabi/lib/thumb/v7e-m+dp/hard\libc_nano.a(libc_a-stdio.o)
                0x0000000008006568                __sread
 .text.__swrite
                0x000000000800658a       0x38 C:/Users/sunsu/.eclipse/com.st.stm32cube.ide.mcu.rcp.product_1.13.0_559691278_win32_win32_x86_64/plugins/com.st.stm32cube.ide.mcu.externaltools.gnu-tools-for-stm32.11.3.rel1.win32_1.1.1.202309131626/tools/bin/../lib/gcc/arm-none-eabi/11.3.1/../../../../arm-none-eabi/lib/thumb/v7e-m+dp/hard\libc_nano.a(libc_a-stdio.o)
                0x000000000800658a                __swrite
 .text.__sseek  0x00000000080065c2       0x24 C:/Users/sunsu/.eclipse/com.st.stm32cube.ide.mcu.rcp.product_1.13.0_559691278_win32_win32_x86_64/plugins/com.st.stm32cube.ide.mcu.externaltools.gnu-tools-for-stm32.11.3.rel1.win32_1.1.1.202309131626/tools/bin/../lib/gcc/arm-none-eabi/11.3.1/../../../../arm-none-eabi/lib/thumb/v7e-m+dp/hard\libc_nano.a(libc_a-stdio.o)
                0x00000000080065c2                __sseek
 .text.__sclose
                0x00000000080065e6        0x8 C:/Users/sunsu/.eclipse/com.st.stm32cube.ide.mcu.rcp.product_1.13.0_559691278_win32_win32_x86_64/plugins/com.st.stm32cube.ide.mcu.externaltools.gnu-tools-for-stm32.11.3.rel1.win32_1.1.1.202309131626/tools/bin/../lib/gcc/arm-none-eabi/11.3.1/../../../../arm-none-eabi/lib/thumb/v7e-m+dp/hard\libc_nano.a(libc_a-stdio.o)
                0x00000000080065e6                __sclose
 .text.memset   0x00000000080065ee       0x10 C:/Users/sunsu/.eclipse/com.st.stm32cube.ide.mcu.rcp.product_1.13.0_559691278_win32_win32_x86_64/plugins/com.st.stm32cube.ide.mcu.externaltools.gnu-tools-for-stm32.11.3.rel1.win32_1.1.1.202309131626/tools/bin/../lib/gcc/arm-none-eabi/11.3.1/../../../../arm-none-eabi/lib/thumb/v7e-m+dp/hard\libc_nano.a(libc_a-memset.o)
                0x00000000080065ee                memset
 *fill*         0x00000000080065fe        0x2 
 .text._localeconv_r
                0x0000000008006600        0x8 C:/Users/sunsu/.eclipse/com.st.stm32cube.ide.mcu.rcp.product_1.13.0_559691278_win32_win32_x86_64/plugins/com.st.stm32cube.ide.mcu.externaltools.gnu-tools-for-stm32.11.3.rel1.win32_1.1.1.202309131626/tools/bin/../lib/gcc/arm-none-eabi/11.3.1/../../../../arm-none-eabi/lib/thumb/v7e-m+dp/hard\libc_nano.a(libc_a-localeconv.o)
                0x0000000008006600                _localeconv_r
 .text._close_r
                0x0000000008006608       0x20 C:/Users/sunsu/.eclipse/com.st.stm32cube.ide.mcu.rcp.product_1.13.0_559691278_win32_win32_x86_64/plugins/com.st.stm32cube.ide.mcu.externaltools.gnu-tools-for-stm32.11.3.rel1.win32_1.1.1.202309131626/tools/bin/../lib/gcc/arm-none-eabi/11.3.1/../../../../arm-none-eabi/lib/thumb/v7e-m+dp/hard\libc_nano.a(libc_a-closer.o)
                0x0000000008006608                _close_r
 .text._lseek_r
                0x0000000008006628       0x24 C:/Users/sunsu/.eclipse/com.st.stm32cube.ide.mcu.rcp.product_1.13.0_559691278_win32_win32_x86_64/plugins/com.st.stm32cube.ide.mcu.externaltools.gnu-tools-for-stm32.11.3.rel1.win32_1.1.1.202309131626/tools/bin/../lib/gcc/arm-none-eabi/11.3.1/../../../../arm-none-eabi/lib/thumb/v7e-m+dp/hard\libc_nano.a(libc_a-lseekr.o)
                0x0000000008006628                _lseek_r
 .text._read_r  0x000000000800664c       0x24 C:/Users/sunsu/.eclipse/com.st.stm32cube.ide.mcu.rcp.product_1.13.0_559691278_win32_win32_x86_64/plugins/com.st.stm32cube.ide.mcu.externaltools.gnu-tools-for-stm32.11.3.rel1.win32_1.1.1.202309131626/tools/bin/../lib/gcc/arm-none-eabi/11.3.1/../../../../arm-none-eabi/lib/thumb/v7e-m+dp/hard\libc_nano.a(libc_a-readr.o)
                0x000000000800664c                _read_r
 .text._write_r
                0x0000000008006670       0x24 C:/Users/sunsu/.eclipse/com.st.stm32cube.ide.mcu.rcp.product_1.13.0_559691278_win32_win32_x86_64/plugins/com.st.stm32cube.ide.mcu.externaltools.gnu-tools-for-stm32.11.3.rel1.win32_1.1.1.202309131626/tools/bin/../lib/gcc/arm-none-eabi/11.3.1/../../../../arm-none-eabi/lib/thumb/v7e-m+dp/hard\libc_nano.a(libc_a-writer.o)
                0x0000000008006670                _write_r
 .text.__errno  0x0000000008006694        0xc C:/Users/sunsu/.eclipse/com.st.stm32cube.ide.mcu.rcp.product_1.13.0_559691278_win32_win32_x86_64/plugins/com.st.stm32cube.ide.mcu.externaltools.gnu-tools-for-stm32.11.3.rel1.win32_1.1.1.202309131626/tools/bin/../lib/gcc/arm-none-eabi/11.3.1/../../../../arm-none-eabi/lib/thumb/v7e-m+dp/hard\libc_nano.a(libc_a-errno.o)
                0x0000000008006694                __errno
 .text.__libc_init_array
                0x00000000080066a0       0x48 C:/Users/sunsu/.eclipse/com.st.stm32cube.ide.mcu.rcp.product_1.13.0_559691278_win32_win32_x86_64/plugins/com.st.stm32cube.ide.mcu.externaltools.gnu-tools-for-stm32.11.3.rel1.win32_1.1.1.202309131626/tools/bin/../lib/gcc/arm-none-eabi/11.3.1/../../../../arm-none-eabi/lib/thumb/v7e-m+dp/hard\libc_nano.a(libc_a-init.o)
                0x00000000080066a0                __libc_init_array
 .text.__retarget_lock_init_recursive
                0x00000000080066e8        0x2 C:/Users/sunsu/.eclipse/com.st.stm32cube.ide.mcu.rcp.product_1.13.0_559691278_win32_win32_x86_64/plugins/com.st.stm32cube.ide.mcu.externaltools.gnu-tools-for-stm32.11.3.rel1.win32_1.1.1.202309131626/tools/bin/../lib/gcc/arm-none-eabi/11.3.1/../../../../arm-none-eabi/lib/thumb/v7e-m+dp/hard\libc_nano.a(libc_a-lock.o)
                0x00000000080066e8                __retarget_lock_init_recursive
 .text.__retarget_lock_acquire_recursive
                0x00000000080066ea        0x2 C:/Users/sunsu/.eclipse/com.st.stm32cube.ide.mcu.rcp.product_1.13.0_559691278_win32_win32_x86_64/plugins/com.st.stm32cube.ide.mcu.externaltools.gnu-tools-for-stm32.11.3.rel1.win32_1.1.1.202309131626/tools/bin/../lib/gcc/arm-none-eabi/11.3.1/../../../../arm-none-eabi/lib/thumb/v7e-m+dp/hard\libc_nano.a(libc_a-lock.o)
                0x00000000080066ea                __retarget_lock_acquire_recursive
 .text.__retarget_lock_release_recursive
                0x00000000080066ec        0x2 C:/Users/sunsu/.eclipse/com.st.stm32cube.ide.mcu.rcp.product_1.13.0_559691278_win32_win32_x86_64/plugins/com.st.stm32cube.ide.mcu.externaltools.gnu-tools-for-stm32.11.3.rel1.win32_1.1.1.202309131626/tools/bin/../lib/gcc/arm-none-eabi/11.3.1/../../../../arm-none-eabi/lib/thumb/v7e-m+dp/hard\libc_nano.a(libc_a-lock.o)
                0x00000000080066ec                __retarget_lock_release_recursive
 *fill*         0x00000000080066ee        0x2 
 .text.nanf     0x00000000080066f0        0xc C:/Users/sunsu/.eclipse/com.st.stm32cube.ide.mcu.rcp.product_1.13.0_559691278_win32_win32_x86_64/plugins/com.st.stm32cube.ide.mcu.externaltools.gnu-tools-for-stm32.11.3.rel1.win32_1.1.1.202309131626/tools/bin/../lib/gcc/arm-none-eabi/11.3.1/../../../../arm-none-eabi/lib/thumb/v7e-m+dp/hard\libc_nano.a(libm_a-sf_nan.o)
                0x00000000080066f0                nanf
 .text.quorem   0x00000000080066fc      0x110 C:/Users/sunsu/.eclipse/com.st.stm32cube.ide.mcu.rcp.product_1.13.0_559691278_win32_win32_x86_64/plugins/com.st.stm32cube.ide.mcu.externaltools.gnu-tools-for-stm32.11.3.rel1.win32_1.1.1.202309131626/tools/bin/../lib/gcc/arm-none-eabi/11.3.1/../../../../arm-none-eabi/lib/thumb/v7e-m+dp/hard\libc_nano.a(libc_a-dtoa.o)
 *fill*         0x000000000800680c        0x4 
 .text._dtoa_r  0x0000000008006810      0xad8 C:/Users/sunsu/.eclipse/com.st.stm32cube.ide.mcu.rcp.product_1.13.0_559691278_win32_win32_x86_64/plugins/com.st.stm32cube.ide.mcu.externaltools.gnu-tools-for-stm32.11.3.rel1.win32_1.1.1.202309131626/tools/bin/../lib/gcc/arm-none-eabi/11.3.1/../../../../arm-none-eabi/lib/thumb/v7e-m+dp/hard\libc_nano.a(libc_a-dtoa.o)
                0x0000000008006810                _dtoa_r
 .text._free_r  0x00000000080072e8       0x98 C:/Users/sunsu/.eclipse/com.st.stm32cube.ide.mcu.rcp.product_1.13.0_559691278_win32_win32_x86_64/plugins/com.st.stm32cube.ide.mcu.externaltools.gnu-tools-for-stm32.11.3.rel1.win32_1.1.1.202309131626/tools/bin/../lib/gcc/arm-none-eabi/11.3.1/../../../../arm-none-eabi/lib/thumb/v7e-m+dp/hard\libc_nano.a(libc_a-freer.o)
                0x00000000080072e8                _free_r
 .text.malloc   0x0000000008007380       0x10 C:/Users/sunsu/.eclipse/com.st.stm32cube.ide.mcu.rcp.product_1.13.0_559691278_win32_win32_x86_64/plugins/com.st.stm32cube.ide.mcu.externaltools.gnu-tools-for-stm32.11.3.rel1.win32_1.1.1.202309131626/tools/bin/../lib/gcc/arm-none-eabi/11.3.1/../../../../arm-none-eabi/lib/thumb/v7e-m+dp/hard\libc_nano.a(libc_a-malloc.o)
                0x0000000008007380                malloc
 .text.sbrk_aligned
                0x0000000008007390       0x40 C:/Users/sunsu/.eclipse/com.st.stm32cube.ide.mcu.rcp.product_1.13.0_559691278_win32_win32_x86_64/plugins/com.st.stm32cube.ide.mcu.externaltools.gnu-tools-for-stm32.11.3.rel1.win32_1.1.1.202309131626/tools/bin/../lib/gcc/arm-none-eabi/11.3.1/../../../../arm-none-eabi/lib/thumb/v7e-m+dp/hard\libc_nano.a(libc_a-mallocr.o)
 .text._malloc_r
                0x00000000080073d0      0x100 C:/Users/sunsu/.eclipse/com.st.stm32cube.ide.mcu.rcp.product_1.13.0_559691278_win32_win32_x86_64/plugins/com.st.stm32cube.ide.mcu.externaltools.gnu-tools-for-stm32.11.3.rel1.win32_1.1.1.202309131626/tools/bin/../lib/gcc/arm-none-eabi/11.3.1/../../../../arm-none-eabi/lib/thumb/v7e-m+dp/hard\libc_nano.a(libc_a-mallocr.o)
                0x00000000080073d0                _malloc_r
 .text.__malloc_lock
                0x00000000080074d0        0xc C:/Users/sunsu/.eclipse/com.st.stm32cube.ide.mcu.rcp.product_1.13.0_559691278_win32_win32_x86_64/plugins/com.st.stm32cube.ide.mcu.externaltools.gnu-tools-for-stm32.11.3.rel1.win32_1.1.1.202309131626/tools/bin/../lib/gcc/arm-none-eabi/11.3.1/../../../../arm-none-eabi/lib/thumb/v7e-m+dp/hard\libc_nano.a(libc_a-mlock.o)
                0x00000000080074d0                __malloc_lock
 .text.__malloc_unlock
                0x00000000080074dc        0xc C:/Users/sunsu/.eclipse/com.st.stm32cube.ide.mcu.rcp.product_1.13.0_559691278_win32_win32_x86_64/plugins/com.st.stm32cube.ide.mcu.externaltools.gnu-tools-for-stm32.11.3.rel1.win32_1.1.1.202309131626/tools/bin/../lib/gcc/arm-none-eabi/11.3.1/../../../../arm-none-eabi/lib/thumb/v7e-m+dp/hard\libc_nano.a(libc_a-mlock.o)
                0x00000000080074dc                __malloc_unlock
 .text._Balloc  0x00000000080074e8       0x80 C:/Users/sunsu/.eclipse/com.st.stm32cube.ide.mcu.rcp.product_1.13.0_559691278_win32_win32_x86_64/plugins/com.st.stm32cube.ide.mcu.externaltools.gnu-tools-for-stm32.11.3.rel1.win32_1.1.1.202309131626/tools/bin/../lib/gcc/arm-none-eabi/11.3.1/../../../../arm-none-eabi/lib/thumb/v7e-m+dp/hard\libc_nano.a(libc_a-mprec.o)
                0x00000000080074e8                _Balloc
 .text._Bfree   0x0000000008007568       0x44 C:/Users/sunsu/.eclipse/com.st.stm32cube.ide.mcu.rcp.product_1.13.0_559691278_win32_win32_x86_64/plugins/com.st.stm32cube.ide.mcu.externaltools.gnu-tools-for-stm32.11.3.rel1.win32_1.1.1.202309131626/tools/bin/../lib/gcc/arm-none-eabi/11.3.1/../../../../arm-none-eabi/lib/thumb/v7e-m+dp/hard\libc_nano.a(libc_a-mprec.o)
                0x0000000008007568                _Bfree
 .text.__multadd
                0x00000000080075ac       0x8c C:/Users/sunsu/.eclipse/com.st.stm32cube.ide.mcu.rcp.product_1.13.0_559691278_win32_win32_x86_64/plugins/com.st.stm32cube.ide.mcu.externaltools.gnu-tools-for-stm32.11.3.rel1.win32_1.1.1.202309131626/tools/bin/../lib/gcc/arm-none-eabi/11.3.1/../../../../arm-none-eabi/lib/thumb/v7e-m+dp/hard\libc_nano.a(libc_a-mprec.o)
                0x00000000080075ac                __multadd
 .text.__s2b    0x0000000008007638       0x94 C:/Users/sunsu/.eclipse/com.st.stm32cube.ide.mcu.rcp.product_1.13.0_559691278_win32_win32_x86_64/plugins/com.st.stm32cube.ide.mcu.externaltools.gnu-tools-for-stm32.11.3.rel1.win32_1.1.1.202309131626/tools/bin/../lib/gcc/arm-none-eabi/11.3.1/../../../../arm-none-eabi/lib/thumb/v7e-m+dp/hard\libc_nano.a(libc_a-mprec.o)
                0x0000000008007638                __s2b
 .text.__hi0bits
                0x00000000080076cc       0x40 C:/Users/sunsu/.eclipse/com.st.stm32cube.ide.mcu.rcp.product_1.13.0_559691278_win32_win32_x86_64/plugins/com.st.stm32cube.ide.mcu.externaltools.gnu-tools-for-stm32.11.3.rel1.win32_1.1.1.202309131626/tools/bin/../lib/gcc/arm-none-eabi/11.3.1/../../../../arm-none-eabi/lib/thumb/v7e-m+dp/hard\libc_nano.a(libc_a-mprec.o)
                0x00000000080076cc                __hi0bits
 .text.__lo0bits
                0x000000000800770c       0x5a C:/Users/sunsu/.eclipse/com.st.stm32cube.ide.mcu.rcp.product_1.13.0_559691278_win32_win32_x86_64/plugins/com.st.stm32cube.ide.mcu.externaltools.gnu-tools-for-stm32.11.3.rel1.win32_1.1.1.202309131626/tools/bin/../lib/gcc/arm-none-eabi/11.3.1/../../../../arm-none-eabi/lib/thumb/v7e-m+dp/hard\libc_nano.a(libc_a-mprec.o)
                0x000000000800770c                __lo0bits
 *fill*         0x0000000008007766        0x2 
 .text.__i2b    0x0000000008007768       0x2c C:/Users/sunsu/.eclipse/com.st.stm32cube.ide.mcu.rcp.product_1.13.0_559691278_win32_win32_x86_64/plugins/com.st.stm32cube.ide.mcu.externaltools.gnu-tools-for-stm32.11.3.rel1.win32_1.1.1.202309131626/tools/bin/../lib/gcc/arm-none-eabi/11.3.1/../../../../arm-none-eabi/lib/thumb/v7e-m+dp/hard\libc_nano.a(libc_a-mprec.o)
                0x0000000008007768                __i2b
 .text.__multiply
                0x0000000008007794      0x154 C:/Users/sunsu/.eclipse/com.st.stm32cube.ide.mcu.rcp.product_1.13.0_559691278_win32_win32_x86_64/plugins/com.st.stm32cube.ide.mcu.externaltools.gnu-tools-for-stm32.11.3.rel1.win32_1.1.1.202309131626/tools/bin/../lib/gcc/arm-none-eabi/11.3.1/../../../../arm-none-eabi/lib/thumb/v7e-m+dp/hard\libc_nano.a(libc_a-mprec.o)
                0x0000000008007794                __multiply
 .text.__pow5mult
                0x00000000080078e8       0xb4 C:/Users/sunsu/.eclipse/com.st.stm32cube.ide.mcu.rcp.product_1.13.0_559691278_win32_win32_x86_64/plugins/com.st.stm32cube.ide.mcu.externaltools.gnu-tools-for-stm32.11.3.rel1.win32_1.1.1.202309131626/tools/bin/../lib/gcc/arm-none-eabi/11.3.1/../../../../arm-none-eabi/lib/thumb/v7e-m+dp/hard\libc_nano.a(libc_a-mprec.o)
                0x00000000080078e8                __pow5mult
 .text.__lshift
                0x000000000800799c       0xd8 C:/Users/sunsu/.eclipse/com.st.stm32cube.ide.mcu.rcp.product_1.13.0_559691278_win32_win32_x86_64/plugins/com.st.stm32cube.ide.mcu.externaltools.gnu-tools-for-stm32.11.3.rel1.win32_1.1.1.202309131626/tools/bin/../lib/gcc/arm-none-eabi/11.3.1/../../../../arm-none-eabi/lib/thumb/v7e-m+dp/hard\libc_nano.a(libc_a-mprec.o)
                0x000000000800799c                __lshift
 .text.__mcmp   0x0000000008007a74       0x38 C:/Users/sunsu/.eclipse/com.st.stm32cube.ide.mcu.rcp.product_1.13.0_559691278_win32_win32_x86_64/plugins/com.st.stm32cube.ide.mcu.externaltools.gnu-tools-for-stm32.11.3.rel1.win32_1.1.1.202309131626/tools/bin/../lib/gcc/arm-none-eabi/11.3.1/../../../../arm-none-eabi/lib/thumb/v7e-m+dp/hard\libc_nano.a(libc_a-mprec.o)
                0x0000000008007a74                __mcmp
 .text.__mdiff  0x0000000008007aac      0x114 C:/Users/sunsu/.eclipse/com.st.stm32cube.ide.mcu.rcp.product_1.13.0_559691278_win32_win32_x86_64/plugins/com.st.stm32cube.ide.mcu.externaltools.gnu-tools-for-stm32.11.3.rel1.win32_1.1.1.202309131626/tools/bin/../lib/gcc/arm-none-eabi/11.3.1/../../../../arm-none-eabi/lib/thumb/v7e-m+dp/hard\libc_nano.a(libc_a-mprec.o)
                0x0000000008007aac                __mdiff
 .text.__ulp    0x0000000008007bc0       0x4c C:/Users/sunsu/.eclipse/com.st.stm32cube.ide.mcu.rcp.product_1.13.0_559691278_win32_win32_x86_64/plugins/com.st.stm32cube.ide.mcu.externaltools.gnu-tools-for-stm32.11.3.rel1.win32_1.1.1.202309131626/tools/bin/../lib/gcc/arm-none-eabi/11.3.1/../../../../arm-none-eabi/lib/thumb/v7e-m+dp/hard\libc_nano.a(libc_a-mprec.o)
                0x0000000008007bc0                __ulp
 .text.__b2d    0x0000000008007c0c       0x94 C:/Users/sunsu/.eclipse/com.st.stm32cube.ide.mcu.rcp.product_1.13.0_559691278_win32_win32_x86_64/plugins/com.st.stm32cube.ide.mcu.externaltools.gnu-tools-for-stm32.11.3.rel1.win32_1.1.1.202309131626/tools/bin/../lib/gcc/arm-none-eabi/11.3.1/../../../../arm-none-eabi/lib/thumb/v7e-m+dp/hard\libc_nano.a(libc_a-mprec.o)
                0x0000000008007c0c                __b2d
 .text.__d2b    0x0000000008007ca0       0xb4 C:/Users/sunsu/.eclipse/com.st.stm32cube.ide.mcu.rcp.product_1.13.0_559691278_win32_win32_x86_64/plugins/com.st.stm32cube.ide.mcu.externaltools.gnu-tools-for-stm32.11.3.rel1.win32_1.1.1.202309131626/tools/bin/../lib/gcc/arm-none-eabi/11.3.1/../../../../arm-none-eabi/lib/thumb/v7e-m+dp/hard\libc_nano.a(libc_a-mprec.o)
                0x0000000008007ca0                __d2b
 .text.__ratio  0x0000000008007d54       0x60 C:/Users/sunsu/.eclipse/com.st.stm32cube.ide.mcu.rcp.product_1.13.0_559691278_win32_win32_x86_64/plugins/com.st.stm32cube.ide.mcu.externaltools.gnu-tools-for-stm32.11.3.rel1.win32_1.1.1.202309131626/tools/bin/../lib/gcc/arm-none-eabi/11.3.1/../../../../arm-none-eabi/lib/thumb/v7e-m+dp/hard\libc_nano.a(libc_a-mprec.o)
                0x0000000008007d54                __ratio
 .text.__copybits
                0x0000000008007db4       0x46 C:/Users/sunsu/.eclipse/com.st.stm32cube.ide.mcu.rcp.product_1.13.0_559691278_win32_win32_x86_64/plugins/com.st.stm32cube.ide.mcu.externaltools.gnu-tools-for-stm32.11.3.rel1.win32_1.1.1.202309131626/tools/bin/../lib/gcc/arm-none-eabi/11.3.1/../../../../arm-none-eabi/lib/thumb/v7e-m+dp/hard\libc_nano.a(libc_a-mprec.o)
                0x0000000008007db4                __copybits
 .text.__any_on
                0x0000000008007dfa       0x42 C:/Users/sunsu/.eclipse/com.st.stm32cube.ide.mcu.rcp.product_1.13.0_559691278_win32_win32_x86_64/plugins/com.st.stm32cube.ide.mcu.externaltools.gnu-tools-for-stm32.11.3.rel1.win32_1.1.1.202309131626/tools/bin/../lib/gcc/arm-none-eabi/11.3.1/../../../../arm-none-eabi/lib/thumb/v7e-m+dp/hard\libc_nano.a(libc_a-mprec.o)
                0x0000000008007dfa                __any_on
 .text.sulp     0x0000000008007e3c       0x34 C:/Users/sunsu/.eclipse/com.st.stm32cube.ide.mcu.rcp.product_1.13.0_559691278_win32_win32_x86_64/plugins/com.st.stm32cube.ide.mcu.externaltools.gnu-tools-for-stm32.11.3.rel1.win32_1.1.1.202309131626/tools/bin/../lib/gcc/arm-none-eabi/11.3.1/../../../../arm-none-eabi/lib/thumb/v7e-m+dp/hard\libc_nano.a(libc_a-strtod.o)
 .text._strtod_l
                0x0000000008007e70      0xb64 C:/Users/sunsu/.eclipse/com.st.stm32cube.ide.mcu.rcp.product_1.13.0_559691278_win32_win32_x86_64/plugins/com.st.stm32cube.ide.mcu.externaltools.gnu-tools-for-stm32.11.3.rel1.win32_1.1.1.202309131626/tools/bin/../lib/gcc/arm-none-eabi/11.3.1/../../../../arm-none-eabi/lib/thumb/v7e-m+dp/hard\libc_nano.a(libc_a-strtod.o)
                0x0000000008007e70                _strtod_l
 .text._strtod_r
                0x00000000080089d4        0xc C:/Users/sunsu/.eclipse/com.st.stm32cube.ide.mcu.rcp.product_1.13.0_559691278_win32_win32_x86_64/plugins/com.st.stm32cube.ide.mcu.externaltools.gnu-tools-for-stm32.11.3.rel1.win32_1.1.1.202309131626/tools/bin/../lib/gcc/arm-none-eabi/11.3.1/../../../../arm-none-eabi/lib/thumb/v7e-m+dp/hard\libc_nano.a(libc_a-strtod.o)
                0x00000000080089d4                _strtod_r
 .text._strtol_l.constprop.0
                0x00000000080089e0      0x104 C:/Users/sunsu/.eclipse/com.st.stm32cube.ide.mcu.rcp.product_1.13.0_559691278_win32_win32_x86_64/plugins/com.st.stm32cube.ide.mcu.externaltools.gnu-tools-for-stm32.11.3.rel1.win32_1.1.1.202309131626/tools/bin/../lib/gcc/arm-none-eabi/11.3.1/../../../../arm-none-eabi/lib/thumb/v7e-m+dp/hard\libc_nano.a(libc_a-strtol.o)
 .text._strtol_r
                0x0000000008008ae4        0x4 C:/Users/sunsu/.eclipse/com.st.stm32cube.ide.mcu.rcp.product_1.13.0_559691278_win32_win32_x86_64/plugins/com.st.stm32cube.ide.mcu.externaltools.gnu-tools-for-stm32.11.3.rel1.win32_1.1.1.202309131626/tools/bin/../lib/gcc/arm-none-eabi/11.3.1/../../../../arm-none-eabi/lib/thumb/v7e-m+dp/hard\libc_nano.a(libc_a-strtol.o)
                0x0000000008008ae4                _strtol_r
 .text.__ssputs_r
                0x0000000008008ae8       0xb4 C:/Users/sunsu/.eclipse/com.st.stm32cube.ide.mcu.rcp.product_1.13.0_559691278_win32_win32_x86_64/plugins/com.st.stm32cube.ide.mcu.externaltools.gnu-tools-for-stm32.11.3.rel1.win32_1.1.1.202309131626/tools/bin/../lib/gcc/arm-none-eabi/11.3.1/../../../../arm-none-eabi/lib/thumb/v7e-m+dp/hard\libc_nano.a(libc_a-nano-svfprintf.o)
                0x0000000008008ae8                __ssputs_r
 .text._svfprintf_r
                0x0000000008008b9c      0x1fc C:/Users/sunsu/.eclipse/com.st.stm32cube.ide.mcu.rcp.product_1.13.0_559691278_win32_win32_x86_64/plugins/com.st.stm32cube.ide.mcu.externaltools.gnu-tools-for-stm32.11.3.rel1.win32_1.1.1.202309131626/tools/bin/../lib/gcc/arm-none-eabi/11.3.1/../../../../arm-none-eabi/lib/thumb/v7e-m+dp/hard\libc_nano.a(libc_a-nano-svfprintf.o)
                0x0000000008008b9c                _svfiprintf_r
                0x0000000008008b9c                _svfprintf_r
 .text.__sflush_r
                0x0000000008008d98      0x10c C:/Users/sunsu/.eclipse/com.st.stm32cube.ide.mcu.rcp.product_1.13.0_559691278_win32_win32_x86_64/plugins/com.st.stm32cube.ide.mcu.externaltools.gnu-tools-for-stm32.11.3.rel1.win32_1.1.1.202309131626/tools/bin/../lib/gcc/arm-none-eabi/11.3.1/../../../../arm-none-eabi/lib/thumb/v7e-m+dp/hard\libc_nano.a(libc_a-fflush.o)
                0x0000000008008d98                __sflush_r
 .text._fflush_r
                0x0000000008008ea4       0x50 C:/Users/sunsu/.eclipse/com.st.stm32cube.ide.mcu.rcp.product_1.13.0_559691278_win32_win32_x86_64/plugins/com.st.stm32cube.ide.mcu.externaltools.gnu-tools-for-stm32.11.3.rel1.win32_1.1.1.202309131626/tools/bin/../lib/gcc/arm-none-eabi/11.3.1/../../../../arm-none-eabi/lib/thumb/v7e-m+dp/hard\libc_nano.a(libc_a-fflush.o)
                0x0000000008008ea4                _fflush_r
 .text.memmove  0x0000000008008ef4       0x34 C:/Users/sunsu/.eclipse/com.st.stm32cube.ide.mcu.rcp.product_1.13.0_559691278_win32_win32_x86_64/plugins/com.st.stm32cube.ide.mcu.externaltools.gnu-tools-for-stm32.11.3.rel1.win32_1.1.1.202309131626/tools/bin/../lib/gcc/arm-none-eabi/11.3.1/../../../../arm-none-eabi/lib/thumb/v7e-m+dp/hard\libc_nano.a(libc_a-memmove.o)
                0x0000000008008ef4                memmove
 .text.strncmp  0x0000000008008f28       0x24 C:/Users/sunsu/.eclipse/com.st.stm32cube.ide.mcu.rcp.product_1.13.0_559691278_win32_win32_x86_64/plugins/com.st.stm32cube.ide.mcu.externaltools.gnu-tools-for-stm32.11.3.rel1.win32_1.1.1.202309131626/tools/bin/../lib/gcc/arm-none-eabi/11.3.1/../../../../arm-none-eabi/lib/thumb/v7e-m+dp/hard\libc_nano.a(libc_a-strncmp.o)
                0x0000000008008f28                strncmp
 .text._sbrk_r  0x0000000008008f4c       0x20 C:/Users/sunsu/.eclipse/com.st.stm32cube.ide.mcu.rcp.product_1.13.0_559691278_win32_win32_x86_64/plugins/com.st.stm32cube.ide.mcu.externaltools.gnu-tools-for-stm32.11.3.rel1.win32_1.1.1.202309131626/tools/bin/../lib/gcc/arm-none-eabi/11.3.1/../../../../arm-none-eabi/lib/thumb/v7e-m+dp/hard\libc_nano.a(libc_a-sbrkr.o)
                0x0000000008008f4c                _sbrk_r
 .text.memcpy   0x0000000008008f6c       0x1c C:/Users/sunsu/.eclipse/com.st.stm32cube.ide.mcu.rcp.product_1.13.0_559691278_win32_win32_x86_64/plugins/com.st.stm32cube.ide.mcu.externaltools.gnu-tools-for-stm32.11.3.rel1.win32_1.1.1.202309131626/tools/bin/../lib/gcc/arm-none-eabi/11.3.1/../../../../arm-none-eabi/lib/thumb/v7e-m+dp/hard\libc_nano.a(libc_a-memcpy-stub.o)
                0x0000000008008f6c                memcpy
 .text.nan      0x0000000008008f88       0x10 C:/Users/sunsu/.eclipse/com.st.stm32cube.ide.mcu.rcp.product_1.13.0_559691278_win32_win32_x86_64/plugins/com.st.stm32cube.ide.mcu.externaltools.gnu-tools-for-stm32.11.3.rel1.win32_1.1.1.202309131626/tools/bin/../lib/gcc/arm-none-eabi/11.3.1/../../../../arm-none-eabi/lib/thumb/v7e-m+dp/hard\libc_nano.a(libm_a-s_nan.o)
                0x0000000008008f88                nan
 .text.__assert_func
                0x0000000008008f98       0x3c C:/Users/sunsu/.eclipse/com.st.stm32cube.ide.mcu.rcp.product_1.13.0_559691278_win32_win32_x86_64/plugins/com.st.stm32cube.ide.mcu.externaltools.gnu-tools-for-stm32.11.3.rel1.win32_1.1.1.202309131626/tools/bin/../lib/gcc/arm-none-eabi/11.3.1/../../../../arm-none-eabi/lib/thumb/v7e-m+dp/hard\libc_nano.a(libc_a-assert.o)
                0x0000000008008f98                __assert_func
 .text._calloc_r
                0x0000000008008fd4       0x2c C:/Users/sunsu/.eclipse/com.st.stm32cube.ide.mcu.rcp.product_1.13.0_559691278_win32_win32_x86_64/plugins/com.st.stm32cube.ide.mcu.externaltools.gnu-tools-for-stm32.11.3.rel1.win32_1.1.1.202309131626/tools/bin/../lib/gcc/arm-none-eabi/11.3.1/../../../../arm-none-eabi/lib/thumb/v7e-m+dp/hard\libc_nano.a(libc_a-callocr.o)
                0x0000000008008fd4                _calloc_r
 .text.rshift   0x0000000008009000       0xa4 C:/Users/sunsu/.eclipse/com.st.stm32cube.ide.mcu.rcp.product_1.13.0_559691278_win32_win32_x86_64/plugins/com.st.stm32cube.ide.mcu.externaltools.gnu-tools-for-stm32.11.3.rel1.win32_1.1.1.202309131626/tools/bin/../lib/gcc/arm-none-eabi/11.3.1/../../../../arm-none-eabi/lib/thumb/v7e-m+dp/hard\libc_nano.a(libc_a-gdtoa-gethex.o)
 .text.__hexdig_fun
                0x00000000080090a4       0x2a C:/Users/sunsu/.eclipse/com.st.stm32cube.ide.mcu.rcp.product_1.13.0_559691278_win32_win32_x86_64/plugins/com.st.stm32cube.ide.mcu.externaltools.gnu-tools-for-stm32.11.3.rel1.win32_1.1.1.202309131626/tools/bin/../lib/gcc/arm-none-eabi/11.3.1/../../../../arm-none-eabi/lib/thumb/v7e-m+dp/hard\libc_nano.a(libc_a-gdtoa-gethex.o)
                0x00000000080090a4                __hexdig_fun
 *fill*         0x00000000080090ce        0x2 
 .text.__gethex
                0x00000000080090d0      0x45c C:/Users/sunsu/.eclipse/com.st.stm32cube.ide.mcu.rcp.product_1.13.0_559691278_win32_win32_x86_64/plugins/com.st.stm32cube.ide.mcu.externaltools.gnu-tools-for-stm32.11.3.rel1.win32_1.1.1.202309131626/tools/bin/../lib/gcc/arm-none-eabi/11.3.1/../../../../arm-none-eabi/lib/thumb/v7e-m+dp/hard\libc_nano.a(libc_a-gdtoa-gethex.o)
                0x00000000080090d0                __gethex
 .text.L_shift  0x000000000800952c       0x24 C:/Users/sunsu/.eclipse/com.st.stm32cube.ide.mcu.rcp.product_1.13.0_559691278_win32_win32_x86_64/plugins/com.st.stm32cube.ide.mcu.externaltools.gnu-tools-for-stm32.11.3.rel1.win32_1.1.1.202309131626/tools/bin/../lib/gcc/arm-none-eabi/11.3.1/../../../../arm-none-eabi/lib/thumb/v7e-m+dp/hard\libc_nano.a(libc_a-gdtoa-hexnan.o)
 .text.__match  0x0000000008009550       0x28 C:/Users/sunsu/.eclipse/com.st.stm32cube.ide.mcu.rcp.product_1.13.0_559691278_win32_win32_x86_64/plugins/com.st.stm32cube.ide.mcu.externaltools.gnu-tools-for-stm32.11.3.rel1.win32_1.1.1.202309131626/tools/bin/../lib/gcc/arm-none-eabi/11.3.1/../../../../arm-none-eabi/lib/thumb/v7e-m+dp/hard\libc_nano.a(libc_a-gdtoa-hexnan.o)
                0x0000000008009550                __match
 .text.__hexnan
                0x0000000008009578      0x136 C:/Users/sunsu/.eclipse/com.st.stm32cube.ide.mcu.rcp.product_1.13.0_559691278_win32_win32_x86_64/plugins/com.st.stm32cube.ide.mcu.externaltools.gnu-tools-for-stm32.11.3.rel1.win32_1.1.1.202309131626/tools/bin/../lib/gcc/arm-none-eabi/11.3.1/../../../../arm-none-eabi/lib/thumb/v7e-m+dp/hard\libc_nano.a(libc_a-gdtoa-hexnan.o)
                0x0000000008009578                __hexnan
 .text.__ascii_mbtowc
                0x00000000080096ae       0x24 C:/Users/sunsu/.eclipse/com.st.stm32cube.ide.mcu.rcp.product_1.13.0_559691278_win32_win32_x86_64/plugins/com.st.stm32cube.ide.mcu.externaltools.gnu-tools-for-stm32.11.3.rel1.win32_1.1.1.202309131626/tools/bin/../lib/gcc/arm-none-eabi/11.3.1/../../../../arm-none-eabi/lib/thumb/v7e-m+dp/hard\libc_nano.a(libc_a-mbtowc_r.o)
                0x00000000080096ae                __ascii_mbtowc
 .text._realloc_r
                0x00000000080096d2       0x5e C:/Users/sunsu/.eclipse/com.st.stm32cube.ide.mcu.rcp.product_1.13.0_559691278_win32_win32_x86_64/plugins/com.st.stm32cube.ide.mcu.externaltools.gnu-tools-for-stm32.11.3.rel1.win32_1.1.1.202309131626/tools/bin/../lib/gcc/arm-none-eabi/11.3.1/../../../../arm-none-eabi/lib/thumb/v7e-m+dp/hard\libc_nano.a(libc_a-reallocr.o)
                0x00000000080096d2                _realloc_r
 .text.__ascii_wctomb
                0x0000000008009730       0x1a C:/Users/sunsu/.eclipse/com.st.stm32cube.ide.mcu.rcp.product_1.13.0_559691278_win32_win32_x86_64/plugins/com.st.stm32cube.ide.mcu.externaltools.gnu-tools-for-stm32.11.3.rel1.win32_1.1.1.202309131626/tools/bin/../lib/gcc/arm-none-eabi/11.3.1/../../../../arm-none-eabi/lib/thumb/v7e-m+dp/hard\libc_nano.a(libc_a-wctomb_r.o)
                0x0000000008009730                __ascii_wctomb
 *fill*         0x000000000800974a        0x2 
 .text.fprintf  0x000000000800974c       0x24 C:/Users/sunsu/.eclipse/com.st.stm32cube.ide.mcu.rcp.product_1.13.0_559691278_win32_win32_x86_64/plugins/com.st.stm32cube.ide.mcu.externaltools.gnu-tools-for-stm32.11.3.rel1.win32_1.1.1.202309131626/tools/bin/../lib/gcc/arm-none-eabi/11.3.1/../../../../arm-none-eabi/lib/thumb/v7e-m+dp/hard\libc_nano.a(libc_a-fprintf.o)
                0x000000000800974c                fiprintf
                0x000000000800974c                fprintf
 .text.abort    0x0000000008009770        0xe C:/Users/sunsu/.eclipse/com.st.stm32cube.ide.mcu.rcp.product_1.13.0_559691278_win32_win32_x86_64/plugins/com.st.stm32cube.ide.mcu.externaltools.gnu-tools-for-stm32.11.3.rel1.win32_1.1.1.202309131626/tools/bin/../lib/gcc/arm-none-eabi/11.3.1/../../../../arm-none-eabi/lib/thumb/v7e-m+dp/hard\libc_nano.a(libc_a-abort.o)
                0x0000000008009770                abort
 .text._malloc_usable_size_r
                0x000000000800977e       0x10 C:/Users/sunsu/.eclipse/com.st.stm32cube.ide.mcu.rcp.product_1.13.0_559691278_win32_win32_x86_64/plugins/com.st.stm32cube.ide.mcu.externaltools.gnu-tools-for-stm32.11.3.rel1.win32_1.1.1.202309131626/tools/bin/../lib/gcc/arm-none-eabi/11.3.1/../../../../arm-none-eabi/lib/thumb/v7e-m+dp/hard\libc_nano.a(libc_a-msizer.o)
                0x000000000800977e                _malloc_usable_size_r
 .text.__sfputc_r
                0x000000000800978e       0x2e C:/Users/sunsu/.eclipse/com.st.stm32cube.ide.mcu.rcp.product_1.13.0_559691278_win32_win32_x86_64/plugins/com.st.stm32cube.ide.mcu.externaltools.gnu-tools-for-stm32.11.3.rel1.win32_1.1.1.202309131626/tools/bin/../lib/gcc/arm-none-eabi/11.3.1/../../../../arm-none-eabi/lib/thumb/v7e-m+dp/hard\libc_nano.a(libc_a-nano-vfprintf.o)
 .text.__sfputs_r
                0x00000000080097bc       0x24 C:/Users/sunsu/.eclipse/com.st.stm32cube.ide.mcu.rcp.product_1.13.0_559691278_win32_win32_x86_64/plugins/com.st.stm32cube.ide.mcu.externaltools.gnu-tools-for-stm32.11.3.rel1.win32_1.1.1.202309131626/tools/bin/../lib/gcc/arm-none-eabi/11.3.1/../../../../arm-none-eabi/lib/thumb/v7e-m+dp/hard\libc_nano.a(libc_a-nano-vfprintf.o)
                0x00000000080097bc                __sfputs_r
 .text._vfprintf_r
                0x00000000080097e0      0x234 C:/Users/sunsu/.eclipse/com.st.stm32cube.ide.mcu.rcp.product_1.13.0_559691278_win32_win32_x86_64/plugins/com.st.stm32cube.ide.mcu.externaltools.gnu-tools-for-stm32.11.3.rel1.win32_1.1.1.202309131626/tools/bin/../lib/gcc/arm-none-eabi/11.3.1/../../../../arm-none-eabi/lib/thumb/v7e-m+dp/hard\libc_nano.a(libc_a-nano-vfprintf.o)
                0x00000000080097e0                _vfprintf_r
                0x00000000080097e0                _vfiprintf_r
 .text.__swbuf_r
                0x0000000008009a14       0x7a C:/Users/sunsu/.eclipse/com.st.stm32cube.ide.mcu.rcp.product_1.13.0_559691278_win32_win32_x86_64/plugins/com.st.stm32cube.ide.mcu.externaltools.gnu-tools-for-stm32.11.3.rel1.win32_1.1.1.202309131626/tools/bin/../lib/gcc/arm-none-eabi/11.3.1/../../../../arm-none-eabi/lib/thumb/v7e-m+dp/hard\libc_nano.a(libc_a-wbuf.o)
                0x0000000008009a14                __swbuf_r
 *fill*         0x0000000008009a8e        0x2 
 .text.__swsetup_r
                0x0000000008009a90       0xb0 C:/Users/sunsu/.eclipse/com.st.stm32cube.ide.mcu.rcp.product_1.13.0_559691278_win32_win32_x86_64/plugins/com.st.stm32cube.ide.mcu.externaltools.gnu-tools-for-stm32.11.3.rel1.win32_1.1.1.202309131626/tools/bin/../lib/gcc/arm-none-eabi/11.3.1/../../../../arm-none-eabi/lib/thumb/v7e-m+dp/hard\libc_nano.a(libc_a-wsetup.o)
                0x0000000008009a90                __swsetup_r
 .text._raise_r
                0x0000000008009b40       0x50 C:/Users/sunsu/.eclipse/com.st.stm32cube.ide.mcu.rcp.product_1.13.0_559691278_win32_win32_x86_64/plugins/com.st.stm32cube.ide.mcu.externaltools.gnu-tools-for-stm32.11.3.rel1.win32_1.1.1.202309131626/tools/bin/../lib/gcc/arm-none-eabi/11.3.1/../../../../arm-none-eabi/lib/thumb/v7e-m+dp/hard\libc_nano.a(libc_a-signal.o)
                0x0000000008009b40                _raise_r
 .text.raise    0x0000000008009b90       0x10 C:/Users/sunsu/.eclipse/com.st.stm32cube.ide.mcu.rcp.product_1.13.0_559691278_win32_win32_x86_64/plugins/com.st.stm32cube.ide.mcu.externaltools.gnu-tools-for-stm32.11.3.rel1.win32_1.1.1.202309131626/tools/bin/../lib/gcc/arm-none-eabi/11.3.1/../../../../arm-none-eabi/lib/thumb/v7e-m+dp/hard\libc_nano.a(libc_a-signal.o)
                0x0000000008009b90                raise
 .text._kill_r  0x0000000008009ba0       0x24 C:/Users/sunsu/.eclipse/com.st.stm32cube.ide.mcu.rcp.product_1.13.0_559691278_win32_win32_x86_64/plugins/com.st.stm32cube.ide.mcu.externaltools.gnu-tools-for-stm32.11.3.rel1.win32_1.1.1.202309131626/tools/bin/../lib/gcc/arm-none-eabi/11.3.1/../../../../arm-none-eabi/lib/thumb/v7e-m+dp/hard\libc_nano.a(libc_a-signalr.o)
                0x0000000008009ba0                _kill_r
 .text._getpid_r
                0x0000000008009bc4        0x4 C:/Users/sunsu/.eclipse/com.st.stm32cube.ide.mcu.rcp.product_1.13.0_559691278_win32_win32_x86_64/plugins/com.st.stm32cube.ide.mcu.externaltools.gnu-tools-for-stm32.11.3.rel1.win32_1.1.1.202309131626/tools/bin/../lib/gcc/arm-none-eabi/11.3.1/../../../../arm-none-eabi/lib/thumb/v7e-m+dp/hard\libc_nano.a(libc_a-signalr.o)
                0x0000000008009bc4                _getpid_r
 .text.__swhatbuf_r
                0x0000000008009bc8       0x4c C:/Users/sunsu/.eclipse/com.st.stm32cube.ide.mcu.rcp.product_1.13.0_559691278_win32_win32_x86_64/plugins/com.st.stm32cube.ide.mcu.externaltools.gnu-tools-for-stm32.11.3.rel1.win32_1.1.1.202309131626/tools/bin/../lib/gcc/arm-none-eabi/11.3.1/../../../../arm-none-eabi/lib/thumb/v7e-m+dp/hard\libc_nano.a(libc_a-makebuf.o)
                0x0000000008009bc8                __swhatbuf_r
 .text.__smakebuf_r
                0x0000000008009c14       0x78 C:/Users/sunsu/.eclipse/com.st.stm32cube.ide.mcu.rcp.product_1.13.0_559691278_win32_win32_x86_64/plugins/com.st.stm32cube.ide.mcu.externaltools.gnu-tools-for-stm32.11.3.rel1.win32_1.1.1.202309131626/tools/bin/../lib/gcc/arm-none-eabi/11.3.1/../../../../arm-none-eabi/lib/thumb/v7e-m+dp/hard\libc_nano.a(libc_a-makebuf.o)
                0x0000000008009c14                __smakebuf_r
 .text._fstat_r
                0x0000000008009c8c       0x24 C:/Users/sunsu/.eclipse/com.st.stm32cube.ide.mcu.rcp.product_1.13.0_559691278_win32_win32_x86_64/plugins/com.st.stm32cube.ide.mcu.externaltools.gnu-tools-for-stm32.11.3.rel1.win32_1.1.1.202309131626/tools/bin/../lib/gcc/arm-none-eabi/11.3.1/../../../../arm-none-eabi/lib/thumb/v7e-m+dp/hard\libc_nano.a(libc_a-fstatr.o)
                0x0000000008009c8c                _fstat_r
 .text._isatty_r
                0x0000000008009cb0       0x20 C:/Users/sunsu/.eclipse/com.st.stm32cube.ide.mcu.rcp.product_1.13.0_559691278_win32_win32_x86_64/plugins/com.st.stm32cube.ide.mcu.externaltools.gnu-tools-for-stm32.11.3.rel1.win32_1.1.1.202309131626/tools/bin/../lib/gcc/arm-none-eabi/11.3.1/../../../../arm-none-eabi/lib/thumb/v7e-m+dp/hard\libc_nano.a(libc_a-isattyr.o)
                0x0000000008009cb0                _isatty_r
 *(.glue_7)
 .glue_7        0x0000000008009cd0        0x0 linker stubs
 *(.glue_7t)
 .glue_7t       0x0000000008009cd0        0x0 linker stubs
 *(.eh_frame)
 .eh_frame      0x0000000008009cd0        0x0 C:/Users/sunsu/.eclipse/com.st.stm32cube.ide.mcu.rcp.product_1.13.0_559691278_win32_win32_x86_64/plugins/com.st.stm32cube.ide.mcu.externaltools.gnu-tools-for-stm32.11.3.rel1.win32_1.1.1.202309131626/tools/bin/../lib/gcc/arm-none-eabi/11.3.1/thumb/v7e-m+dp/hard/crtbegin.o
 *(.init)
 .init          0x0000000008009cd0        0x4 C:/Users/sunsu/.eclipse/com.st.stm32cube.ide.mcu.rcp.product_1.13.0_559691278_win32_win32_x86_64/plugins/com.st.stm32cube.ide.mcu.externaltools.gnu-tools-for-stm32.11.3.rel1.win32_1.1.1.202309131626/tools/bin/../lib/gcc/arm-none-eabi/11.3.1/thumb/v7e-m+dp/hard/crti.o
                0x0000000008009cd0                _init
 .init          0x0000000008009cd4        0x8 C:/Users/sunsu/.eclipse/com.st.stm32cube.ide.mcu.rcp.product_1.13.0_559691278_win32_win32_x86_64/plugins/com.st.stm32cube.ide.mcu.externaltools.gnu-tools-for-stm32.11.3.rel1.win32_1.1.1.202309131626/tools/bin/../lib/gcc/arm-none-eabi/11.3.1/thumb/v7e-m+dp/hard/crtn.o
 *(.fini)
 .fini          0x0000000008009cdc        0x4 C:/Users/sunsu/.eclipse/com.st.stm32cube.ide.mcu.rcp.product_1.13.0_559691278_win32_win32_x86_64/plugins/com.st.stm32cube.ide.mcu.externaltools.gnu-tools-for-stm32.11.3.rel1.win32_1.1.1.202309131626/tools/bin/../lib/gcc/arm-none-eabi/11.3.1/thumb/v7e-m+dp/hard/crti.o
                0x0000000008009cdc                _fini
 .fini          0x0000000008009ce0        0x8 C:/Users/sunsu/.eclipse/com.st.stm32cube.ide.mcu.rcp.product_1.13.0_559691278_win32_win32_x86_64/plugins/com.st.stm32cube.ide.mcu.externaltools.gnu-tools-for-stm32.11.3.rel1.win32_1.1.1.202309131626/tools/bin/../lib/gcc/arm-none-eabi/11.3.1/thumb/v7e-m+dp/hard/crtn.o
                0x0000000008009ce8                . = ALIGN (0x4)
                0x0000000008009ce8                _etext = .

.vfp11_veneer   0x0000000008009ce8        0x0
 .vfp11_veneer  0x0000000008009ce8        0x0 linker stubs

.v4_bx          0x0000000008009ce8        0x0
 .v4_bx         0x0000000008009ce8        0x0 linker stubs

.iplt           0x0000000008009ce8        0x0
 .iplt          0x0000000008009ce8        0x0 C:/Users/sunsu/.eclipse/com.st.stm32cube.ide.mcu.rcp.product_1.13.0_559691278_win32_win32_x86_64/plugins/com.st.stm32cube.ide.mcu.externaltools.gnu-tools-for-stm32.11.3.rel1.win32_1.1.1.202309131626/tools/bin/../lib/gcc/arm-none-eabi/11.3.1/thumb/v7e-m+dp/hard/crtbegin.o

.rodata         0x0000000008009ce8      0x490
                0x0000000008009ce8                . = ALIGN (0x4)
 *(.rodata)
 .rodata        0x0000000008009ce8       0x4e ./Core/Src/main.o
 *(.rodata*)
 *fill*         0x0000000008009d36        0x2 
 .rodata.AHBPrescTable
                0x0000000008009d38       0x10 ./Core/Src/system_stm32f7xx.o
                0x0000000008009d38                AHBPrescTable
 .rodata.APBPrescTable
                0x0000000008009d48        0x8 ./Core/Src/system_stm32f7xx.o
                0x0000000008009d48                APBPrescTable
 .rodata._printf_float.str1.1
                0x0000000008009d50       0x12 C:/Users/sunsu/.eclipse/com.st.stm32cube.ide.mcu.rcp.product_1.13.0_559691278_win32_win32_x86_64/plugins/com.st.stm32cube.ide.mcu.externaltools.gnu-tools-for-stm32.11.3.rel1.win32_1.1.1.202309131626/tools/bin/../lib/gcc/arm-none-eabi/11.3.1/../../../../arm-none-eabi/lib/thumb/v7e-m+dp/hard\libc_nano.a(libc_a-nano-vfprintf_float.o)
 .rodata._printf_i.str1.1
                0x0000000008009d62       0x22 C:/Users/sunsu/.eclipse/com.st.stm32cube.ide.mcu.rcp.product_1.13.0_559691278_win32_win32_x86_64/plugins/com.st.stm32cube.ide.mcu.externaltools.gnu-tools-for-stm32.11.3.rel1.win32_1.1.1.202309131626/tools/bin/../lib/gcc/arm-none-eabi/11.3.1/../../../../arm-none-eabi/lib/thumb/v7e-m+dp/hard\libc_nano.a(libc_a-nano-vfprintf_i.o)
 .rodata._scanf_float.str1.1
                0x0000000008009d84        0x5 C:/Users/sunsu/.eclipse/com.st.stm32cube.ide.mcu.rcp.product_1.13.0_559691278_win32_win32_x86_64/plugins/com.st.stm32cube.ide.mcu.externaltools.gnu-tools-for-stm32.11.3.rel1.win32_1.1.1.202309131626/tools/bin/../lib/gcc/arm-none-eabi/11.3.1/../../../../arm-none-eabi/lib/thumb/v7e-m+dp/hard\libc_nano.a(libc_a-nano-vfscanf_float.o)
                                          0x6 (size before relaxing)
 .rodata._dtoa_r.str1.1
                0x0000000008009d89       0x8d C:/Users/sunsu/.eclipse/com.st.stm32cube.ide.mcu.rcp.product_1.13.0_559691278_win32_win32_x86_64/plugins/com.st.stm32cube.ide.mcu.externaltools.gnu-tools-for-stm32.11.3.rel1.win32_1.1.1.202309131626/tools/bin/../lib/gcc/arm-none-eabi/11.3.1/../../../../arm-none-eabi/lib/thumb/v7e-m+dp/hard\libc_nano.a(libc_a-dtoa.o)
                                         0x8f (size before relaxing)
 .rodata._Balloc.str1.1
                0x0000000008009e16       0x59 C:/Users/sunsu/.eclipse/com.st.stm32cube.ide.mcu.rcp.product_1.13.0_559691278_win32_win32_x86_64/plugins/com.st.stm32cube.ide.mcu.externaltools.gnu-tools-for-stm32.11.3.rel1.win32_1.1.1.202309131626/tools/bin/../lib/gcc/arm-none-eabi/11.3.1/../../../../arm-none-eabi/lib/thumb/v7e-m+dp/hard\libc_nano.a(libc_a-mprec.o)
                                         0x70 (size before relaxing)
 .rodata.__multadd.str1.1
                0x0000000008009e6f       0x11 C:/Users/sunsu/.eclipse/com.st.stm32cube.ide.mcu.rcp.product_1.13.0_559691278_win32_win32_x86_64/plugins/com.st.stm32cube.ide.mcu.externaltools.gnu-tools-for-stm32.11.3.rel1.win32_1.1.1.202309131626/tools/bin/../lib/gcc/arm-none-eabi/11.3.1/../../../../arm-none-eabi/lib/thumb/v7e-m+dp/hard\libc_nano.a(libc_a-mprec.o)
 *fill*         0x0000000008009e6f        0x1 
 .rodata.__mprec_bigtens
                0x0000000008009e70       0x28 C:/Users/sunsu/.eclipse/com.st.stm32cube.ide.mcu.rcp.product_1.13.0_559691278_win32_win32_x86_64/plugins/com.st.stm32cube.ide.mcu.externaltools.gnu-tools-for-stm32.11.3.rel1.win32_1.1.1.202309131626/tools/bin/../lib/gcc/arm-none-eabi/11.3.1/../../../../arm-none-eabi/lib/thumb/v7e-m+dp/hard\libc_nano.a(libc_a-mprec.o)
                0x0000000008009e70                __mprec_bigtens
 .rodata.__mprec_tens
                0x0000000008009e98       0xc8 C:/Users/sunsu/.eclipse/com.st.stm32cube.ide.mcu.rcp.product_1.13.0_559691278_win32_win32_x86_64/plugins/com.st.stm32cube.ide.mcu.externaltools.gnu-tools-for-stm32.11.3.rel1.win32_1.1.1.202309131626/tools/bin/../lib/gcc/arm-none-eabi/11.3.1/../../../../arm-none-eabi/lib/thumb/v7e-m+dp/hard\libc_nano.a(libc_a-mprec.o)
                0x0000000008009e98                __mprec_tens
 .rodata.p05.0  0x0000000008009f60        0xc C:/Users/sunsu/.eclipse/com.st.stm32cube.ide.mcu.rcp.product_1.13.0_559691278_win32_win32_x86_64/plugins/com.st.stm32cube.ide.mcu.externaltools.gnu-tools-for-stm32.11.3.rel1.win32_1.1.1.202309131626/tools/bin/../lib/gcc/arm-none-eabi/11.3.1/../../../../arm-none-eabi/lib/thumb/v7e-m+dp/hard\libc_nano.a(libc_a-mprec.o)
 .rodata._strtod_l.str1.1
                0x0000000008009f6c        0x2 C:/Users/sunsu/.eclipse/com.st.stm32cube.ide.mcu.rcp.product_1.13.0_559691278_win32_win32_x86_64/plugins/com.st.stm32cube.ide.mcu.externaltools.gnu-tools-for-stm32.11.3.rel1.win32_1.1.1.202309131626/tools/bin/../lib/gcc/arm-none-eabi/11.3.1/../../../../arm-none-eabi/lib/thumb/v7e-m+dp/hard\libc_nano.a(libc_a-strtod.o)
                                          0xf (size before relaxing)
 *fill*         0x0000000008009f6e        0x2 
 .rodata.fpi.1  0x0000000008009f70       0x14 C:/Users/sunsu/.eclipse/com.st.stm32cube.ide.mcu.rcp.product_1.13.0_559691278_win32_win32_x86_64/plugins/com.st.stm32cube.ide.mcu.externaltools.gnu-tools-for-stm32.11.3.rel1.win32_1.1.1.202309131626/tools/bin/../lib/gcc/arm-none-eabi/11.3.1/../../../../arm-none-eabi/lib/thumb/v7e-m+dp/hard\libc_nano.a(libc_a-strtod.o)
 .rodata.fpinan.0
                0x0000000008009f84       0x14 C:/Users/sunsu/.eclipse/com.st.stm32cube.ide.mcu.rcp.product_1.13.0_559691278_win32_win32_x86_64/plugins/com.st.stm32cube.ide.mcu.externaltools.gnu-tools-for-stm32.11.3.rel1.win32_1.1.1.202309131626/tools/bin/../lib/gcc/arm-none-eabi/11.3.1/../../../../arm-none-eabi/lib/thumb/v7e-m+dp/hard\libc_nano.a(libc_a-strtod.o)
 .rodata.tinytens
                0x0000000008009f98       0x28 C:/Users/sunsu/.eclipse/com.st.stm32cube.ide.mcu.rcp.product_1.13.0_559691278_win32_win32_x86_64/plugins/com.st.stm32cube.ide.mcu.externaltools.gnu-tools-for-stm32.11.3.rel1.win32_1.1.1.202309131626/tools/bin/../lib/gcc/arm-none-eabi/11.3.1/../../../../arm-none-eabi/lib/thumb/v7e-m+dp/hard\libc_nano.a(libc_a-strtod.o)
 .rodata._ctype_
                0x0000000008009fc0      0x101 C:/Users/sunsu/.eclipse/com.st.stm32cube.ide.mcu.rcp.product_1.13.0_559691278_win32_win32_x86_64/plugins/com.st.stm32cube.ide.mcu.externaltools.gnu-tools-for-stm32.11.3.rel1.win32_1.1.1.202309131626/tools/bin/../lib/gcc/arm-none-eabi/11.3.1/../../../../arm-none-eabi/lib/thumb/v7e-m+dp/hard\libc_nano.a(libc_a-ctype_.o)
                0x0000000008009fc0                _ctype_
 .rodata._svfprintf_r.str1.1
                0x000000000800a0c1       0x11 C:/Users/sunsu/.eclipse/com.st.stm32cube.ide.mcu.rcp.product_1.13.0_559691278_win32_win32_x86_64/plugins/com.st.stm32cube.ide.mcu.externaltools.gnu-tools-for-stm32.11.3.rel1.win32_1.1.1.202309131626/tools/bin/../lib/gcc/arm-none-eabi/11.3.1/../../../../arm-none-eabi/lib/thumb/v7e-m+dp/hard\libc_nano.a(libc_a-nano-svfprintf.o)
 .rodata._setlocale_r.str1.1
                0x000000000800a0d2        0x8 C:/Users/sunsu/.eclipse/com.st.stm32cube.ide.mcu.rcp.product_1.13.0_559691278_win32_win32_x86_64/plugins/com.st.stm32cube.ide.mcu.externaltools.gnu-tools-for-stm32.11.3.rel1.win32_1.1.1.202309131626/tools/bin/../lib/gcc/arm-none-eabi/11.3.1/../../../../arm-none-eabi/lib/thumb/v7e-m+dp/hard\libc_nano.a(libc_a-locale.o)
                                          0x9 (size before relaxing)
 .rodata.str1.1
                0x000000000800a0da        0x2 C:/Users/sunsu/.eclipse/com.st.stm32cube.ide.mcu.rcp.product_1.13.0_559691278_win32_win32_x86_64/plugins/com.st.stm32cube.ide.mcu.externaltools.gnu-tools-for-stm32.11.3.rel1.win32_1.1.1.202309131626/tools/bin/../lib/gcc/arm-none-eabi/11.3.1/../../../../arm-none-eabi/lib/thumb/v7e-m+dp/hard\libc_nano.a(libc_a-locale.o)
 .rodata.__assert_func.str1.1
                0x000000000800a0da       0x3c C:/Users/sunsu/.eclipse/com.st.stm32cube.ide.mcu.rcp.product_1.13.0_559691278_win32_win32_x86_64/plugins/com.st.stm32cube.ide.mcu.externaltools.gnu-tools-for-stm32.11.3.rel1.win32_1.1.1.202309131626/tools/bin/../lib/gcc/arm-none-eabi/11.3.1/../../../../arm-none-eabi/lib/thumb/v7e-m+dp/hard\libc_nano.a(libc_a-assert.o)
                                         0x3d (size before relaxing)
 .rodata.__gethex.str1.1
                0x000000000800a116       0x60 C:/Users/sunsu/.eclipse/com.st.stm32cube.ide.mcu.rcp.product_1.13.0_559691278_win32_win32_x86_64/plugins/com.st.stm32cube.ide.mcu.externaltools.gnu-tools-for-stm32.11.3.rel1.win32_1.1.1.202309131626/tools/bin/../lib/gcc/arm-none-eabi/11.3.1/../../../../arm-none-eabi/lib/thumb/v7e-m+dp/hard\libc_nano.a(libc_a-gdtoa-gethex.o)
                                         0x73 (size before relaxing)
 .rodata._vfprintf_r.str1.1
                0x000000000800a176       0x11 C:/Users/sunsu/.eclipse/com.st.stm32cube.ide.mcu.rcp.product_1.13.0_559691278_win32_win32_x86_64/plugins/com.st.stm32cube.ide.mcu.externaltools.gnu-tools-for-stm32.11.3.rel1.win32_1.1.1.202309131626/tools/bin/../lib/gcc/arm-none-eabi/11.3.1/../../../../arm-none-eabi/lib/thumb/v7e-m+dp/hard\libc_nano.a(libc_a-nano-vfprintf.o)
                0x000000000800a188                . = ALIGN (0x4)
 *fill*         0x000000000800a176        0x2 

.ARM.extab      0x000000000800a178        0x0
                0x000000000800a178                . = ALIGN (0x4)
 *(.ARM.extab* .gnu.linkonce.armextab.*)
                0x000000000800a178                . = ALIGN (0x4)

.ARM            0x000000000800a178        0x8
                0x000000000800a178                . = ALIGN (0x4)
                0x000000000800a178                __exidx_start = .
 *(.ARM.exidx*)
 .ARM.exidx     0x000000000800a178        0x8 C:/Users/sunsu/.eclipse/com.st.stm32cube.ide.mcu.rcp.product_1.13.0_559691278_win32_win32_x86_64/plugins/com.st.stm32cube.ide.mcu.externaltools.gnu-tools-for-stm32.11.3.rel1.win32_1.1.1.202309131626/tools/bin/../lib/gcc/arm-none-eabi/11.3.1/thumb/v7e-m+dp/hard\libgcc.a(_udivmoddi4.o)
                0x000000000800a180                __exidx_end = .
                0x000000000800a180                . = ALIGN (0x4)

.rel.dyn        0x000000000800a180        0x0
 .rel.iplt      0x000000000800a180        0x0 C:/Users/sunsu/.eclipse/com.st.stm32cube.ide.mcu.rcp.product_1.13.0_559691278_win32_win32_x86_64/plugins/com.st.stm32cube.ide.mcu.externaltools.gnu-tools-for-stm32.11.3.rel1.win32_1.1.1.202309131626/tools/bin/../lib/gcc/arm-none-eabi/11.3.1/thumb/v7e-m+dp/hard/crtbegin.o

.preinit_array  0x000000000800a180        0x0
                0x000000000800a180                . = ALIGN (0x4)
                0x000000000800a180                PROVIDE (__preinit_array_start = .)
 *(.preinit_array*)
                0x000000000800a180                PROVIDE (__preinit_array_end = .)
                0x000000000800a180                . = ALIGN (0x4)

.init_array     0x000000000800a180        0x4
                0x000000000800a180                . = ALIGN (0x4)
                0x000000000800a180                PROVIDE (__init_array_start = .)
 *(SORT_BY_NAME(.init_array.*))
 *(.init_array*)
 .init_array    0x000000000800a180        0x4 C:/Users/sunsu/.eclipse/com.st.stm32cube.ide.mcu.rcp.product_1.13.0_559691278_win32_win32_x86_64/plugins/com.st.stm32cube.ide.mcu.externaltools.gnu-tools-for-stm32.11.3.rel1.win32_1.1.1.202309131626/tools/bin/../lib/gcc/arm-none-eabi/11.3.1/thumb/v7e-m+dp/hard/crtbegin.o
                0x000000000800a184                PROVIDE (__init_array_end = .)
                0x000000000800a184                . = ALIGN (0x4)

.fini_array     0x000000000800a184        0x4
                0x000000000800a184                . = ALIGN (0x4)
                [!provide]                        PROVIDE (__fini_array_start = .)
 *(SORT_BY_NAME(.fini_array.*))
 *(.fini_array*)
 .fini_array    0x000000000800a184        0x4 C:/Users/sunsu/.eclipse/com.st.stm32cube.ide.mcu.rcp.product_1.13.0_559691278_win32_win32_x86_64/plugins/com.st.stm32cube.ide.mcu.externaltools.gnu-tools-for-stm32.11.3.rel1.win32_1.1.1.202309131626/tools/bin/../lib/gcc/arm-none-eabi/11.3.1/thumb/v7e-m+dp/hard/crtbegin.o
                [!provide]                        PROVIDE (__fini_array_end = .)
                0x000000000800a188                . = ALIGN (0x4)