../Drivers/CMSIS/Include/core_cm7.h:1840:23:__NVIC_SetPriorityGrouping	24	static
../Drivers/CMSIS/Include/core_cm7.h:1858:27:__NVIC_GetPriorityGrouping	4	static
../Drivers/CMSIS/Include/core_cm7.h:1870:23:__NVIC_EnableIRQ	16	static
../Drivers/CMSIS/Include/core_cm7.h:1908:23:__NVIC_DisableIRQ	16	static,ignoring_inline_asm
../Drivers/CMSIS/Include/core_cm7.h:1927:27:__NVIC_GetPendingIRQ	16	static
../Drivers/CMSIS/Include/core_cm7.h:1948:23:__NVIC_SetPendingIRQ	16	static
../Drivers/CMSIS/Include/core_cm7.h:1963:23:__NVIC_ClearPendingIRQ	16	static
../Drivers/CMSIS/Include/core_cm7.h:1980:27:__NVIC_GetActive	16	static
../Drivers/CMSIS/Include/core_cm7.h:2004:23:__NVIC_SetPriority	16	static
../Drivers/CMSIS/Include/core_cm7.h:2027:27:__NVIC_GetPriority	16	static
../Drivers/CMSIS/Include/core_cm7.h:2053:27:NVIC_EncodePriority	40	static
../Drivers/CMSIS/Include/core_cm7.h:2088:23:NVIC_DecodePriority	40	static
../Drivers/CMSIS/Include/core_cm7.h:2146:35:__NVIC_SystemReset	4	static,ignoring_inline_asm
../Drivers/CMSIS/Include/core_cm7.h:2552:26:SysTick_Config	16	static
../Drivers/STM32F7xx_HAL_Driver/Src/stm32f7xx_hal_cortex.c:140:6:HAL_NVIC_SetPriorityGrouping	16	static
../Drivers/STM32F7xx_HAL_Driver/Src/stm32f7xx_hal_cortex.c:162:6:HAL_NVIC_SetPriority	32	static
../Drivers/STM32F7xx_HAL_Driver/Src/stm32f7xx_hal_cortex.c:186:6:HAL_NVIC_EnableIRQ	16	static
../Drivers/STM32F7xx_HAL_Driver/Src/stm32f7xx_hal_cortex.c:202:6:HAL_NVIC_DisableIRQ	16	static
../Drivers/STM32F7xx_HAL_Driver/Src/stm32f7xx_hal_cortex.c:215:6:HAL_NVIC_SystemReset	8	static
../Drivers/STM32F7xx_HAL_Driver/Src/stm32f7xx_hal_cortex.c:228:10:HAL_SYSTICK_Config	16	static
../Drivers/STM32F7xx_HAL_Driver/Src/stm32f7xx_hal_cortex.c:257:6:HAL_MPU_Disable	4	static,ignoring_inline_asm
../Drivers/STM32F7xx_HAL_Driver/Src/stm32f7xx_hal_cortex.c:280:6:HAL_MPU_Enable	16	static,ignoring_inline_asm
../Drivers/STM32F7xx_HAL_Driver/Src/stm32f7xx_hal_cortex.c:299:6:HAL_MPU_ConfigRegion	16	static
../Drivers/STM32F7xx_HAL_Driver/Src/stm32f7xx_hal_cortex.c:344:10:HAL_NVIC_GetPriorityGrouping	8	static
../Drivers/STM32F7xx_HAL_Driver/Src/stm32f7xx_hal_cortex.c:371:6:HAL_NVIC_GetPriority	24	static
../Drivers/STM32F7xx_HAL_Driver/Src/stm32f7xx_hal_cortex.c:388:6:HAL_NVIC_SetPendingIRQ	16	static
../Drivers/STM32F7xx_HAL_Driver/Src/stm32f7xx_hal_cortex.c:406:10:HAL_NVIC_GetPendingIRQ	16	static
../Drivers/STM32F7xx_HAL_Driver/Src/stm32f7xx_hal_cortex.c:422:6:HAL_NVIC_ClearPendingIRQ	16	static
../Drivers/STM32F7xx_HAL_Driver/Src/stm32f7xx_hal_cortex.c:439:10:HAL_NVIC_GetActive	16	static
../Drivers/STM32F7xx_HAL_Driver/Src/stm32f7xx_hal_cortex.c:456:6:HAL_SYSTICK_CLKSourceConfig	16	static
../Drivers/STM32F7xx_HAL_Driver/Src/stm32f7xx_hal_cortex.c:474:6:HAL_SYSTICK_IRQHandler	8	static
../Drivers/STM32F7xx_HAL_Driver/Src/stm32f7xx_hal_cortex.c:483:13:HAL_SYSTICK_Callback	4	static
