../Drivers/STM32F7xx_HAL_Driver/Src/stm32f7xx_hal_dma.c:172:19:HAL_DMA_Init	32	static
../Drivers/STM32F7xx_HAL_Driver/Src/stm32f7xx_hal_dma.c:311:19:HAL_DMA_DeInit	24	static
../Drivers/STM32F7xx_HAL_Driver/Src/stm32f7xx_hal_dma.c:409:19:HAL_DMA_Start	32	static
../Drivers/STM32F7xx_HAL_Driver/Src/stm32f7xx_hal_dma.c:454:19:HAL_DMA_Start_IT	32	static
../Drivers/STM32F7xx_HAL_Driver/Src/stm32f7xx_hal_dma.c:518:19:HAL_DMA_Abort	24	static
../Drivers/STM32F7xx_HAL_Driver/Src/stm32f7xx_hal_dma.c:587:19:HAL_DMA_Abort_IT	16	static
../Drivers/STM32F7xx_HAL_Driver/Src/stm32f7xx_hal_dma.c:617:19:HAL_DMA_PollForTransfer	48	static
../Drivers/STM32F7xx_HAL_Driver/Src/stm32f7xx_hal_dma.c:757:6:HAL_DMA_IRQHandler	32	static
../Drivers/STM32F7xx_HAL_Driver/Src/stm32f7xx_hal_dma.c:980:19:HAL_DMA_RegisterCallback	32	static
../Drivers/STM32F7xx_HAL_Driver/Src/stm32f7xx_hal_dma.c:1044:19:HAL_DMA_UnRegisterCallback	24	static
../Drivers/STM32F7xx_HAL_Driver/Src/stm32f7xx_hal_dma.c:1130:22:HAL_DMA_GetState	16	static
../Drivers/STM32F7xx_HAL_Driver/Src/stm32f7xx_hal_dma.c:1141:10:HAL_DMA_GetError	16	static
../Drivers/STM32F7xx_HAL_Driver/Src/stm32f7xx_hal_dma.c:1167:13:DMA_SetConfig	24	static
../Drivers/STM32F7xx_HAL_Driver/Src/stm32f7xx_hal_dma.c:1202:17:DMA_CalcBaseAndBitshift	24	static
../Drivers/STM32F7xx_HAL_Driver/Src/stm32f7xx_hal_dma.c:1233:26:DMA_CheckFifoParam	24	static
