00:32:14 **** Incremental Build of configuration Debug for project BomberMan ****
make -j8 all 
arm-none-eabi-gcc "../MyLib/joystick.c" -mcpu=cortex-m7 -std=gnu11 -g3 -DDEBUG -DUSE_HAL_DRIVER -DSTM32F767xx -c -I../Core/Inc -I../Drivers/ILI9341 -I../Drivers/STM32F7xx_HAL_Driver/Inc -I../Drivers/STM32F7xx_HAL_Driver/Inc/Legacy -I../Drivers/CMSIS/Device/ST/STM32F7xx/Include -I../Drivers/CMSIS/Include -O0 -ffunction-sections -fdata-sections -Wall -fstack-usage -fcyclomatic-complexity -MMD -MP -MF"MyLib/joystick.d" -MT"MyLib/joystick.o" --specs=nano.specs -mfpu=fpv5-d16 -mfloat-abi=hard -mthumb -o "MyLib/joystick.o"
../MyLib/joystick.c: In function 'convertToDirection':
../MyLib/joystick.c:27:25: warning: unused variable 'HALF' [-Wunused-variable]
   27 |         static uint16_t HALF = 4096 / 2;
      |                         ^~~~
../MyLib/joystick.c:26:25: warning: unused variable 'MAX' [-Wunused-variable]
   26 |         static uint16_t MAX = 4096;
      |                         ^~~
../MyLib/joystick.c:25:25: warning: unused variable 'MIN' [-Wunused-variable]
   25 |         static uint16_t MIN = 0;
      |                         ^~~
At top level:
../MyLib/joystick.c:25:25: warning: 'MIN' defined but not used [-Wunused-variable]
../MyLib/joystick.c:26:25: warning: 'MAX' defined but not used [-Wunused-variable]
   26 |         static uint16_t MAX = 4096;
      |                         ^~~
../MyLib/joystick.c:27:25: warning: 'HALF' defined but not used [-Wunused-variable]
   27 |         static uint16_t HALF = 4096 / 2;
      |                         ^~~~
arm-none-eabi-gcc -o "BomberMan.elf" @"objects.list"   -mcpu=cortex-m7 -T"D:\A My Project\01 KMITL Project\KMITL-2023-S1-Microcontroller\BomberMan\STM32F767ZITX_FLASH.ld" --specs=nosys.specs -Wl,-Map="BomberMan.map" -Wl,--gc-sections -static --specs=nano.specs -mfpu=fpv5-d16 -mfloat-abi=hard -mthumb -u _printf_float -u _scanf_float -Wl,--start-group -lc -lm -Wl,--end-group
Finished building target: BomberMan.elf
 
arm-none-eabi-size   BomberMan.elf 
arm-none-eabi-objdump -h -S  BomberMan.elf  > "BomberMan.list"
   text	   data	    bss	    dec	    hex	filename
  46504	    476	   2708	  49688	   c218	BomberMan.elf
Finished building: default.size.stdout
 
Finished building: BomberMan.list
 

00:32:16 Build Finished. 0 errors, 6 warnings. (took 2s.464ms)

