16:02:02 **** Incremental Build of configuration Debug for project SpecialCase-01 ****
make -j8 all 
arm-none-eabi-gcc "../Core/Src/main.c" -mcpu=cortex-m7 -std=gnu11 -g3 -DDEBUG -DUSE_HAL_DRIVER -DSTM32F767xx -c -I../Core/Inc -IC:/Users/sunsu/STM32Cube/Repository/STM32Cube_FW_F7_V1.17.1/Drivers/STM32F7xx_HAL_Driver/Inc -IC:/Users/sunsu/STM32Cube/Repository/STM32Cube_FW_F7_V1.17.1/Drivers/STM32F7xx_HAL_Driver/Inc/Legacy -IC:/Users/sunsu/STM32Cube/Repository/STM32Cube_FW_F7_V1.17.1/Drivers/CMSIS/Device/ST/STM32F7xx/Include -IC:/Users/sunsu/STM32Cube/Repository/STM32Cube_FW_F7_V1.17.1/Drivers/CMSIS/Include -O0 -ffunction-sections -fdata-sections -Wall -fstack-usage -fcyclomatic-complexity -MMD -MP -MF"Core/Src/main.d" -MT"Core/Src/main.o" --specs=nano.specs -mfpu=fpv5-d16 -mfloat-abi=hard -mthumb -o "Core/Src/main.o"
../Core/Src/main.c: In function 'showReceivedMessage':
../Core/Src/main.c:157:31: warning: '%s' directive writing up to 99 bytes into a region of size between 46 and 95 [-Wformat-overflow=]
  157 |         sprintf(text,"\t %s : %s\r\n", coUserName, receivedMessage);
      |                               ^~                   ~~~~~~~~~~~~~~~
../Core/Src/main.c:157:9: note: 'sprintf' output between 8 and 156 bytes into a destination of size 100
  157 |         sprintf(text,"\t %s : %s\r\n", coUserName, receivedMessage);
      |         ^~~~~~~~~~~~~~~~~~~~~~~~~~~~~~~~~~~~~~~~~~~~~~~~~~~~~~~~~~~
arm-none-eabi-gcc -o "SpecialCase-01.elf" @"objects.list"   -mcpu=cortex-m7 -T"D:\A My Project\01 KMITL Project\KMITL-2023-S1-Microcontroller\SpecialCase-01\STM32F767ZITX_FLASH.ld" --specs=nosys.specs -Wl,-Map="SpecialCase-01.map" -Wl,--gc-sections -static --specs=nano.specs -mfpu=fpv5-d16 -mfloat-abi=hard -mthumb -Wl,--start-group -lc -lm -Wl,--end-group
Finished building target: SpecialCase-01.elf
 
arm-none-eabi-size   SpecialCase-01.elf 
arm-none-eabi-objdump -h -S  SpecialCase-01.elf  > "SpecialCase-01.list"
   text	   data	    bss	    dec	    hex	filename
  19804	    108	   2452	  22364	   575c	SpecialCase-01.elf
Finished building: default.size.stdout
 
Finished building: SpecialCase-01.list
 

16:02:04 Build Finished. 0 errors, 1 warnings. (took 1s.488ms)

