../MyLib/my_lcd.c:11:6:fillScreenColor	16	static
../MyLib/my_lcd.c:16:6:clearScreenArea	24	static
../MyLib/my_lcd.c:22:6:setRotation	16	static
../MyLib/my_lcd.c:27:6:drawText	24	static
../MyLib/my_lcd.c:32:6:drawTextAtPoint	24	static
../MyLib/my_lcd.c:37:6:drawTextWithColor	24	static
../MyLib/my_lcd.c:43:6:drawTextWithColorAtPoint	32	static
../MyLib/my_lcd.c:49:6:drawPixel	16	static
../MyLib/my_lcd.c:54:6:drawPixelByPoint	16	static
../MyLib/my_lcd.c:60:6:drawHollowRectangle	32	static
../MyLib/my_lcd.c:65:6:drawHollowRectangleAtCoord	40	static
../MyLib/my_lcd.c:70:6:drawFilledRectangle	32	static
../MyLib/my_lcd.c:75:6:drawFilledRectangleAtCoord	40	static
../MyLib/my_lcd.c:80:6:drawHorizontalLine	24	static
../MyLib/my_lcd.c:85:6:drawHorizontalLineAtPoint	16	static
../MyLib/my_lcd.c:90:6:drawVerticallLine	24	static
../MyLib/my_lcd.c:95:6:drawVerticalLineAtPoint	16	static
../MyLib/my_lcd.c:100:6:drawHollowCircle	24	static
../MyLib/my_lcd.c:105:6:drawHollowCircleAtCoord	24	static
../MyLib/my_lcd.c:110:6:drawFilledCircle	24	static
../MyLib/my_lcd.c:115:6:drawFilledCircleAtCoord	24	static
../MyLib/my_lcd.c:120:6:drawImage	16	static
../MyLib/my_lcd.c:125:6:drawImageAtPoint	552	static
../MyLib/my_lcd.c:165:11:getImageArea	32	static
../MyLib/my_lcd.c:177:10:getCircleEdgeX	16	static
../MyLib/my_lcd.c:182:10:getCircleEdgeY	16	static
../MyLib/my_lcd.c:187:10:getCircleEdgeXNegative	16	static
../MyLib/my_lcd.c:192:10:getCircleEdgeYNegative	16	static
